Component: ARM Compiler 5.06 update 7 (build 960) Tool: armlink [4d3601]

==============================================================================

Section Cross References

    main.o(i.add_device) refers to main.o(.bss) for device_list
    main.o(i.add_device) refers to main.o(.data) for device_counter
    main.o(i.application_timers_start) refers to app_timer2.o(i.app_timer_start) for app_timer_start
    main.o(i.application_timers_start) refers to app_error.o(i.app_error_handler_bare) for app_error_handler_bare
    main.o(i.application_timers_start) refers to main.o(.constdata) for m_second_timer_id
    main.o(i.assert_nrf_callback) refers to app_error_handler_keil.o(.emb_text) for app_error_handler
    main.o(i.ble_dfu_c_evt_handler) refers to nrf_log_frontend.o(i.nrf_log_frontend_std_0) for nrf_log_frontend_std_0
    main.o(i.ble_dfu_c_evt_handler) refers to ble_dfu_c.o(i.ble_dfu_c_handles_assign) for ble_dfu_c_handles_assign
    main.o(i.ble_dfu_c_evt_handler) refers to app_error.o(i.app_error_handler_bare) for app_error_handler_bare
    main.o(i.ble_dfu_c_evt_handler) refers to ble_dfu_c.o(i.ble_dfu_c_tx_notif_enable) for ble_dfu_c_tx_notif_enable
    main.o(i.ble_dfu_c_evt_handler) refers to main.o(i.ble_dfu_control_point_received) for ble_dfu_control_point_received
    main.o(i.ble_dfu_c_evt_handler) refers to main.o(i.scan_start) for scan_start
    main.o(i.ble_dfu_c_evt_handler) refers to nrf_log_frontend.o(log_const_data) for m_nrf_log_app_logs_data_const
    main.o(i.ble_dfu_c_evt_handler) refers to main.o(.data) for _flags
    main.o(i.ble_dfu_control_point_received) refers to nrf_log_frontend.o(i.nrf_log_frontend_std_0) for nrf_log_frontend_std_0
    main.o(i.ble_dfu_control_point_received) refers to nrf_log_frontend.o(i.nrf_log_frontend_hexdump) for nrf_log_frontend_hexdump
    main.o(i.ble_dfu_control_point_received) refers to nrf_log_frontend.o(i.nrf_log_frontend_std_1) for nrf_log_frontend_std_1
    main.o(i.ble_dfu_control_point_received) refers to nrf_log_frontend.o(i.nrf_log_frontend_std_2) for nrf_log_frontend_std_2
    main.o(i.ble_dfu_control_point_received) refers to crc32.o(i.crc32_compute) for crc32_compute
    main.o(i.ble_dfu_control_point_received) refers to main.o(i.div_up) for div_up
    main.o(i.ble_dfu_control_point_received) refers to nrf_log_frontend.o(log_const_data) for m_nrf_log_app_logs_data_const
    main.o(i.ble_dfu_control_point_received) refers to main.o(.data) for who_sending
    main.o(i.ble_dfu_control_point_received) refers to main.o(.bss) for resp_com
    main.o(i.ble_evt_handler) refers to bsp.o(i.bsp_indication_set) for bsp_indication_set
    main.o(i.ble_evt_handler) refers to app_error.o(i.app_error_handler_bare) for app_error_handler_bare
    main.o(i.ble_evt_handler) refers to main.o(i.get_device_idx) for get_device_idx
    main.o(i.ble_evt_handler) refers to main.o(i.get_device) for get_device
    main.o(i.ble_evt_handler) refers to ble_dfu_c.o(i.ble_dfu_c_handles_assign) for ble_dfu_c_handles_assign
    main.o(i.ble_evt_handler) refers to app_timer2.o(i.app_timer_start) for app_timer_start
    main.o(i.ble_evt_handler) refers to ble_nus_c.o(i.ble_nus_c_handles_assign) for ble_nus_c_handles_assign
    main.o(i.ble_evt_handler) refers to ble_db_discovery.o(i.ble_db_discovery_start) for ble_db_discovery_start
    main.o(i.ble_evt_handler) refers to app_timer2.o(i.app_timer_stop) for app_timer_stop
    main.o(i.ble_evt_handler) refers to nrf_log_frontend.o(i.nrf_log_frontend_std_2) for nrf_log_frontend_std_2
    main.o(i.ble_evt_handler) refers to nrf_log_frontend.o(i.nrf_log_frontend_std_0) for nrf_log_frontend_std_0
    main.o(i.ble_evt_handler) refers to main.o(.data) for _flags
    main.o(i.ble_evt_handler) refers to main.o(.bss) for m_ble_dfu_c
    main.o(i.ble_evt_handler) refers to main.o(.constdata) for m_dfu_tx_timer_id
    main.o(i.ble_evt_handler) refers to nrf_log_frontend.o(log_const_data) for m_nrf_log_app_logs_data_const
    main.o(i.ble_nus_c_evt_handler) refers to nrf_log_frontend.o(i.nrf_log_frontend_std_0) for nrf_log_frontend_std_0
    main.o(i.ble_nus_c_evt_handler) refers to ble_nus_c.o(i.ble_nus_c_handles_assign) for ble_nus_c_handles_assign
    main.o(i.ble_nus_c_evt_handler) refers to app_error.o(i.app_error_handler_bare) for app_error_handler_bare
    main.o(i.ble_nus_c_evt_handler) refers to ble_nus_c.o(i.ble_nus_c_tx_notif_enable) for ble_nus_c_tx_notif_enable
    main.o(i.ble_nus_c_evt_handler) refers to memseta.o(.text) for __aeabi_memclr
    main.o(i.ble_nus_c_evt_handler) refers to memcpya.o(.text) for __aeabi_memcpy
    main.o(i.ble_nus_c_evt_handler) refers to main.o(i.scan_start) for scan_start
    main.o(i.ble_nus_c_evt_handler) refers to nrf_log_frontend.o(log_const_data) for m_nrf_log_app_logs_data_const
    main.o(i.ble_nus_c_evt_handler) refers to main.o(.bss) for ble_rx
    main.o(i.ble_nus_c_evt_handler) refers to main.o(.data) for _flags
[...]
    nrfx_uarte_tx_in_progress                0x0002f12d   Thumb Code    26  nrfx_uarte.o(i.nrfx_uarte_tx_in_progress)
    nrfx_uarte_uninit                        0x0002f14d   Thumb Code   142  nrfx_uarte.o(i.nrfx_uarte_uninit)
    rx_message                               0x00030be1   Thumb Code   348  uart.o(i.rx_message)
    second_f                                 0x000311e9   Thumb Code   112  main.o(i.second_f)
    send_error                               0x00031279   Thumb Code    82  uart.o(i.send_error)
    send_message                             0x000312d1   Thumb Code    46  uart.o(i.send_message)
    send_process_firmware                    0x00031315   Thumb Code    90  main.o(i.send_process_firmware)
    set_error                                0x000313fd   Thumb Code    24  uart.o(i.set_error)
    tx_message                               0x00031891   Thumb Code   302  uart.o(i.tx_message)
    uart_event_handle                        0x000319e1   Thumb Code    76  uart.o(i.uart_event_handle)
    uart_repair_timer_restart                0x00031d0b   Thumb Code    12  uart.o(i.uart_repair_timer_restart)
    uart_repair_timer_start                  0x00031d19   Thumb Code    18  uart.o(i.uart_repair_timer_start)
    uart_repair_timer_stop                   0x00031d31   Thumb Code    12  uart.o(i.uart_repair_timer_stop)
    uart_rx_f                                0x00031d41   Thumb Code   128  main.o(i.uart_rx_f)
    uart_start                               0x00031dc9   Thumb Code    24  uart.o(i.uart_start)
    uart_tx_buff_clear                       0x00031de1   Thumb Code    12  uart.o(i.uart_tx_buff_clear)
    uart_waiting_timer_restart               0x00031e99   Thumb Code    12  uart.o(i.uart_waiting_timer_restart)
    uart_waiting_timer_start                 0x00031ea5   Thumb Code    18  uart.o(i.uart_waiting_timer_start)
    uart_waiting_timer_stop                  0x00031ebd   Thumb Code    12  uart.o(i.uart_waiting_timer_stop)
    wait_for_flash_ready                     0x00032115   Thumb Code    18  memory_storage.o(i.wait_for_flash_ready)
    DEV_NAME                                 0x000321e0   Data          17  main.o(.constdata)
    DFU_NAME                                 0x000321f1   Data          19  main.o(.constdata)
    UART_TX_TIMER                            0x00032240   Data           8  uart.o(.constdata)
    nrf_fstorage_sd                          0x00032584   Data          32  nrf_fstorage_sd.o(.constdata)
    nrf_log_backend_rtt_api                  0x00032610   Data          12  nrf_log_backend_rtt.o(.constdata)
    m_ram_start                              0x000326b8   Data           4  nrf_sdh_ble.o(.constdata)
    __ctype_table                            0x000326d8   Data         129  ctype_o.o(.constdata)
    Region$$Table$$Base                      0x00033110   Number         0  anon$$obj.o(Region$$Table)
    Region$$Table$$Limit                     0x00033130   Number         0  anon$$obj.o(Region$$Table)
    log_const_data$$Base                     0x00033140   Number         0  ble_db_discovery.o(log_const_data)
    m_nrf_log_ble_db_disc_logs_data_const    0x00033140   Data           8  ble_db_discovery.o(log_const_data)
    m_nrf_log_nrf_ble_gatt_logs_data_const   0x00033148   Data           8  nrf_ble_gatt.o(log_const_data)
    m_nrf_log_nrf_ble_gq_logs_data_const     0x00033150   Data           8  nrf_ble_gq.o(log_const_data)
    m_nrf_log_ble_scan_logs_data_const       0x00033158   Data           8  nrf_ble_scan.o(log_const_data)
    m_nrf_log_ble_nus_c_logs_data_const      0x00033160   Data           8  ble_nus_c.o(log_const_data)
    m_nrf_log_ble_dfu_c_logs_data_const      0x00033168   Data           8  ble_dfu_c.o(log_const_data)
    m_nrf_log_clock_logs_data_const          0x00033170   Data           8  nrf_drv_clock.o(log_const_data)
    m_nrf_log_CLOCK_logs_data_const          0x00033178   Data           8  nrfx_clock.o(log_const_data)
    m_nrf_log_GPIOTE_logs_data_const         0x00033180   Data           8  nrfx_gpiote.o(log_const_data)
    m_nrf_log_PRS_logs_data_const            0x00033188   Data           8  nrfx_prs.o(log_const_data)
    m_nrf_log_UART_logs_data_const           0x00033190   Data           8  nrfx_uart.o(log_const_data)
    m_nrf_log_TIMER_logs_data_const          0x00033198   Data           8  nrfx_timer.o(log_const_data)
    m_nrf_log_UARTE_logs_data_const          0x000331a0   Data           8  nrfx_uarte.o(log_const_data)
    m_nrf_log_app_timer_logs_data_const      0x000331a8   Data           8  app_timer2.o(log_const_data)
    m_nrf_log_sortlist_logs_data_const       0x000331b0   Data           8  nrf_sortlist.o(log_const_data)
    m_nrf_log_nrf_fstorage_logs_data_const   0x000331b8   Data           8  nrf_fstorage.o(log_const_data)
    m_nrf_log_app_logs_data_const            0x000331c0   Data           8  nrf_log_frontend.o(log_const_data)
    m_nrf_log_nrf_sdh_logs_data_const        0x000331c8   Data           8  nrf_sdh.o(log_const_data)
    m_nrf_log_nrf_sdh_ble_logs_data_const    0x000331d0   Data           8  nrf_sdh_ble.o(log_const_data)
    m_nrf_log_nrf_sdh_soc_logs_data_const    0x000331d8   Data           8  nrf_sdh_soc.o(log_const_data)
    log_const_data$$Limit                    0x000331e0   Number         0  nrf_sdh_soc.o(log_const_data)
    m_ble_gatt_queuepool                     0x000331e0   Data          20  main.o(nrf_balloc)
    log_mempool                              0x000331f4   Data          20  nrf_log_frontend.o(nrf_balloc)
    m_ble_gatt_queuepurge_queue              0x00033208   Data          20  main.o(nrf_queue)
    sdh_ble_observers1$$Base                 0x0003321c   Number         0  main.o(sdh_ble_observers1)
    sdh_ble_observers1$$Limit                0x0003323c   Number         0  main.o(sdh_ble_observers1)
    sdh_ble_observers2$$Base                 0x0003323c   Number         0  main.o(sdh_ble_observers2)
    sdh_ble_observers2$$Limit                0x0003324c   Number         0  main.o(sdh_ble_observers2)
    sdh_ble_observers3$$Base                 0x0003324c   Number         0  main.o(sdh_ble_observers3)
    m_req_obs                                0x00033254   Data           8  nrf_fstorage_sd.o(sdh_req_observers0)
    sdh_ble_observers3$$Limit                0x00033254   Number         0  main.o(sdh_ble_observers3)
    sdh_req_observers0$$Base                 0x00033254   Number         0  nrf_fstorage_sd.o(sdh_req_observers0)
    sdh_req_observers0$$Limit                0x0003325c   Number         0  nrf_fstorage_sd.o(sdh_req_observers0)
    sdh_soc_observers0$$Base                 0x0003325c   Number         0  nrf_drv_clock.o(sdh_soc_observers0)
    sdh_soc_observers0$$Limit                0x0003326c   Number         0  nrf_fstorage_sd.o(sdh_soc_observers0)
    sdh_stack_observers0$$Base               0x0003326c   Number         0  nrf_sdh_ble.o(sdh_stack_observers0)
    sdh_stack_observers0$$Limit              0x0003327c   Number         0  nrf_sdh_soc.o(sdh_stack_observers0)
    sdh_state_observers0$$Base               0x0003327c   Number         0  nrf_drv_clock.o(sdh_state_observers0)
    sdh_state_observers0$$Limit              0x0003328c   Number         0  nrf_fstorage_sd.o(sdh_state_observers0)
    Image$$RW_IRAM1$$Base                    0x20002a38   Number         0  anon$$obj.o ABSOLUTE
    resp_sel_com_ok                          0x20002a38   Data           1  main.o(.data)
    resp_step                                0x20002a39   Data           1  main.o(.data)
    dongle_dfu_ip_ptr                        0x20002a3c   Data           4  main.o(.data)
    init_packet_is_sending                   0x20002a40   Data           1  main.o(.data)
    dongle_dfu_fi_ptr                        0x20002a44   Data           4  main.o(.data)
    firmware_image_is_sending                0x20002a48   Data           1  main.o(.data)
    dfu_prn_counter                          0x20002a4a   Data           2  main.o(.data)
    dfu_data_object_counter                  0x20002a4c   Data           4  main.o(.data)
    dfu_data_object_len                      0x20002a50   Data           4  main.o(.data)
    dfu_process_percent                      0x20002a54   Data           1  main.o(.data)
    device_selected_idx                      0x20002a55   Data           1  main.o(.data)
    device_selected_addr                     0x20002a56   Data           6  main.o(.data)
    device_counter                           0x20002a5c   Data           1  main.o(.data)
    ble_packets                              0x20002a5e   Data           6  main.o(.data)
    who_sending                              0x20002a64   Data           1  main.o(.data)
    send_data_offset                         0x20002a66   Data           2  main.o(.data)
    data_to_send_len                         0x20002a68   Data           2  main.o(.data)
    dfu_delay_counter                        0x20002ab0   Data           1  main.o(.data)
    _flags                                   0x20002ab4   Data           4  main.o(.data)
    temperature                              0x20002ab8   Data           4  main.o(.data)
    statRxDTbits                             0x200030f8   Data           4  uart.o(.data)
    statTxDTbits                             0x200030fc   Data           4  uart.o(.data)
    RCREG                                    0x20003100   Data           1  uart.o(.data)
    TXREG                                    0x20003101   Data           1  uart.o(.data)
    idx                                      0x20003102   Data           1  uart.o(.data)
    countStartRx                             0x20003103   Data           1  uart.o(.data)
    countStringRx                            0x20003104   Data           1  uart.o(.data)
    countRxBuf                               0x20003105   Data           1  uart.o(.data)
    countStartTx                             0x20003106   Data           1  uart.o(.data)
    countStringTx                            0x20003107   Data           1  uart.o(.data)
    countTxBuf                               0x20003108   Data           1  uart.o(.data)
    uart_data_len                            0x20003109   Data           1  uart.o(.data)
    uart_crc_result                          0x2000310a   Data           1  uart.o(.data)
    uart_error_type                          0x2000310b   Data           1  uart.o(.data)
    uart_packets                             0x2000310c   Data           6  uart.o(.data)
    offset                                   0x20003114   Data           4  memory_storage.o(.data)
    size                                     0x20003118   Data           4  memory_storage.o(.data)
    nrf_drv_uart_use_easy_dma                0x20003188   Data           1  nrf_drv_uart.o(.data)
    SystemCoreClock                          0x20003258   Data           4  system_nrf52.o(.data)
    fs_data$$Base                            0x2000325c   Number         0  memory_storage.o(fs_data)
    fstorage                                 0x2000325c   Data          20  memory_storage.o(fs_data)
    fs_data$$Limit                           0x20003270   Number         0  memory_storage.o(fs_data)
    resp_com                                 0x20003270   Data          20  main.o(.bss)
    dongle_dfu_ip                            0x20003284   Data          20  main.o(.bss)
    dongle_dfu_fi                            0x20003298   Data          20  main.o(.bss)
    device_list                              0x200032ac   Data         660  main.o(.bss)
    ble_rx                                   0x20003540   Data         130  main.o(.bss)
    ble_tx                                   0x200035c2   Data         130  main.o(.bss)
    data_to_send                             0x20003644   Data          20  main.o(.bss)
    uart_rx_buff                             0x200038a8   Data         128  uart.o(.bss)
    uart_tx_buff                             0x20003928   Data         128  uart.o(.bss)
    image_data                               0x20003ba8   Data         256  memory_storage.o(.bss)
    nrf_nvic_state                           0x20003f64   Data          12  app_util_platform.o(.bss)
    _SEGGER_RTT                              0x200045d8   Data         120  segger_rtt.o(.bss)
    __initial_sp                             0x20006860   Data           0  arm_startup_nrf52.o(STACK)



==============================================================================

Memory Map of the image

  Image Entry point : 0x00026201

  Load Region LR_IROM1 (Base: 0x00026000, Size: 0x0000dac4, Max: 0x0005a000, ABSOLUTE, COMPRESSED[0x0000d31c])

    Execution Region ER_IROM1 (Exec base: 0x00026000, Load base: 0x00026000, Size: 0x0000d28c, Max: 0x0005a000, ABSOLUTE)

    Exec Addr    Load Addr    Size         Type   Attr      Idx    E Section Name        Object

    0x00026000   0x00026000   0x00000200   Data   RO         6568    RESET               arm_startup_nrf52.o
    0x00026200   0x00026200   0x00000000   Code   RO         6664  * .ARM.Collect$$$$00000000  mc_w.l(entry.o)
    0x00026200   0x00026200   0x00000004   Code   RO         6713    .ARM.Collect$$$$00000001  mc_w.l(entry2.o)
    0x00026204   0x00026204   0x00000004   Code   RO         6716    .ARM.Collect$$$$00000004  mc_w.l(entry5.o)
    0x00026208   0x00026208   0x00000000   Code   RO         6718    .ARM.Collect$$$$00000008  mc_w.l(entry7b.o)
    0x00026208   0x00026208   0x00000000   Code   RO         6720    .ARM.Collect$$$$0000000A  mc_w.l(entry8b.o)
    0x00026208   0x00026208   0x00000008   Code   RO         6721    .ARM.Collect$$$$0000000B  mc_w.l(entry9a.o)
    0x00026210   0x00026210   0x00000004   Code   RO         6728    .ARM.Collect$$$$0000000E  mc_w.l(entry12b.o)
    0x00026214   0x00026214   0x00000000   Code   RO         6723    .ARM.Collect$$$$0000000F  mc_w.l(entry10a.o)
    0x00026214   0x00026214   0x00000000   Code   RO         6725    .ARM.Collect$$$$00000011  mc_w.l(entry11a.o)
    0x00026214   0x00026214   0x00000004   Code   RO         6714    .ARM.Collect$$$$00002712  mc_w.l(entry2.o)
    0x00026218   0x00026218   0x000000c8   Code   RO         4652    .emb_text           nrf_atfifo.o
    0x000262e0   0x000262e0   0x000000e2   Code   RO         4725    .emb_text           nrf_atomic.o
    0x000263c2   0x000263c2   0x00000002   PAD
    0x000263c4   0x000263c4   0x00000024   Code   RO         6569    .text               arm_startup_nrf52.o
    0x000263e8   0x000263e8   0x00000062   Code   RO         6667    .text               mc_w.l(uldiv.o)
    0x0002644a   0x0002644a   0x00000020   Code   RO         6669    .text               mc_w.l(llushr.o)
    0x0002646a   0x0002646a   0x00000002   PAD
    0x0002646c   0x0002646c   0x00000008   Code   RO         6671    .text               mc_w.l(ctype_o.o)
    0x00026474   0x00026474   0x00000024   Code   RO         6699    .text               mc_w.l(memcpya.o)
    0x00026498   0x00026498   0x00000024   Code   RO         6701    .text               mc_w.l(memseta.o)
    0x000264bc   0x000264bc   0x0000000e   Code   RO         6703    .text               mc_w.l(strlen.o)
    0x000264ca   0x000264ca   0x0000001c   Code   RO         6705    .text               mc_w.l(strcmp.o)
    0x000264e6   0x000264e6   0x0000001a   Code   RO         6707    .text               mc_w.l(memcmp.o)
    0x00026500   0x00026500   0x00000012   Code   RO         6709    .text               mc_w.l(strcpy.o)
    0x00026512   0x00026512   0x0000001e   Code   RO         6729    .text               mc_w.l(llshl.o)
    0x00026530   0x00026530   0x00000024   Code   RO         6731    .text               mc_w.l(init.o)
    0x00026554   0x00026554   0x00000056   Code   RO         6741    .text               mc_w.l(__dczerorl2.o)
    0x000265aa   0x000265aa   0x00000002   PAD
    0x000265ac   0x000265ac   0x000000bc   Code   RO         2780    i.GPIOTE_IRQHandler  nrfx_gpiote.o
    0x00026668   0x00026668   0x00000008   Code   RO          567    i.GetUART_RX        uart.o
    0x00026670   0x00026670   0x00000008   Code   RO          569    i.GetUART_addr      uart.o
    0x00026678   0x00026678   0x00000008   Code   RO          570    i.GetUART_com       uart.o
    0x00026680   0x00026680   0x00000008   Code   RO          571    i.GetUART_dat       uart.o
    0x00026688   0x00026688   0x0000000c   Code   RO          572    i.GetUART_data_len  uart.o
    0x00026694   0x00026694   0x00000008   Code   RO          573    i.GetUART_len       uart.o
    0x0002669c   0x0002669c   0x00000054   Code   RO         2612    i.POWER_CLOCK_IRQHandler  nrfx_clock.o
    0x000266f0   0x000266f0   0x00000018   Code   RO         4388    i.RTC1_IRQHandler   drv_rtc.o
    0x00026708   0x00026708   0x00000008   Code   RO         6091    i.SEGGER_RTT_Init   segger_rtt.o
    0x00026710   0x00026710   0x00000084   Code   RO         6105    i.SEGGER_RTT_WriteNoLock  segger_rtt.o
    0x00026794   0x00026794   0x00000008   Code   RO         6343    i.SWI2_EGU2_IRQHandler  nrf_sdh.o
    0x0002679c   0x0002679c   0x00000030   Code   RO          575    i.SetUART_TX        uart.o
    0x000267cc   0x000267cc   0x00000010   Code   RO         6576    i.SystemCoreClockUpdate  system_nrf52.o
    0x000267dc   0x000267dc   0x00000298   Code   RO         6577    i.SystemInit        system_nrf52.o
    0x00026a74   0x00026a74   0x00000018   Code   RO         3449    i.TIMER1_IRQHandler  nrfx_timer.o
    0x00026a8c   0x00026a8c   0x00000010   Code   RO         3150    i.UARTE0_UART0_IRQHandler  nrfx_prs.o
    0x00026a9c   0x00026a9c   0x00000070   Code   RO         6109    i._DoInit           segger_rtt.o
    0x00026b0c   0x00026b0c   0x0000001c   Code   RO         6110    i._GetAvailWriteSpace  segger_rtt.o
    0x00026b28   0x00026b28   0x00000072   Code   RO         6112    i._WriteBlocking    segger_rtt.o
    0x00026b9a   0x00026b9a   0x0000004c   Code   RO         6113    i._WriteNoCheck     segger_rtt.o
    0x00026be6   0x00026be6   0x0000000e   Code   RO         6735    i.__scatterload_copy  mc_w.l(handlers.o)
    0x00026bf4   0x00026bf4   0x00000002   Code   RO         6736    i.__scatterload_null  mc_w.l(handlers.o)
    0x00026bf6   0x00026bf6   0x0000000e   Code   RO         6737    i.__scatterload_zeroinit  mc_w.l(handlers.o)
    0x00026c04   0x00026c04   0x00000038   Code   RO         6344    i.__sd_nvic_app_accessible_irq  nrf_sdh.o
    0x00026c3c   0x00026c3c   0x0000000c   Code   RO         4310    i.__sd_nvic_irq_disable  app_util_platform.o
    0x00026c48   0x00026c48   0x00000068   Code   RO            4    i.add_device        main.o
    0x00026cb0   0x00026cb0   0x00000010   Code   RO         5581    i.addr_is_aligned32  nrf_fstorage.o
    0x00026cc0   0x00026cc0   0x00000014   Code   RO         5582    i.addr_is_page_aligned  nrf_fstorage.o
    0x00026cd4   0x00026cd4   0x0000001c   Code   RO         5583    i.addr_is_within_bounds  nrf_fstorage.o
    0x00026cf0   0x00026cf0   0x00000036   Code   RO         1907    i.adv_name_compare  nrf_ble_scan.o
    0x00026d26   0x00026d26   0x00000034   Code   RO            5    i.adv_report_parse  main.o
    0x00026d5a   0x00026d5a   0x00000062   Code   RO         1908    i.adv_uuid_compare  nrf_ble_scan.o
    0x00026dbc   0x00026dbc   0x0000000c   Code   RO         1155    i.alert_timer_handler  bsp.o
    0x00026dc8   0x00026dc8   0x000000c0   Code   RO         3899    i.app_error_fault_handler  app_error_weak.o
    0x00026e88   0x00026e88   0x0000001c   Code   RO         3843    i.app_error_handler_bare  app_error.o
    0x00026ea4   0x00026ea4   0x0000000a   Code   RO         3929    i.app_fifo_flush    app_fifo.o
    0x00026eae   0x00026eae   0x0000001e   Code   RO         3930    i.app_fifo_get      app_fifo.o
    0x00026ecc   0x00026ecc   0x00000024   Code   RO         3931    i.app_fifo_init     app_fifo.o
    0x00026ef0   0x00026ef0   0x00000022   Code   RO         3933    i.app_fifo_put      app_fifo.o
    0x00026f12   0x00026f12   0x00000002   PAD
    0x00026f14   0x00026f14   0x00000010   Code   RO         4069    i.app_timer_cnt_get  app_timer2.o
    0x00026f24   0x00026f24   0x00000028   Code   RO         4070    i.app_timer_create  app_timer2.o
    0x00026f4c   0x00026f4c   0x00000070   Code   RO         4071    i.app_timer_init    app_timer2.o
    0x00026fbc   0x00026fbc   0x0000005e   Code   RO         4074    i.app_timer_start   app_timer2.o
    0x0002701a   0x0002701a   0x00000046   Code   RO         4075    i.app_timer_stop    app_timer2.o
    0x00027060   0x00027060   0x00000028   Code   RO          576    i.app_timers_init   uart.o
    0x00027088   0x00027088   0x00000034   Code   RO         4228    i.app_uart_close    app_uart_fifo.o
    0x000270bc   0x000270bc   0x00000034   Code   RO         4229    i.app_uart_flush    app_uart_fifo.o
    0x000270f0   0x000270f0   0x00000054   Code   RO         4230    i.app_uart_get      app_uart_fifo.o
    0x00027144   0x00027144   0x000000dc   Code   RO         4231    i.app_uart_init     app_uart_fifo.o
    0x00027220   0x00027220   0x0000006c   Code   RO         4232    i.app_uart_put      app_uart_fifo.o
    0x0002728c   0x0002728c   0x0000000c   Code   RO         4311    i.app_util_critical_region_enter  app_util_platform.o
    0x00027298   0x00027298   0x00000048   Code   RO         4312    i.app_util_critical_region_exit  app_util_platform.o
    0x000272e0   0x000272e0   0x0000002c   Code   RO            6    i.application_timers_start  main.o
    0x0002730c   0x0002730c   0x0000007c   Code   RO         3204    i.apply_config      nrfx_uart.o
    0x00027388   0x00027388   0x0000007c   Code   RO         3618    i.apply_config      nrfx_uarte.o
    0x00027404   0x00027404   0x0000003c   Code   RO         5817    i.backend_id_assign  nrf_log_frontend.o
    0x00027440   0x00027440   0x0000004e   Code   RO         1312    i.ble_advdata_name_find  ble_advdata.o
    0x0002748e   0x0002748e   0x0000005c   Code   RO         1314    i.ble_advdata_search  ble_advdata.o
    0x000274ea   0x000274ea   0x000000d0   Code   RO         1316    i.ble_advdata_uuid_find  ble_advdata.o
    0x000275ba   0x000275ba   0x00000002   PAD
    0x000275bc   0x000275bc   0x00000034   Code   RO         1461    i.ble_db_discovery_evt_register  ble_db_discovery.o
    0x000275f0   0x000275f0   0x00000054   Code   RO         1462    i.ble_db_discovery_init  ble_db_discovery.o
    0x00027644   0x00027644   0x00000070   Code   RO         1463    i.ble_db_discovery_on_ble_evt  ble_db_discovery.o
    0x000276b4   0x000276b4   0x00000048   Code   RO         1464    i.ble_db_discovery_start  ble_db_discovery.o
    0x000276fc   0x000276fc   0x00000118   Code   RO            8    i.ble_dfu_c_evt_handler  main.o
    0x00027814   0x00027814   0x0000002c   Code   RO         2145    i.ble_dfu_c_handles_assign  ble_dfu_c.o
    0x00027840   0x00027840   0x0000007c   Code   RO         2146    i.ble_dfu_c_init    ble_dfu_c.o
    0x000278bc   0x000278bc   0x00000066   Code   RO         2147    i.ble_dfu_c_on_ble_evt  ble_dfu_c.o
    0x00027922   0x00027922   0x00000002   PAD
    0x00027924   0x00027924   0x000000cc   Code   RO         2148    i.ble_dfu_c_on_db_disc_evt  ble_dfu_c.o
    0x000279f0   0x000279f0   0x0000002a   Code   RO         2150    i.ble_dfu_c_tx_notif_enable  ble_dfu_c.o
    0x00027a1a   0x00027a1a   0x00000002   PAD
    0x00027a1c   0x00027a1c   0x00000674   Code   RO            9    i.ble_dfu_control_point_received  main.o
    0x00028090   0x00028090   0x000000d0   Code   RO         2151    i.ble_dfu_control_point_send  ble_dfu_c.o
    0x00028160   0x00028160   0x00000070   Code   RO         2152    i.ble_dfu_gatt_error_handler  ble_dfu_c.o
    0x000281d0   0x000281d0   0x000000d0   Code   RO         2153    i.ble_dfu_packet_send  ble_dfu_c.o
    0x000282a0   0x000282a0   0x00000324   Code   RO           10    i.ble_evt_handler   main.o
    0x000285c4   0x000285c4   0x00000138   Code   RO           11    i.ble_nus_c_evt_handler  main.o
    0x000286fc   0x000286fc   0x0000002c   Code   RO         2061    i.ble_nus_c_handles_assign  ble_nus_c.o
    0x00028728   0x00028728   0x00000078   Code   RO         2062    i.ble_nus_c_init    ble_nus_c.o
    0x000287a0   0x000287a0   0x00000066   Code   RO         2063    i.ble_nus_c_on_ble_evt  ble_nus_c.o
    0x00028806   0x00028806   0x00000094   Code   RO         2064    i.ble_nus_c_on_db_disc_evt  ble_nus_c.o
    0x0002889a   0x0002889a   0x00000002   PAD
    0x0002889c   0x0002889c   0x000000d0   Code   RO         2065    i.ble_nus_c_string_send  ble_nus_c.o
    0x0002896c   0x0002896c   0x0000002a   Code   RO         2066    i.ble_nus_c_tx_notif_enable  ble_nus_c.o
    0x00028996   0x00028996   0x00000056   Code   RO           12    i.ble_stack_init    main.o
    0x000289ec   0x000289ec   0x00000010   Code   RO         1058    i.bsp_board_init    boards.o
    0x000289fc   0x000289fc   0x00000030   Code   RO         1060    i.bsp_board_led_invert  boards.o
    0x00028a2c   0x00028a2c   0x00000014   Code   RO         1061    i.bsp_board_led_off  boards.o
    0x00028a40   0x00028a40   0x00000014   Code   RO         1062    i.bsp_board_led_on  boards.o
    0x00028a54   0x00028a54   0x00000030   Code   RO         1063    i.bsp_board_led_state_get  boards.o
    0x00028a84   0x00028a84   0x00000050   Code   RO         1064    i.bsp_board_leds_init  boards.o
    0x00028ad4   0x00028ad4   0x00000014   Code   RO         1065    i.bsp_board_leds_off  boards.o
    0x00028ae8   0x00028ae8   0x00000014   Code   RO         1066    i.bsp_board_leds_on  boards.o
    0x00028afc   0x00028afc   0x00000020   Code   RO         1159    i.bsp_indication_set  bsp.o
    0x00028b1c   0x00028b1c   0x0000004c   Code   RO         1160    i.bsp_init          bsp.o
    0x00028b68   0x00028b68   0x00000388   Code   RO         1161    i.bsp_led_indication  bsp.o
    0x00028ef0   0x00028ef0   0x000000e8   Code   RO         5818    i.buf_prealloc      nrf_log_frontend.o
    0x00028fd8   0x00028fd8   0x0000002c   Code   RO         4953    i.buffer_add        nrf_fprintf_format.o
    0x00029004   0x00029004   0x00000018   Code   RO         5819    i.buffer_is_empty   nrf_log_frontend.o
    0x0002901c   0x0002901c   0x00000020   Code   RO           13    i.buttons_leds_init  main.o
    0x0002903c   0x0002903c   0x0000002c   Code   RO          577    i.calc_crc          uart.o
    0x00029068   0x00029068   0x00000060   Code   RO         2067    i.cccd_configure    ble_nus_c.o
    0x000290c8   0x000290c8   0x00000060   Code   RO         2154    i.cccd_configure    ble_dfu_c.o
    0x00029128   0x00029128   0x00000184   Code   RO           14    i.change_device     main.o
    0x000292ac   0x000292ac   0x00000010   Code   RO         2782    i.channel_handler_get  nrfx_gpiote.o
    0x000292bc   0x000292bc   0x0000000c   Code   RO         2784    i.channel_port_get  nrfx_gpiote.o
    0x000292c8   0x000292c8   0x00000090   Code   RO         1465    i.characteristics_discover  ble_db_discovery.o
    0x00029358   0x00029358   0x00000020   Code   RO           15    i.clear_device_list  main.o
    0x00029378   0x00029378   0x00000030   Code   RO         2238    i.clock_clk_started_notify  nrf_drv_clock.o
    0x000293a8   0x000293a8   0x00000028   Code   RO         2239    i.clock_irq_handler  nrf_drv_clock.o
    0x000293d0   0x000293d0   0x00000026   Code   RO         4077    i.compare_func      app_timer2.o
    0x000293f6   0x000293f6   0x00000020   Code   RO         1816    i.conn_handle_id_find  nrf_ble_gq.o
    0x00029416   0x00029416   0x00000030   Code   RO         1817    i.conn_handle_register  nrf_ble_gq.o
    0x00029446   0x00029446   0x00000030   Code   RO           16    i.cpy_dev_to_uart_buff  main.o
    0x00029476   0x00029476   0x00000002   PAD
    0x00029478   0x00029478   0x0000004c   Code   RO         5422    i.crc32_compute     crc32.o
    0x000294c4   0x000294c4   0x00000130   Code   RO         1694    i.data_length_update  nrf_ble_gatt.o
    0x000295f4   0x000295f4   0x00000020   Code   RO           17    i.db_disc_handler   main.o
    0x00029614   0x00029614   0x00000034   Code   RO           18    i.db_discovery_init  main.o
    0x00029648   0x00029648   0x000000e0   Code   RO         1466    i.descriptors_discover  ble_db_discovery.o
    0x00029728   0x00029728   0x00000044   Code   RO           19    i.dfu_c_init        main.o
    0x0002976c   0x0002976c   0x00000010   Code   RO           20    i.dfu_error_handler  main.o
    0x0002977c   0x0002977c   0x0000002c   Code   RO           21    i.dfu_tx_timer_handler  main.o
    0x000297a8   0x000297a8   0x00000034   Code   RO         1467    i.discovery_available_evt_trigger  ble_db_discovery.o
    0x000297dc   0x000297dc   0x000000a8   Code   RO         1468    i.discovery_complete_evt_trigger  ble_db_discovery.o
    0x00029884   0x00029884   0x00000048   Code   RO         1469    i.discovery_error_evt_trigger  ble_db_discovery.o
    0x000298cc   0x000298cc   0x00000028   Code   RO         1470    i.discovery_error_handler  ble_db_discovery.o
    0x000298f4   0x000298f4   0x000000c8   Code   RO         1471    i.discovery_start   ble_db_discovery.o
    0x000299bc   0x000299bc   0x0000000c   Code   RO           22    i.div_up            main.o
    0x000299c8   0x000299c8   0x00000018   Code   RO         5820    i.dropped_sat16_get  nrf_log_frontend.o
    0x000299e0   0x000299e0   0x00000016   Code   RO         4389    i.drv_rtc_compare_disable  drv_rtc.o
    0x000299f6   0x000299f6   0x0000001a   Code   RO         4392    i.drv_rtc_compare_pending  drv_rtc.o
    0x00029a10   0x00029a10   0x0000005c   Code   RO         4393    i.drv_rtc_compare_set  drv_rtc.o
    0x00029a6c   0x00029a6c   0x0000000c   Code   RO         4394    i.drv_rtc_counter_get  drv_rtc.o
    0x00029a78   0x00029a78   0x00000128   Code   RO         4395    i.drv_rtc_init      drv_rtc.o
    0x00029ba0   0x00029ba0   0x00000024   Code   RO         4396    i.drv_rtc_irq_trigger  drv_rtc.o
    0x00029bc4   0x00029bc4   0x00000012   Code   RO         4398    i.drv_rtc_overflow_enable  drv_rtc.o
    0x00029bd6   0x00029bd6   0x00000010   Code   RO         4399    i.drv_rtc_overflow_pending  drv_rtc.o
    0x00029be6   0x00029be6   0x0000000e   Code   RO         4400    i.drv_rtc_start     drv_rtc.o
    0x00029bf4   0x00029bf4   0x000000fc   Code   RO         4406    i.drv_rtc_windowed_compare_set  drv_rtc.o
    0x00029cf0   0x00029cf0   0x00000058   Code   RO         5446    i.erase             nrf_fstorage_sd.o
    0x00029d48   0x00029d48   0x0000000e   Code   RO         5447    i.erase_execute     nrf_fstorage_sd.o
    0x00029d56   0x00029d56   0x00000002   PAD
    0x00029d58   0x00029d58   0x00000054   Code   RO         6578    i.errata_108        system_nrf52.o
    0x00029dac   0x00029dac   0x00000054   Code   RO         6579    i.errata_12         system_nrf52.o
    0x00029e00   0x00029e00   0x00000054   Code   RO         6580    i.errata_136        system_nrf52.o
    0x00029e54   0x00029e54   0x00000030   Code   RO         6581    i.errata_16         system_nrf52.o
    0x00029e84   0x00029e84   0x00000020   Code   RO         6582    i.errata_182        system_nrf52.o
    0x00029ea4   0x00029ea4   0x00000054   Code   RO         6583    i.errata_31         system_nrf52.o
    0x00029ef8   0x00029ef8   0x00000030   Code   RO         6584    i.errata_32         system_nrf52.o
    0x00029f28   0x00029f28   0x00000054   Code   RO         6585    i.errata_36         system_nrf52.o
    0x00029f7c   0x00029f7c   0x00000030   Code   RO         6586    i.errata_37         system_nrf52.o
    0x00029fac   0x00029fac   0x00000030   Code   RO         6587    i.errata_57         system_nrf52.o
    0x00029fdc   0x00029fdc   0x00000030   Code   RO         6588    i.errata_66         system_nrf52.o
    0x0002a00c   0x0002a00c   0x00000068   Code   RO         5448    i.event_send        nrf_fstorage_sd.o
    0x0002a074   0x0002a074   0x00000018   Code   RO         4407    i.evt_disable       drv_rtc.o
    0x0002a08c   0x0002a08c   0x0000001c   Code   RO         4408    i.evt_enable        drv_rtc.o
    0x0002a0a8   0x0002a0a8   0x0000001c   Code   RO         4409    i.evt_pending       drv_rtc.o
    0x0002a0c4   0x0002a0c4   0x000002b0   Code   RO           23    i.execute_dongle_command  main.o
    0x0002a374   0x0002a374   0x0000028c   Code   RO           24    i.execute_dongle_dfu_command  main.o
    0x0002a600   0x0002a600   0x00000018   Code   RO         3936    i.fifo_get          app_fifo.o
    0x0002a618   0x0002a618   0x0000000a   Code   RO         3937    i.fifo_length       app_fifo.o
    0x0002a622   0x0002a622   0x0000000a   Code   RO         4233    i.fifo_length       app_uart_fifo.o
    0x0002a62c   0x0002a62c   0x00000012   Code   RO         3938    i.fifo_peek         app_fifo.o
    0x0002a63e   0x0002a63e   0x00000012   Code   RO         3939    i.fifo_put          app_fifo.o
    0x0002a650   0x0002a650   0x00000044   Code   RO           25    i.find_device       main.o
    0x0002a694   0x0002a694   0x000007ec   Code   RO           26    i.flag_handler      main.o
    0x0002ae80   0x0002ae80   0x00000080   Code   RO          879    i.fstorage_clear_flash  memory_storage.o
    0x0002af00   0x0002af00   0x000000e0   Code   RO          880    i.fstorage_evt_handler  memory_storage.o
    0x0002afe0   0x0002afe0   0x00000008   Code   RO          881    i.fstorage_firmware_image_ptr  memory_storage.o
    0x0002afe8   0x0002afe8   0x00000008   Code   RO          882    i.fstorage_get_image_ptr  memory_storage.o
    0x0002aff0   0x0002aff0   0x00000064   Code   RO          883    i.fstorage_init     memory_storage.o
    0x0002b054   0x0002b054   0x00000008   Code   RO          884    i.fstorage_init_packet_ptr  memory_storage.o
    0x0002b05c   0x0002b05c   0x000000a4   Code   RO          885    i.fstorage_read_flash  memory_storage.o
    0x0002b100   0x0002b100   0x000000bc   Code   RO          886    i.fstorage_write_flash  memory_storage.o
    0x0002b1bc   0x0002b1bc   0x00000070   Code   RO         2068    i.gatt_error_handler  ble_nus_c.o
    0x0002b22c   0x0002b22c   0x000000e8   Code   RO           27    i.gatt_evt_handler  main.o
    0x0002b314   0x0002b314   0x00000044   Code   RO           28    i.gatt_init         main.o
    0x0002b358   0x0002b358   0x0000007c   Code   RO         1818    i.gattc_write_alloc  nrf_ble_gq.o
    0x0002b3d4   0x0002b3d4   0x00000090   Code   RO         1819    i.gatts_hvx_alloc   nrf_ble_gq.o
    0x0002b464   0x0002b464   0x00000014   Code   RO           29    i.get_device        main.o
    0x0002b478   0x0002b478   0x0000002c   Code   RO           30    i.get_device_connected  main.o
    0x0002b4a4   0x0002b4a4   0x00000038   Code   RO           31    i.get_device_idx    main.o
    0x0002b4dc   0x0002b4dc   0x00000038   Code   RO           32    i.get_device_mac_idx  main.o
    0x0002b514   0x0002b514   0x0000003c   Code   RO         4078    i.get_now           app_timer2.o
    0x0002b550   0x0002b550   0x0000000e   Code   RO           33    i.idle_state_handle  main.o
    0x0002b55e   0x0002b55e   0x00000002   PAD
    0x0002b560   0x0002b560   0x0000003c   Code   RO         5449    i.init              nrf_fstorage_sd.o
    0x0002b59c   0x0002b59c   0x000000be   Code   RO         4954    i.int_print         nrf_fprintf_format.o
    0x0002b65a   0x0002b65a   0x00000002   PAD
    0x0002b65c   0x0002b65c   0x00000058   Code   RO         3205    i.interrupts_disable  nrfx_uart.o
    0x0002b6b4   0x0002b6b4   0x00000058   Code   RO         3619    i.interrupts_disable  nrfx_uarte.o
    0x0002b70c   0x0002b70c   0x00000094   Code   RO         3206    i.interrupts_enable  nrfx_uart.o
    0x0002b7a0   0x0002b7a0   0x000000b4   Code   RO         3620    i.interrupts_enable  nrfx_uarte.o
    0x0002b854   0x0002b854   0x00000046   Code   RO         5822    i.invalid_packets_omit  nrf_log_frontend.o
    0x0002b89a   0x0002b89a   0x0000005c   Code   RO         3450    i.irq_handler       nrfx_timer.o
    0x0002b8f6   0x0002b8f6   0x00000026   Code   RO         1820    i.is_any_conn_handle_registered  nrf_ble_gq.o
    0x0002b91c   0x0002b91c   0x00000014   Code   RO         5450    i.is_busy           nrf_fstorage_sd.o
    0x0002b930   0x0002b930   0x00000024   Code   RO         1472    i.is_char_discovery_reqd  ble_db_discovery.o
    0x0002b954   0x0002b954   0x0000005e   Code   RO         1473    i.is_desc_discovery_reqd  ble_db_discovery.o
    0x0002b9b2   0x0002b9b2   0x00000022   Code   RO         1909    i.is_whitelist_used  nrf_ble_scan.o
    0x0002b9d4   0x0002b9d4   0x0000000c   Code   RO         2242    i.item_dequeue      nrf_drv_clock.o
    0x0002b9e0   0x0002b9e0   0x00000026   Code   RO         2785    i.latch_pending_read_and_check  nrfx_gpiote.o
    0x0002ba06   0x0002ba06   0x00000002   PAD
    0x0002ba08   0x0002ba08   0x00000028   Code   RO         1164    i.leds_off          bsp.o
    0x0002ba30   0x0002ba30   0x00000020   Code   RO         1165    i.leds_timer_handler  bsp.o
    0x0002ba50   0x0002ba50   0x00000018   Code   RO         2244    i.lfclk_stop        nrf_drv_clock.o
    0x0002ba68   0x0002ba68   0x00000018   Code   RO         1695    i.link_init         nrf_ble_gatt.o
    0x0002ba80   0x0002ba80   0x00000026   Code   RO           34    i.log_init          main.o
    0x0002baa6   0x0002baa6   0x00000002   Code   RO         5823    i.log_pending_hook  nrf_log_frontend.o
    0x0002baa8   0x0002baa8   0x000000cc   Code   RO         5824    i.log_skip          nrf_log_frontend.o
    0x0002bb74   0x0002bb74   0x000000e4   Code   RO           35    i.main              main.o
    0x0002bc58   0x0002bc58   0x000000ca   Code   RO         4998    i.memobj_op         nrf_memobj.o
    0x0002bd22   0x0002bd22   0x00000002   PAD
    0x0002bd24   0x0002bd24   0x00000038   Code   RO         5825    i.module_idx_get    nrf_log_frontend.o
    0x0002bd5c   0x0002bd5c   0x00000030   Code   RO          887    i.nrf5_flash_end_addr_get  memory_storage.o
    0x0002bd8c   0x0002bd8c   0x00000016   Code   RO         4654    i.nrf_atfifo_clear  nrf_atfifo.o
    0x0002bda2   0x0002bda2   0x00000028   Code   RO         4656    i.nrf_atfifo_init   nrf_atfifo.o
    0x0002bdca   0x0002bdca   0x0000001c   Code   RO         4657    i.nrf_atfifo_item_alloc  nrf_atfifo.o
    0x0002bde6   0x0002bde6   0x0000001c   Code   RO         4658    i.nrf_atfifo_item_free  nrf_atfifo.o
    0x0002be02   0x0002be02   0x0000001c   Code   RO         4659    i.nrf_atfifo_item_get  nrf_atfifo.o
    0x0002be1e   0x0002be1e   0x0000001c   Code   RO         4660    i.nrf_atfifo_item_put  nrf_atfifo.o
    0x0002be3a   0x0002be3a   0x0000000e   Code   RO         4727    i.nrf_atomic_flag_clear_fetch  nrf_atomic.o
    0x0002be48   0x0002be48   0x0000000e   Code   RO         4728    i.nrf_atomic_flag_set  nrf_atomic.o
    0x0002be56   0x0002be56   0x0000000e   Code   RO         4729    i.nrf_atomic_flag_set_fetch  nrf_atomic.o
    0x0002be64   0x0002be64   0x00000016   Code   RO         4730    i.nrf_atomic_u32_add  nrf_atomic.o
    0x0002be7a   0x0002be7a   0x00000016   Code   RO         4734    i.nrf_atomic_u32_fetch_and  nrf_atomic.o
    0x0002be90   0x0002be90   0x00000016   Code   RO         4735    i.nrf_atomic_u32_fetch_or  nrf_atomic.o
    0x0002bea6   0x0002bea6   0x00000016   Code   RO         4736    i.nrf_atomic_u32_fetch_store  nrf_atomic.o
    0x0002bebc   0x0002bebc   0x00000016   Code   RO         4740    i.nrf_atomic_u32_or  nrf_atomic.o
    0x0002bed2   0x0002bed2   0x00000016   Code   RO         4742    i.nrf_atomic_u32_sub  nrf_atomic.o
    0x0002bee8   0x0002bee8   0x00000052   Code   RO         4867    i.nrf_balloc_alloc  nrf_balloc.o
    0x0002bf3a   0x0002bf3a   0x00000010   Code   RO         4868    i.nrf_balloc_block2idx  nrf_balloc.o
    0x0002bf4a   0x0002bf4a   0x00000030   Code   RO         4869    i.nrf_balloc_free   nrf_balloc.o
    0x0002bf7a   0x0002bf7a   0x0000000c   Code   RO         4870    i.nrf_balloc_idx2block  nrf_balloc.o
    0x0002bf86   0x0002bf86   0x0000003c   Code   RO         4871    i.nrf_balloc_init   nrf_balloc.o
    0x0002bfc2   0x0002bfc2   0x00000016   Code   RO         2786    i.nrf_bitmask_bit_is_set  nrfx_gpiote.o
    0x0002bfd8   0x0002bfd8   0x0000001e   Code   RO         1696    i.nrf_ble_gatt_att_mtu_central_set  nrf_ble_gatt.o
    0x0002bff6   0x0002bff6   0x00000034   Code   RO         1701    i.nrf_ble_gatt_init  nrf_ble_gatt.o
    0x0002c02a   0x0002c02a   0x00000002   PAD
    0x0002c02c   0x0002c02c   0x0000012c   Code   RO         1702    i.nrf_ble_gatt_on_ble_evt  nrf_ble_gatt.o
    0x0002c158   0x0002c158   0x0000009c   Code   RO         1821    i.nrf_ble_gq_conn_handle_register  nrf_ble_gq.o
    0x0002c1f4   0x0002c1f4   0x00000150   Code   RO         1822    i.nrf_ble_gq_item_add  nrf_ble_gq.o
    0x0002c344   0x0002c344   0x00000086   Code   RO         1823    i.nrf_ble_gq_on_ble_evt  nrf_ble_gq.o
    0x0002c3ca   0x0002c3ca   0x00000002   PAD
    0x0002c3cc   0x0002c3cc   0x000000ac   Code   RO         1911    i.nrf_ble_scan_connect_with_target  nrf_ble_scan.o
    0x0002c478   0x0002c478   0x0000001c   Code   RO         1913    i.nrf_ble_scan_default_conn_param_set  nrf_ble_scan.o
    0x0002c494   0x0002c494   0x00000034   Code   RO         1914    i.nrf_ble_scan_default_param_set  nrf_ble_scan.o
    0x0002c4c8   0x0002c4c8   0x00000044   Code   RO         1916    i.nrf_ble_scan_filter_set  nrf_ble_scan.o
    0x0002c50c   0x0002c50c   0x0000001e   Code   RO         1917    i.nrf_ble_scan_filters_disable  nrf_ble_scan.o
    0x0002c52a   0x0002c52a   0x00000062   Code   RO         1918    i.nrf_ble_scan_filters_enable  nrf_ble_scan.o
    0x0002c58c   0x0002c58c   0x0000007e   Code   RO         1919    i.nrf_ble_scan_init  nrf_ble_scan.o
    0x0002c60a   0x0002c60a   0x00000002   PAD
    0x0002c60c   0x0002c60c   0x000000a8   Code   RO         1920    i.nrf_ble_scan_name_filter_add  nrf_ble_scan.o
    0x0002c6b4   0x0002c6b4   0x00000102   Code   RO         1921    i.nrf_ble_scan_on_adv_report  nrf_ble_scan.o
    0x0002c7b6   0x0002c7b6   0x00000046   Code   RO         1922    i.nrf_ble_scan_on_ble_evt  nrf_ble_scan.o
    0x0002c7fc   0x0002c7fc   0x00000034   Code   RO         1923    i.nrf_ble_scan_on_connected_evt  nrf_ble_scan.o
    0x0002c830   0x0002c830   0x0000006c   Code   RO         1924    i.nrf_ble_scan_on_timeout  nrf_ble_scan.o
    0x0002c89c   0x0002c89c   0x000000b4   Code   RO         1926    i.nrf_ble_scan_start  nrf_ble_scan.o
    0x0002c950   0x0002c950   0x00000004   Code   RO         1927    i.nrf_ble_scan_stop  nrf_ble_scan.o
    0x0002c954   0x0002c954   0x00000080   Code   RO         1928    i.nrf_ble_scan_uuid_filter_add  nrf_ble_scan.o
    0x0002c9d4   0x0002c9d4   0x00000012   Code   RO         2613    i.nrf_clock_event_check  nrfx_clock.o
    0x0002c9e6   0x0002c9e6   0x00000012   Code   RO         2614    i.nrf_clock_event_clear  nrfx_clock.o
    0x0002c9f8   0x0002c9f8   0x0000000c   Code   RO         2615    i.nrf_clock_int_disable  nrfx_clock.o
    0x0002ca04   0x0002ca04   0x00000008   Code   RO         2617    i.nrf_clock_task_trigger  nrfx_clock.o
    0x0002ca0c   0x0002ca0c   0x0000004c   Code   RO         2250    i.nrf_drv_clock_init  nrf_drv_clock.o
    0x0002ca58   0x0002ca58   0x00000030   Code   RO         2254    i.nrf_drv_clock_lfclk_release  nrf_drv_clock.o
    0x0002ca88   0x0002ca88   0x0000008c   Code   RO         2418    i.nrf_drv_uart_init  nrf_drv_uart.o
    0x0002cb14   0x0002cb14   0x00000044   Code   RO         4234    i.nrf_drv_uart_rx   app_uart_fifo.o
    0x0002cb58   0x0002cb58   0x00000044   Code   RO         4235    i.nrf_drv_uart_tx   app_uart_fifo.o
    0x0002cb9c   0x0002cb9c   0x0000002a   Code   RO         4914    i.nrf_fprintf       nrf_fprintf.o
    0x0002cbc6   0x0002cbc6   0x0000001c   Code   RO         4915    i.nrf_fprintf_buffer_flush  nrf_fprintf.o
    0x0002cbe2   0x0002cbe2   0x000001f0   Code   RO         4955    i.nrf_fprintf_fmt   nrf_fprintf_format.o
    0x0002cdd2   0x0002cdd2   0x00000002   PAD
    0x0002cdd4   0x0002cdd4   0x00000170   Code   RO         5584    i.nrf_fstorage_erase  nrf_fstorage.o
    0x0002cf44   0x0002cf44   0x000000ac   Code   RO         5585    i.nrf_fstorage_init  nrf_fstorage.o
    0x0002cff0   0x0002cff0   0x00000054   Code   RO         5586    i.nrf_fstorage_is_busy  nrf_fstorage.o
    0x0002d044   0x0002d044   0x000001ac   Code   RO         5587    i.nrf_fstorage_read  nrf_fstorage.o
    0x0002d1f0   0x0002d1f0   0x0000001c   Code   RO         5451    i.nrf_fstorage_sdh_req_handler  nrf_fstorage_sd.o
    0x0002d20c   0x0002d20c   0x0000002c   Code   RO         5452    i.nrf_fstorage_sdh_state_handler  nrf_fstorage_sd.o
    0x0002d238   0x0002d238   0x0000008c   Code   RO         5453    i.nrf_fstorage_sys_evt_handler  nrf_fstorage_sd.o
    0x0002d2c4   0x0002d2c4   0x00000264   Code   RO         5591    i.nrf_fstorage_write  nrf_fstorage.o
    0x0002d528   0x0002d528   0x00000028   Code   RO         3207    i.nrf_gpio_cfg      nrfx_uart.o
    0x0002d550   0x0002d550   0x00000028   Code   RO         3621    i.nrf_gpio_cfg      nrfx_uarte.o
    0x0002d578   0x0002d578   0x00000018   Code   RO         3208    i.nrf_gpio_cfg_default  nrfx_uart.o
    0x0002d590   0x0002d590   0x00000018   Code   RO         3622    i.nrf_gpio_cfg_default  nrfx_uarte.o
    0x0002d5a8   0x0002d5a8   0x0000001a   Code   RO         3209    i.nrf_gpio_cfg_input  nrfx_uart.o
    0x0002d5c2   0x0002d5c2   0x0000001a   Code   RO         3623    i.nrf_gpio_cfg_input  nrfx_uarte.o
    0x0002d5dc   0x0002d5dc   0x00000018   Code   RO         3210    i.nrf_gpio_cfg_output  nrfx_uart.o
    0x0002d5f4   0x0002d5f4   0x00000018   Code   RO         3624    i.nrf_gpio_cfg_output  nrfx_uarte.o
    0x0002d60c   0x0002d60c   0x00000032   Code   RO         2789    i.nrf_gpio_cfg_sense_set  nrfx_gpiote.o
    0x0002d63e   0x0002d63e   0x00000002   PAD
    0x0002d640   0x0002d640   0x00000034   Code   RO         2790    i.nrf_gpio_latches_read_and_clear  nrfx_gpiote.o
    0x0002d674   0x0002d674   0x00000016   Code   RO         3211    i.nrf_gpio_pin_set  nrfx_uart.o
    0x0002d68a   0x0002d68a   0x00000016   Code   RO         3625    i.nrf_gpio_pin_set  nrfx_uarte.o
    0x0002d6a0   0x0002d6a0   0x0000003a   Code   RO         1068    i.nrf_gpio_pin_write  boards.o
    0x0002d6da   0x0002d6da   0x00000002   PAD
    0x0002d6dc   0x0002d6dc   0x0000000c   Code   RO         2795    i.nrf_gpiote_event_addr_get  nrfx_gpiote.o
    0x0002d6e8   0x0002d6e8   0x0000001c   Code   RO         2796    i.nrf_gpiote_event_clear  nrfx_gpiote.o
    0x0002d704   0x0002d704   0x00000016   Code   RO         2797    i.nrf_gpiote_event_is_set  nrfx_gpiote.o
    0x0002d71a   0x0002d71a   0x00000002   PAD
    0x0002d71c   0x0002d71c   0x00000054   Code   RO         5826    i.nrf_log_backend_add  nrf_log_frontend.o
    0x0002d770   0x0002d770   0x00000002   Code   RO         5676    i.nrf_log_backend_rtt_flush  nrf_log_backend_rtt.o
    0x0002d772   0x0002d772   0x00000008   Code   RO         5677    i.nrf_log_backend_rtt_init  nrf_log_backend_rtt.o
    0x0002d77a   0x0002d77a   0x00000002   Code   RO         5678    i.nrf_log_backend_rtt_panic_set  nrf_log_backend_rtt.o
    0x0002d77c   0x0002d77c   0x00000020   Code   RO         5679    i.nrf_log_backend_rtt_put  nrf_log_backend_rtt.o
    0x0002d79c   0x0002d79c   0x000000f2   Code   RO         5747    i.nrf_log_backend_serial_put  nrf_log_backend_serial.o
    0x0002d88e   0x0002d88e   0x00000002   PAD
    0x0002d890   0x0002d890   0x00000038   Code   RO         5828    i.nrf_log_color_id_get  nrf_log_frontend.o
    0x0002d8c8   0x0002d8c8   0x00000028   Code   RO         5781    i.nrf_log_default_backends_init  nrf_log_default_backends.o
    0x0002d8f0   0x0002d8f0   0x0000031c   Code   RO         5829    i.nrf_log_frontend_dequeue  nrf_log_frontend.o
    0x0002dc0c   0x0002dc0c   0x000000ec   Code   RO         5830    i.nrf_log_frontend_hexdump  nrf_log_frontend.o
    0x0002dcf8   0x0002dcf8   0x00000014   Code   RO         5831    i.nrf_log_frontend_std_0  nrf_log_frontend.o
    0x0002dd0c   0x0002dd0c   0x00000018   Code   RO         5832    i.nrf_log_frontend_std_1  nrf_log_frontend.o
    0x0002dd24   0x0002dd24   0x00000020   Code   RO         5833    i.nrf_log_frontend_std_2  nrf_log_frontend.o
    0x0002dd44   0x0002dd44   0x00000028   Code   RO         5834    i.nrf_log_frontend_std_3  nrf_log_frontend.o
    0x0002dd6c   0x0002dd6c   0x0000003c   Code   RO         5837    i.nrf_log_frontend_std_6  nrf_log_frontend.o
    0x0002dda8   0x0002dda8   0x000000bc   Code   RO         6027    i.nrf_log_hexdump_entry_process  nrf_log_str_formatter.o
    0x0002de64   0x0002de64   0x00000048   Code   RO         5838    i.nrf_log_init      nrf_log_frontend.o
    0x0002deac   0x0002deac   0x00000014   Code   RO         5839    i.nrf_log_module_cnt_get  nrf_log_frontend.o
    0x0002dec0   0x0002dec0   0x00000024   Code   RO         5843    i.nrf_log_module_name_get  nrf_log_frontend.o
    0x0002dee4   0x0002dee4   0x00000034   Code   RO         5844    i.nrf_log_panic     nrf_log_frontend.o
    0x0002df18   0x0002df18   0x000000c8   Code   RO         6028    i.nrf_log_std_entry_process  nrf_log_str_formatter.o
    0x0002dfe0   0x0002dfe0   0x0000007a   Code   RO         4999    i.nrf_memobj_alloc  nrf_memobj.o
    0x0002e05a   0x0002e05a   0x00000040   Code   RO         5000    i.nrf_memobj_free   nrf_memobj.o
    0x0002e09a   0x0002e09a   0x00000010   Code   RO         5001    i.nrf_memobj_get    nrf_memobj.o
    0x0002e0aa   0x0002e0aa   0x0000000c   Code   RO         5002    i.nrf_memobj_pool_init  nrf_memobj.o
    0x0002e0b6   0x0002e0b6   0x0000001e   Code   RO         5003    i.nrf_memobj_put    nrf_memobj.o
    0x0002e0d4   0x0002e0d4   0x00000022   Code   RO         5004    i.nrf_memobj_read   nrf_memobj.o
    0x0002e0f6   0x0002e0f6   0x00000022   Code   RO         5005    i.nrf_memobj_write  nrf_memobj.o
    0x0002e118   0x0002e118   0x0000009c   Code   RO         5078    i.nrf_queue_generic_pop  nrf_queue.o
    0x0002e1b4   0x0002e1b4   0x00000016   Code   RO         5080    i.nrf_queue_is_empty  nrf_queue.o
    0x0002e1ca   0x0002e1ca   0x00000020   Code   RO         5081    i.nrf_queue_is_full  nrf_queue.o
    0x0002e1ea   0x0002e1ea   0x00000010   Code   RO         5084    i.nrf_queue_next_idx  nrf_queue.o
    0x0002e1fa   0x0002e1fa   0x000000cc   Code   RO         5086    i.nrf_queue_push    nrf_queue.o
    0x0002e2c6   0x0002e2c6   0x0000001c   Code   RO         5203    i.nrf_ringbuf_init  nrf_ringbuf.o
    0x0002e2e2   0x0002e2e2   0x0000000c   Code   RO         4410    i.nrf_rtc_cc_get    drv_rtc.o
    0x0002e2ee   0x0002e2ee   0x0000000a   Code   RO         4411    i.nrf_rtc_cc_set    drv_rtc.o
    0x0002e2f8   0x0002e2f8   0x00000008   Code   RO         4412    i.nrf_rtc_counter_get  drv_rtc.o
    0x0002e300   0x0002e300   0x0000000e   Code   RO         4413    i.nrf_rtc_event_clear  drv_rtc.o
    0x0002e30e   0x0002e30e   0x00000006   Code   RO         4414    i.nrf_rtc_event_disable  drv_rtc.o
    0x0002e314   0x0002e314   0x00000006   Code   RO         4415    i.nrf_rtc_event_enable  drv_rtc.o
    0x0002e31a   0x0002e31a   0x00000006   Code   RO         4416    i.nrf_rtc_int_disable  drv_rtc.o
    0x0002e320   0x0002e320   0x00000006   Code   RO         4417    i.nrf_rtc_int_enable  drv_rtc.o
    0x0002e326   0x0002e326   0x00000006   Code   RO         4418    i.nrf_rtc_task_trigger  drv_rtc.o
    0x0002e32c   0x0002e32c   0x00000018   Code   RO         6477    i.nrf_sdh_ble_app_ram_start_get  nrf_sdh_ble.o
    0x0002e344   0x0002e344   0x000000bc   Code   RO         6478    i.nrf_sdh_ble_default_cfg_set  nrf_sdh_ble.o
    0x0002e400   0x0002e400   0x00000024   Code   RO         6479    i.nrf_sdh_ble_enable  nrf_sdh_ble.o
    0x0002e424   0x0002e424   0x00000074   Code   RO         6480    i.nrf_sdh_ble_evts_poll  nrf_sdh_ble.o
    0x0002e498   0x0002e498   0x00000064   Code   RO         6345    i.nrf_sdh_disable_request  nrf_sdh.o
    0x0002e4fc   0x0002e4fc   0x00000084   Code   RO         6346    i.nrf_sdh_enable_request  nrf_sdh.o
    0x0002e580   0x0002e580   0x00000030   Code   RO         6347    i.nrf_sdh_evts_poll  nrf_sdh.o
    0x0002e5b0   0x0002e5b0   0x0000000c   Code   RO         6348    i.nrf_sdh_is_enabled  nrf_sdh.o
    0x0002e5bc   0x0002e5bc   0x00000028   Code   RO         6350    i.nrf_sdh_request_continue  nrf_sdh.o
    0x0002e5e4   0x0002e5e4   0x00000054   Code   RO         6535    i.nrf_sdh_soc_evts_poll  nrf_sdh_soc.o
    0x0002e638   0x0002e638   0x00000006   Code   RO         6353    i.nrf_section_iter_get  nrf_sdh.o
    0x0002e63e   0x0002e63e   0x00000014   Code   RO         5261    i.nrf_section_iter_init  nrf_section_iter.o
    0x0002e652   0x0002e652   0x0000002e   Code   RO         5262    i.nrf_section_iter_item_set  nrf_section_iter.o
    0x0002e680   0x0002e680   0x0000002e   Code   RO         5263    i.nrf_section_iter_next  nrf_section_iter.o
    0x0002e6ae   0x0002e6ae   0x00000028   Code   RO         5296    i.nrf_sortlist_add  nrf_sortlist.o
    0x0002e6d6   0x0002e6d6   0x00000008   Code   RO         5298    i.nrf_sortlist_peek  nrf_sortlist.o
    0x0002e6de   0x0002e6de   0x00000018   Code   RO         5299    i.nrf_sortlist_pop  nrf_sortlist.o
    0x0002e6f6   0x0002e6f6   0x00000026   Code   RO         5300    i.nrf_sortlist_remove  nrf_sortlist.o
    0x0002e71c   0x0002e71c   0x00000040   Code   RO         5352    i.nrf_strerror_find  nrf_strerror.o
    0x0002e75c   0x0002e75c   0x0000001c   Code   RO         5353    i.nrf_strerror_get  nrf_strerror.o
    0x0002e778   0x0002e778   0x0000000e   Code   RO         3451    i.nrf_timer_compare_event_get  nrfx_timer.o
    0x0002e786   0x0002e786   0x0000000a   Code   RO         3452    i.nrf_timer_compare_int_get  nrfx_timer.o
    0x0002e790   0x0002e790   0x0000000e   Code   RO         3453    i.nrf_timer_event_clear  nrfx_timer.o
    0x0002e79e   0x0002e79e   0x00000006   Code   RO         3454    i.nrf_timer_int_disable  nrfx_timer.o
    0x0002e7a4   0x0002e7a4   0x00000006   Code   RO         3455    i.nrf_timer_int_enable  nrfx_timer.o
    0x0002e7aa   0x0002e7aa   0x0000000c   Code   RO         3456    i.nrf_timer_shorts_disable  nrfx_timer.o
    0x0002e7b6   0x0002e7b6   0x0000000c   Code   RO         3212    i.nrf_uart_errorsrc_get_and_clear  nrfx_uart.o
    0x0002e7c2   0x0002e7c2   0x0000000e   Code   RO         3213    i.nrf_uart_event_check  nrfx_uart.o
    0x0002e7d0   0x0002e7d0   0x0000000e   Code   RO         3214    i.nrf_uart_event_clear  nrfx_uart.o
    0x0002e7de   0x0002e7de   0x0000000a   Code   RO         3215    i.nrf_uart_hwfc_pins_set  nrfx_uart.o
    0x0002e7e8   0x0002e7e8   0x00000006   Code   RO         3216    i.nrf_uart_int_disable  nrfx_uart.o
    0x0002e7ee   0x0002e7ee   0x00000006   Code   RO         3217    i.nrf_uart_int_enable  nrfx_uart.o
    0x0002e7f4   0x0002e7f4   0x00000012   Code   RO         3218    i.nrf_uart_int_enable_check  nrfx_uart.o
    0x0002e806   0x0002e806   0x00000006   Code   RO         3219    i.nrf_uart_task_trigger  nrfx_uart.o
    0x0002e80c   0x0002e80c   0x0000000a   Code   RO         3220    i.nrf_uart_txrx_pins_set  nrfx_uart.o
    0x0002e816   0x0002e816   0x0000000c   Code   RO         3626    i.nrf_uarte_errorsrc_get_and_clear  nrfx_uarte.o
    0x0002e822   0x0002e822   0x0000000e   Code   RO         3627    i.nrf_uarte_event_check  nrfx_uarte.o
    0x0002e830   0x0002e830   0x0000000e   Code   RO         3628    i.nrf_uarte_event_clear  nrfx_uarte.o
    0x0002e83e   0x0002e83e   0x0000000c   Code   RO         3629    i.nrf_uarte_hwfc_pins_set  nrfx_uarte.o
    0x0002e84a   0x0002e84a   0x00000006   Code   RO         3630    i.nrf_uarte_int_disable  nrfx_uarte.o
    0x0002e850   0x0002e850   0x00000006   Code   RO         3631    i.nrf_uarte_int_enable  nrfx_uarte.o
    0x0002e856   0x0002e856   0x0000000a   Code   RO         3632    i.nrf_uarte_rx_amount_get  nrfx_uarte.o
    0x0002e860   0x0002e860   0x0000000c   Code   RO         3633    i.nrf_uarte_shorts_disable  nrfx_uarte.o
    0x0002e86c   0x0002e86c   0x00000006   Code   RO         3634    i.nrf_uarte_task_trigger  nrfx_uarte.o
    0x0002e872   0x0002e872   0x0000000a   Code   RO         3635    i.nrf_uarte_tx_amount_get  nrfx_uarte.o
    0x0002e87c   0x0002e87c   0x0000000e   Code   RO         3636    i.nrf_uarte_txrx_pins_set  nrfx_uarte.o
    0x0002e88a   0x0002e88a   0x00000002   PAD
    0x0002e88c   0x0002e88c   0x00000014   Code   RO         2257    i.nrf_wdt_started   nrf_drv_clock.o
    0x0002e8a0   0x0002e8a0   0x00000014   Code   RO         2623    i.nrfx_clock_enable  nrfx_clock.o
    0x0002e8b4   0x0002e8b4   0x00000024   Code   RO         2626    i.nrfx_clock_init   nrfx_clock.o
    0x0002e8d8   0x0002e8d8   0x0000002c   Code   RO         2629    i.nrfx_clock_lfclk_stop  nrfx_clock.o
    0x0002e904   0x0002e904   0x00000018   Code   RO         4419    i.nrfx_coredep_delay_us  drv_rtc.o
    0x0002e91c   0x0002e91c   0x00000008   Code   RO         2631    i.nrfx_get_irq_number  nrfx_clock.o
    0x0002e924   0x0002e924   0x00000008   Code   RO         3221    i.nrfx_get_irq_number  nrfx_uart.o
    0x0002e92c   0x0002e92c   0x00000008   Code   RO         3458    i.nrfx_get_irq_number  nrfx_timer.o
    0x0002e934   0x0002e934   0x00000008   Code   RO         3637    i.nrfx_get_irq_number  nrfx_uarte.o
    0x0002e93c   0x0002e93c   0x00000014   Code   RO         3638    i.nrfx_is_in_ram    nrfx_uarte.o
    0x0002e950   0x0002e950   0x000000b0   Code   RO         2632    i.nrfx_power_clock_irq_init  nrfx_clock.o
    0x0002ea00   0x0002ea00   0x0000004e   Code   RO         3151    i.nrfx_prs_acquire  nrfx_prs.o
    0x0002ea4e   0x0002ea4e   0x00000016   Code   RO         3152    i.nrfx_prs_release  nrfx_prs.o
    0x0002ea64   0x0002ea64   0x00000048   Code   RO         3461    i.nrfx_timer_compare  nrfx_timer.o
    0x0002eaac   0x0002eaac   0x00000042   Code   RO         3466    i.nrfx_timer_extended_compare  nrfx_timer.o
    0x0002eaee   0x0002eaee   0x00000002   PAD
    0x0002eaf0   0x0002eaf0   0x000000fc   Code   RO         3468    i.nrfx_timer_init   nrfx_timer.o
    0x0002ebec   0x0002ebec   0x00000014   Code   RO         3222    i.nrfx_uart_0_irq_handler  nrfx_uart.o
    0x0002ec00   0x0002ec00   0x00000088   Code   RO         3224    i.nrfx_uart_init    nrfx_uart.o
    0x0002ec88   0x0002ec88   0x00000124   Code   RO         3225    i.nrfx_uart_rx      nrfx_uart.o
    0x0002edac   0x0002edac   0x0000008c   Code   RO         3230    i.nrfx_uart_tx      nrfx_uart.o
    0x0002ee38   0x0002ee38   0x00000024   Code   RO         3232    i.nrfx_uart_tx_in_progress  nrfx_uart.o
    0x0002ee5c   0x0002ee5c   0x00000044   Code   RO         3233    i.nrfx_uart_uninit  nrfx_uart.o
    0x0002eea0   0x0002eea0   0x00000014   Code   RO         3639    i.nrfx_uarte_0_irq_handler  nrfx_uarte.o
    0x0002eeb4   0x0002eeb4   0x00000080   Code   RO         3641    i.nrfx_uarte_init   nrfx_uarte.o
    0x0002ef34   0x0002ef34   0x00000138   Code   RO         3642    i.nrfx_uarte_rx     nrfx_uarte.o
    0x0002f06c   0x0002f06c   0x000000c0   Code   RO         3645    i.nrfx_uarte_tx     nrfx_uarte.o
    0x0002f12c   0x0002f12c   0x00000020   Code   RO         3647    i.nrfx_uarte_tx_in_progress  nrfx_uarte.o
    0x0002f14c   0x0002f14c   0x00000094   Code   RO         3648    i.nrfx_uarte_uninit  nrfx_uarte.o
    0x0002f1e0   0x0002f1e0   0x0000003c   Code   RO           36    i.nus_c_init        main.o
    0x0002f21c   0x0002f21c   0x00000010   Code   RO           37    i.nus_error_handler  main.o
    0x0002f22c   0x0002f22c   0x000001b4   Code   RO         1474    i.on_characteristic_discovery_rsp  ble_db_discovery.o
    0x0002f3e0   0x0002f3e0   0x00000014   Code   RO         4079    i.on_compare1_evt   app_timer2.o
    0x0002f3f4   0x0002f3f4   0x00000020   Code   RO         4080    i.on_compare_evt    app_timer2.o
    0x0002f414   0x0002f414   0x0000013c   Code   RO         1703    i.on_connected_evt  nrf_ble_gatt.o
    0x0002f550   0x0002f550   0x00000150   Code   RO         1704    i.on_data_length_update_evt  nrf_ble_gatt.o
    0x0002f6a0   0x0002f6a0   0x00000090   Code   RO         1705    i.on_data_length_update_request_evt  nrf_ble_gatt.o
    0x0002f730   0x0002f730   0x00000148   Code   RO         1475    i.on_descriptor_discovery_rsp  ble_db_discovery.o
    0x0002f878   0x0002f878   0x0000001a   Code   RO         1476    i.on_disconnected   ble_db_discovery.o
    0x0002f892   0x0002f892   0x00000014   Code   RO         1706    i.on_disconnected_evt  nrf_ble_gatt.o
    0x0002f8a6   0x0002f8a6   0x00000002   PAD
    0x0002f8a8   0x0002f8a8   0x0000017c   Code   RO         1707    i.on_exchange_mtu_request_evt  nrf_ble_gatt.o
    0x0002fa24   0x0002fa24   0x000000c0   Code   RO         1708    i.on_exchange_mtu_rsp_evt  nrf_ble_gatt.o
    0x0002fae4   0x0002fae4   0x0000006c   Code   RO         2069    i.on_hvx            ble_nus_c.o
    0x0002fb50   0x0002fb50   0x0000006c   Code   RO         2155    i.on_hvx            ble_dfu_c.o
    0x0002fbbc   0x0002fbbc   0x00000024   Code   RO         5454    i.on_operation_failure  nrf_fstorage_sd.o
    0x0002fbe0   0x0002fbe0   0x00000060   Code   RO         5455    i.on_operation_success  nrf_fstorage_sd.o
    0x0002fc40   0x0002fc40   0x0000001c   Code   RO         4081    i.on_overflow_evt   app_timer2.o
    0x0002fc5c   0x0002fc5c   0x00000144   Code   RO         1477    i.on_primary_srv_discovery_rsp  ble_db_discovery.o
    0x0002fda0   0x0002fda0   0x000000d8   Code   RO         1478    i.on_srv_disc_completion  ble_db_discovery.o
    0x0002fe78   0x0002fe78   0x00000030   Code   RO         1479    i.pending_user_evts_send  ble_db_discovery.o
    0x0002fea8   0x0002fea8   0x00000078   Code   RO         3234    i.pins_to_default   nrfx_uart.o
    0x0002ff20   0x0002ff20   0x0000007e   Code   RO         3649    i.pins_to_default   nrfx_uarte.o
    0x0002ff9e   0x0002ff9e   0x00000002   PAD
    0x0002ffa0   0x0002ffa0   0x000000c0   Code   RO         2836    i.port_event_handle  nrfx_gpiote.o
    0x00030060   0x00030060   0x00000010   Code   RO         2837    i.port_handler_pin_get  nrfx_gpiote.o
    0x00030070   0x00030070   0x00000010   Code   RO         2838    i.port_handler_polarity_get  nrfx_gpiote.o
    0x00030080   0x00030080   0x00000048   Code   RO         6030    i.postfix_process   nrf_log_str_formatter.o
    0x000300c8   0x000300c8   0x000000a4   Code   RO         6031    i.prefix_process    nrf_log_str_formatter.o
    0x0003016c   0x0003016c   0x00000018   Code   RO         3153    i.prs_box_get       nrfx_prs.o
    0x00030184   0x00030184   0x00000018   Code   RO         5456    i.queue_free        nrf_fstorage_sd.o
    0x0003019c   0x0003019c   0x0000002c   Code   RO         5457    i.queue_load_next   nrf_fstorage_sd.o
    0x000301c8   0x000301c8   0x000002e4   Code   RO         1824    i.queue_process     nrf_ble_gq.o
    0x000304ac   0x000304ac   0x00000090   Code   RO         5458    i.queue_process     nrf_fstorage_sd.o
    0x0003053c   0x0003053c   0x0000001c   Code   RO         5459    i.queue_start       nrf_fstorage_sd.o
    0x00030558   0x00030558   0x0000001e   Code   RO         5092    i.queue_utilization_get  nrf_queue.o
    0x00030576   0x00030576   0x00000002   PAD
    0x00030578   0x00030578   0x000000ec   Code   RO         1825    i.queues_purge      nrf_ble_gq.o
    0x00030664   0x00030664   0x0000001c   Code   RO         5460    i.read              nrf_fstorage_sd.o
    0x00030680   0x00030680   0x00000040   Code   RO         1480    i.registered_handler_get  ble_db_discovery.o
    0x000306c0   0x000306c0   0x00000044   Code   RO         1481    i.registered_handler_set  ble_db_discovery.o
    0x00030704   0x00030704   0x00000098   Code   RO         1826    i.request_err_code_handle  nrf_ble_gq.o
    0x0003079c   0x0003079c   0x00000220   Code   RO         1827    i.request_process   nrf_ble_gq.o
    0x000309bc   0x000309bc   0x00000006   Code   RO         5461    i.rmap              nrf_fstorage_sd.o
    0x000309c2   0x000309c2   0x00000016   Code   RO          888    i.round_up_u32      memory_storage.o
    0x000309d8   0x000309d8   0x0000003e   Code   RO         4082    i.rtc_irq           app_timer2.o
    0x00030a16   0x00030a16   0x00000002   PAD
    0x00030a18   0x00030a18   0x00000084   Code   RO         4083    i.rtc_schedule      app_timer2.o
    0x00030a9c   0x00030a9c   0x000000ac   Code   RO         4084    i.rtc_update        app_timer2.o
    0x00030b48   0x00030b48   0x0000003e   Code   RO         3235    i.rx_byte           nrfx_uart.o
    0x00030b86   0x00030b86   0x0000001c   Code   RO         3236    i.rx_done_event     nrfx_uart.o
    0x00030ba2   0x00030ba2   0x0000001c   Code   RO         3650    i.rx_done_event     nrfx_uarte.o
    0x00030bbe   0x00030bbe   0x00000022   Code   RO         3237    i.rx_enable         nrfx_uart.o
    0x00030be0   0x00030be0   0x00000180   Code   RO          579    i.rx_message        uart.o
    0x00030d60   0x00030d60   0x000000e0   Code   RO           38    i.scan_evt_handler  main.o
    0x00030e40   0x00030e40   0x000000e4   Code   RO           39    i.scan_init         main.o
    0x00030f24   0x00030f24   0x0000003c   Code   RO           40    i.scan_start        main.o
    0x00030f60   0x00030f60   0x0000007c   Code   RO         6354    i.sd_nvic_DisableIRQ  nrf_sdh.o
    0x00030fdc   0x00030fdc   0x000000a4   Code   RO         6355    i.sd_nvic_EnableIRQ  nrf_sdh.o
    0x00031080   0x00031080   0x00000068   Code   RO         4317    i.sd_nvic_critical_region_enter  app_util_platform.o
    0x000310e8   0x000310e8   0x00000090   Code   RO         2258    i.sd_state_evt_handler  nrf_drv_clock.o
    0x00031178   0x00031178   0x0000003c   Code   RO         6356    i.sdh_request_observer_notify  nrf_sdh.o
    0x000311b4   0x000311b4   0x00000034   Code   RO         6357    i.sdh_state_observer_notify  nrf_sdh.o
    0x000311e8   0x000311e8   0x00000078   Code   RO           41    i.second_f          main.o
    0x00031260   0x00031260   0x00000018   Code   RO           42    i.second_timer_handler  main.o
    0x00031278   0x00031278   0x00000058   Code   RO          580    i.send_error        uart.o
    0x000312d0   0x000312d0   0x00000044   Code   RO          581    i.send_message      uart.o
    0x00031314   0x00031314   0x00000064   Code   RO           43    i.send_process_firmware  main.o
    0x00031378   0x00031378   0x00000084   Code   RO         5680    i.serial_tx         nrf_log_backend_rtt.o
    0x000313fc   0x000313fc   0x00000020   Code   RO          582    i.set_error         uart.o
    0x0003141c   0x0003141c   0x0000001c   Code   RO         2259    i.soc_evt_handler   nrf_drv_clock.o
    0x00031438   0x00031438   0x0000001e   Code   RO         6358    i.softdevice_evt_irq_disable  nrf_sdh.o
    0x00031456   0x00031456   0x0000001e   Code   RO         6359    i.softdevices_evt_irq_enable  nrf_sdh.o
    0x00031474   0x00031474   0x00000018   Code   RO         4085    i.sorted_list_stop_all  app_timer2.o
    0x0003148c   0x0003148c   0x00000018   Code   RO         4086    i.sortlist_pop      app_timer2.o
    0x000314a4   0x000314a4   0x00000064   Code   RO         5846    i.std_header_set    nrf_log_frontend.o
    0x00031508   0x00031508   0x00000074   Code   RO         5847    i.std_n             nrf_log_frontend.o
    0x0003157c   0x0003157c   0x00000074   Code   RO         4956    i.string_print      nrf_fprintf_format.o
    0x000315f0   0x000315f0   0x0000000a   Code   RO         4420    i.ticks_sub         drv_rtc.o
    0x000315fa   0x000315fa   0x00000002   PAD
    0x000315fc   0x000315fc   0x000000b4   Code   RO         4087    i.timer_expire      app_timer2.o
    0x000316b0   0x000316b0   0x00000068   Code   RO           44    i.timer_init        main.o
    0x00031718   0x00031718   0x00000098   Code   RO         4088    i.timer_req_process  app_timer2.o
    0x000317b0   0x000317b0   0x00000040   Code   RO         4089    i.timer_req_schedule  app_timer2.o
    0x000317f0   0x000317f0   0x00000002   Code   RO         6032    i.timestamp_print   nrf_log_str_formatter.o
    0x000317f2   0x000317f2   0x00000036   Code   RO         3238    i.tx_blocking       nrfx_uart.o
    0x00031828   0x00031828   0x00000026   Code   RO         3239    i.tx_byte           nrfx_uart.o
    0x0003184e   0x0003184e   0x00000020   Code   RO         3240    i.tx_done_event     nrfx_uart.o
    0x0003186e   0x0003186e   0x00000020   Code   RO         3651    i.tx_done_event     nrfx_uarte.o
    0x0003188e   0x0003188e   0x00000002   PAD
    0x00031890   0x00031890   0x00000150   Code   RO          583    i.tx_message        uart.o
    0x000319e0   0x000319e0   0x00000058   Code   RO          584    i.uart_event_handle  uart.o
    0x00031a38   0x00031a38   0x000000e4   Code   RO         4236    i.uart_event_handler  app_uart_fifo.o
    0x00031b1c   0x00031b1c   0x00000038   Code   RO         2419    i.uart_evt_handler  nrf_drv_uart.o
    0x00031b54   0x00031b54   0x0000005c   Code   RO          585    i.uart_init         uart.o
    0x00031bb0   0x00031bb0   0x0000014e   Code   RO         3241    i.uart_irq_handler  nrfx_uart.o
    0x00031cfe   0x00031cfe   0x0000000c   Code   RO          586    i.uart_repair_timer_handler  uart.o
    0x00031d0a   0x00031d0a   0x0000000c   Code   RO          587    i.uart_repair_timer_restart  uart.o
    0x00031d16   0x00031d16   0x00000002   PAD
    0x00031d18   0x00031d18   0x00000018   Code   RO          588    i.uart_repair_timer_start  uart.o
    0x00031d30   0x00031d30   0x00000010   Code   RO          589    i.uart_repair_timer_stop  uart.o
    0x00031d40   0x00031d40   0x00000088   Code   RO           45    i.uart_rx_f         main.o
    0x00031dc8   0x00031dc8   0x00000018   Code   RO          590    i.uart_start        uart.o
    0x00031de0   0x00031de0   0x00000010   Code   RO          592    i.uart_tx_buff_clear  uart.o
    0x00031df0   0x00031df0   0x00000028   Code   RO          593    i.uart_tx_timer_handler  uart.o
    0x00031e18   0x00031e18   0x00000074   Code   RO          594    i.uart_tx_timer_init  uart.o
    0x00031e8c   0x00031e8c   0x0000000c   Code   RO          595    i.uart_waiting_timer_handler  uart.o
    0x00031e98   0x00031e98   0x0000000c   Code   RO          596    i.uart_waiting_timer_restart  uart.o
    0x00031ea4   0x00031ea4   0x00000018   Code   RO          597    i.uart_waiting_timer_start  uart.o
    0x00031ebc   0x00031ebc   0x00000010   Code   RO          598    i.uart_waiting_timer_stop  uart.o
    0x00031ecc   0x00031ecc   0x00000038   Code   RO         2420    i.uarte_evt_handler  nrf_drv_uart.o
    0x00031f04   0x00031f04   0x00000134   Code   RO         3652    i.uarte_irq_handler  nrfx_uarte.o
    0x00032038   0x00032038   0x00000024   Code   RO         5462    i.uninit            nrf_fstorage_sd.o
    0x0003205c   0x0003205c   0x000000b8   Code   RO         4957    i.unsigned_print    nrf_fprintf_format.o
    0x00032114   0x00032114   0x00000012   Code   RO          889    i.wait_for_flash_ready  memory_storage.o
    0x00032126   0x00032126   0x00000006   Code   RO         5463    i.wmap              nrf_fstorage_sd.o
    0x0003212c   0x0003212c   0x00000054   Code   RO         5464    i.write             nrf_fstorage_sd.o
    0x00032180   0x00032180   0x00000058   Code   RO         5465    i.write_execute     nrf_fstorage_sd.o
    0x000321d8   0x000321d8   0x00000008   PAD
    0x000321e0   0x000321e0   0x00000056   Data   RO           47    .constdata          main.o
    0x00032236   0x00032236   0x00000002   PAD
    0x00032238   0x00032238   0x00000030   Data   RO          600    .constdata          uart.o
    0x00032268   0x00032268   0x00000001   Data   RO         1069    .constdata          boards.o
    0x00032269   0x00032269   0x00000003   PAD
    0x0003226c   0x0003226c   0x00000008   Data   RO         1167    .constdata          bsp.o
    0x00032274   0x00032274   0x0000007c   Data   RO         1483    .constdata          ble_db_discovery.o
    0x000322f0   0x000322f0   0x00000016   Data   RO         1709    .constdata          nrf_ble_gatt.o
    0x00032306   0x00032306   0x00000002   PAD
    0x00032308   0x00032308   0x00000018   Data   RO         1828    .constdata          nrf_ble_gq.o
    0x00032320   0x00032320   0x00000010   Data   RO         2070    .constdata          ble_nus_c.o
    0x00032330   0x00032330   0x00000010   Data   RO         2156    .constdata          ble_dfu_c.o
    0x00032340   0x00032340   0x0000003e   Data   RO         2840    .constdata          nrfx_gpiote.o
    0x0003237e   0x0003237e   0x00000002   PAD
    0x00032380   0x00032380   0x0000002e   Data   RO         3243    .constdata          nrfx_uart.o
    0x000323ae   0x000323ae   0x00000002   PAD
    0x000323b0   0x000323b0   0x00000030   Data   RO         3654    .constdata          nrfx_uarte.o
    0x000323e0   0x000323e0   0x00000014   Data   RO         4091    .constdata          app_timer2.o
    0x000323f4   0x000323f4   0x00000020   Data   RO         4238    .constdata          app_uart_fifo.o
    0x00032414   0x00032414   0x0000000c   PAD
    0x00032420   0x00032420   0x00000006   Data   RO         4421    .constdata          drv_rtc.o
    0x00032426   0x00032426   0x00000010   Data   RO         4958    .constdata          nrf_fprintf_format.o
    0x00032436   0x00032436   0x00000002   PAD
    0x00032438   0x00032438   0x0000013c   Data   RO         5354    .constdata          nrf_strerror.o
    0x00032574   0x00032574   0x00000030   Data   RO         5467    .constdata          nrf_fstorage_sd.o
    0x000325a4   0x000325a4   0x0000005e   Data   RO         5592    .constdata          nrf_fstorage.o
    0x00032602   0x00032602   0x0000000e   PAD
    0x00032610   0x00032610   0x00000016   Data   RO         5682    .constdata          nrf_log_backend_rtt.o
    0x00032626   0x00032626   0x00000002   PAD
    0x00032628   0x00032628   0x0000000c   Data   RO         5849    .constdata          nrf_log_frontend.o
    0x00032634   0x00032634   0x00000058   Data   RO         6360    .constdata          nrf_sdh.o
    0x0003268c   0x0003268c   0x00000030   Data   RO         6482    .constdata          nrf_sdh_ble.o
    0x000326bc   0x000326bc   0x0000001c   Data   RO         6536    .constdata          nrf_sdh_soc.o
    0x000326d8   0x000326d8   0x00000081   Data   RO         6672    .constdata          mc_w.l(ctype_o.o)
    0x00032759   0x00032759   0x00000003   PAD
    0x0003275c   0x0003275c   0x00000004   Data   RO         6673    .constdata          mc_w.l(ctype_o.o)
    0x00032760   0x00032760   0x00000041   Data   RO          892    .conststring        memory_storage.o
    0x000327a1   0x000327a1   0x00000003   PAD
    0x000327a4   0x000327a4   0x0000018c   Data   RO         1484    .conststring        ble_db_discovery.o
    0x00032930   0x00032930   0x0000013e   Data   RO         1710    .conststring        nrf_ble_gatt.o
    0x00032a6e   0x00032a6e   0x00000002   PAD
    0x00032a70   0x00032a70   0x0000011e   Data   RO         1829    .conststring        nrf_ble_gq.o
    0x00032b8e   0x00032b8e   0x00000002   PAD
    0x00032b90   0x00032b90   0x000003eb   Data   RO         5355    .conststring        nrf_strerror.o
    0x00032f7b   0x00032f7b   0x00000001   PAD
    0x00032f7c   0x00032f7c   0x0000004f   Data   RO         5593    .conststring        nrf_fstorage.o
    0x00032fcb   0x00032fcb   0x00000001   PAD
    0x00032fcc   0x00032fcc   0x00000066   Data   RO         6033    .conststring        nrf_log_str_formatter.o
    0x00033032   0x00033032   0x00000002   PAD
    0x00033034   0x00033034   0x0000000c   Data   RO         1485    .conststrlit        ble_db_discovery.o
    0x00033040   0x00033040   0x0000000d   Data   RO         1711    .conststrlit        nrf_ble_gatt.o
    0x0003304d   0x0003304d   0x00000003   PAD
    0x00033050   0x00033050   0x0000000b   Data   RO         1830    .conststrlit        nrf_ble_gq.o
    0x0003305b   0x0003305b   0x00000001   PAD
    0x0003305c   0x0003305c   0x00000009   Data   RO         1929    .conststrlit        nrf_ble_scan.o
    0x00033065   0x00033065   0x00000003   PAD
    0x00033068   0x00033068   0x0000000a   Data   RO         2071    .conststrlit        ble_nus_c.o
    0x00033072   0x00033072   0x00000002   PAD
    0x00033074   0x00033074   0x0000000a   Data   RO         2157    .conststrlit        ble_dfu_c.o
    0x0003307e   0x0003307e   0x00000002   PAD
    0x00033080   0x00033080   0x00000006   Data   RO         2262    .conststrlit        nrf_drv_clock.o
    0x00033086   0x00033086   0x00000002   PAD
    0x00033088   0x00033088   0x00000006   Data   RO         2634    .conststrlit        nrfx_clock.o
    0x0003308e   0x0003308e   0x00000002   PAD
    0x00033090   0x00033090   0x00000007   Data   RO         2841    .conststrlit        nrfx_gpiote.o
    0x00033097   0x00033097   0x00000001   PAD
    0x00033098   0x00033098   0x00000004   Data   RO         3155    .conststrlit        nrfx_prs.o
    0x0003309c   0x0003309c   0x00000005   Data   RO         3244    .conststrlit        nrfx_uart.o
    0x000330a1   0x000330a1   0x00000003   PAD
    0x000330a4   0x000330a4   0x00000006   Data   RO         3475    .conststrlit        nrfx_timer.o
    0x000330aa   0x000330aa   0x00000002   PAD
    0x000330ac   0x000330ac   0x00000006   Data   RO         3655    .conststrlit        nrfx_uarte.o
    0x000330b2   0x000330b2   0x00000002   PAD
    0x000330b4   0x000330b4   0x0000000a   Data   RO         4092    .conststrlit        app_timer2.o
    0x000330be   0x000330be   0x00000002   PAD
    0x000330c0   0x000330c0   0x00000009   Data   RO         5301    .conststrlit        nrf_sortlist.o
    0x000330c9   0x000330c9   0x00000003   PAD
    0x000330cc   0x000330cc   0x0000000d   Data   RO         5594    .conststrlit        nrf_fstorage.o
    0x000330d9   0x000330d9   0x00000003   PAD
    0x000330dc   0x000330dc   0x00000010   Data   RO         5782    .conststrlit        nrf_log_default_backends.o
    0x000330ec   0x000330ec   0x00000004   Data   RO         5850    .conststrlit        nrf_log_frontend.o
    0x000330f0   0x000330f0   0x00000008   Data   RO         6361    .conststrlit        nrf_sdh.o
    0x000330f8   0x000330f8   0x0000000c   Data   RO         6483    .conststrlit        nrf_sdh_ble.o
    0x00033104   0x00033104   0x0000000c   Data   RO         6537    .conststrlit        nrf_sdh_soc.o
    0x00033110   0x00033110   0x00000020   Data   RO         6733    Region$$Table       anon$$obj.o
    0x00033130   0x00033130   0x00000010   Data   RO         5784    log_backends        nrf_log_default_backends.o
    0x00033140   0x00033140   0x00000008   Data   RO         1487    log_const_data      ble_db_discovery.o
    0x00033148   0x00033148   0x00000008   Data   RO         1712    log_const_data      nrf_ble_gatt.o
    0x00033150   0x00033150   0x00000008   Data   RO         1831    log_const_data      nrf_ble_gq.o
    0x00033158   0x00033158   0x00000008   Data   RO         1930    log_const_data      nrf_ble_scan.o
    0x00033160   0x00033160   0x00000008   Data   RO         2072    log_const_data      ble_nus_c.o
    0x00033168   0x00033168   0x00000008   Data   RO         2158    log_const_data      ble_dfu_c.o
    0x00033170   0x00033170   0x00000008   Data   RO         2263    log_const_data      nrf_drv_clock.o
    0x00033178   0x00033178   0x00000008   Data   RO         2636    log_const_data      nrfx_clock.o
    0x00033180   0x00033180   0x00000008   Data   RO         2842    log_const_data      nrfx_gpiote.o
    0x00033188   0x00033188   0x00000008   Data   RO         3157    log_const_data      nrfx_prs.o
    0x00033190   0x00033190   0x00000008   Data   RO         3245    log_const_data      nrfx_uart.o
    0x00033198   0x00033198   0x00000008   Data   RO         3476    log_const_data      nrfx_timer.o
    0x000331a0   0x000331a0   0x00000008   Data   RO         3656    log_const_data      nrfx_uarte.o
    0x000331a8   0x000331a8   0x00000008   Data   RO         4094    log_const_data      app_timer2.o
    0x000331b0   0x000331b0   0x00000008   Data   RO         5302    log_const_data      nrf_sortlist.o
    0x000331b8   0x000331b8   0x00000008   Data   RO         5595    log_const_data      nrf_fstorage.o
    0x000331c0   0x000331c0   0x00000008   Data   RO         5852    log_const_data      nrf_log_frontend.o
    0x000331c8   0x000331c8   0x00000008   Data   RO         6363    log_const_data      nrf_sdh.o
    0x000331d0   0x000331d0   0x00000008   Data   RO         6485    log_const_data      nrf_sdh_ble.o
    0x000331d8   0x000331d8   0x00000008   Data   RO         6538    log_const_data      nrf_sdh_soc.o
    0x000331e0   0x000331e0   0x00000014   Data   RO           49    nrf_balloc          main.o
    0x000331f4   0x000331f4   0x00000014   Data   RO         5853    nrf_balloc          nrf_log_frontend.o
    0x00033208   0x00033208   0x00000014   Data   RO           50    nrf_queue           main.o
    0x0003321c   0x0003321c   0x00000020   Data   RO           51    sdh_ble_observers1  main.o
    0x0003323c   0x0003323c   0x00000010   Data   RO           52    sdh_ble_observers2  main.o
    0x0003324c   0x0003324c   0x00000008   Data   RO           53    sdh_ble_observers3  main.o
    0x00033254   0x00033254   0x00000008   Data   RO         5469    sdh_req_observers0  nrf_fstorage_sd.o
    0x0003325c   0x0003325c   0x00000008   Data   RO         2264    sdh_soc_observers0  nrf_drv_clock.o
    0x00033264   0x00033264   0x00000008   Data   RO         5470    sdh_soc_observers0  nrf_fstorage_sd.o
    0x0003326c   0x0003326c   0x00000008   Data   RO         6486    sdh_stack_observers0  nrf_sdh_ble.o
    0x00033274   0x00033274   0x00000008   Data   RO         6539    sdh_stack_observers0  nrf_sdh_soc.o
    0x0003327c   0x0003327c   0x00000008   Data   RO         2265    sdh_state_observers0  nrf_drv_clock.o
    0x00033284   0x00033284   0x00000008   Data   RO         5471    sdh_state_observers0  nrf_fstorage_sd.o


    Execution Region RW_IRAM1 (Exec base: 0x20002a38, Load base: 0x0003328c, Size: 0x00003e28, Max: 0x0000d5c8, ABSOLUTE, COMPRESSED[0x00000090])

    Exec Addr    Load Addr    Size         Type   Attr      Idx    E Section Name        Object

    0x20002a38   COMPRESSED   0x00000680   Data   RW           48    .data               main.o
    0x200030b8   COMPRESSED   0x0000005a   Data   RW          601    .data               uart.o
    0x20003112   COMPRESSED   0x00000002   PAD
    0x20003114   COMPRESSED   0x00000008   Data   RW          893    .data               memory_storage.o
    0x2000311c   COMPRESSED   0x00000004   PAD
    0x20003120   COMPRESSED   0x00000050   Data   RW         1168    .data               bsp.o
    0x20003170   COMPRESSED   0x0000000d   Data   RW         1486    .data               ble_db_discovery.o
    0x2000317d   COMPRESSED   0x00000003   PAD
    0x20003180   COMPRESSED   0x00000009   Data   RW         2421    .data               nrf_drv_uart.o
    0x20003189   COMPRESSED   0x00000003   PAD
    0x2000318c   COMPRESSED   0x00000008   Data   RW         2635    .data               nrfx_clock.o
    0x20003194   COMPRESSED   0x00000008   Data   RW         3156    .data               nrfx_prs.o
    0x2000319c   COMPRESSED   0x00000004   PAD
    0x200031a0   COMPRESSED   0x00000024   Data   RW         4093    .data               app_timer2.o
    0x200031c4   COMPRESSED   0x0000001b   Data   RW         4239    .data               app_uart_fifo.o
    0x200031df   COMPRESSED   0x00000001   PAD
    0x200031e0   COMPRESSED   0x0000000c   Data   RW         4422    .data               drv_rtc.o
    0x200031ec   COMPRESSED   0x00000008   Data   RW         5468    .data               nrf_fstorage_sd.o
    0x200031f4   COMPRESSED   0x00000001   Data   RW         5683    .data               nrf_log_backend_rtt.o
    0x200031f5   COMPRESSED   0x00000003   PAD
    0x200031f8   COMPRESSED   0x00000008   Data   RW         5783    .data               nrf_log_default_backends.o
    0x20003200   COMPRESSED   0x00000014   Data   RW         5851    .data               nrf_log_frontend.o
    0x20003214   COMPRESSED   0x00000040   Data   RW         6034    .data               nrf_log_str_formatter.o
    0x20003254   COMPRESSED   0x00000003   Data   RW         6362    .data               nrf_sdh.o
    0x20003257   COMPRESSED   0x00000001   Data   RW         6484    .data               nrf_sdh_ble.o
    0x20003258   COMPRESSED   0x00000004   Data   RW         6589    .data               system_nrf52.o
    0x2000325c   COMPRESSED   0x00000014   Data   RW          894    fs_data             memory_storage.o
    0x20003270        -       0x00000638   Zero   RW           46    .bss                main.o
    0x200038a8        -       0x00000300   Zero   RW          599    .bss                uart.o
    0x20003ba8        -       0x00000200   Zero   RW          890    .bss                memory_storage.o
    0x20003da8        -       0x00000018   Zero   RW         1482    .bss                ble_db_discovery.o
    0x20003dc0        -       0x00000014   Zero   RW         2260    .bss                nrf_drv_clock.o
    0x20003dd4        -       0x0000005c   Zero   RW         2839    .bss                nrfx_gpiote.o
    0x20003e30        -       0x0000002c   Zero   RW         3242    .bss                nrfx_uart.o
    0x20003e5c        -       0x0000000c   Zero   RW         3473    .bss                nrfx_timer.o
    0x20003e68        -       0x00000024   Zero   RW         3653    .bss                nrfx_uarte.o
    0x20003e8c        -       0x000000b8   Zero   RW         4090    .bss                app_timer2.o
    0x20003f44        -       0x00000020   Zero   RW         4237    .bss                app_uart_fifo.o
    0x20003f64        -       0x0000000c   Zero   RW         4318    .bss                app_util_platform.o
    0x20003f70        -       0x000000b0   Zero   RW         5466    .bss                nrf_fstorage_sd.o
    0x20004020        -       0x00000040   Zero   RW         5681    .bss                nrf_log_backend_rtt.o
    0x20004060        -       0x00000578   Zero   RW         5848    .bss                nrf_log_frontend.o
    0x200045d8        -       0x00000288   Zero   RW         6114    .bss                segger_rtt.o
    0x20004860        -       0x00002000   Zero   RW         6566    STACK               arm_startup_nrf52.o


==============================================================================

Image component sizes


      Code (inc. data)   RO Data    RW Data    ZI Data      Debug   Object Name

        28          0          0          0          0       2433   app_error.o
       192         46          0          0          0       4050   app_error_weak.o
       180          0          0          0          0       6383   app_fifo.o
      1320        118         38         36        184      18545   app_timer2.o
       890        128         32         27         32      17588   app_uart_fifo.o
       200         24          0          0         12      11198   app_util_platform.o
        36          8        512          0       8192        884   arm_startup_nrf52.o
       378          0          0          0          0      93911   ble_advdata.o
      2860        302        540         13         24      36371   ble_db_discovery.o
      1248        256         34          0          0      13279   ble_dfu_c.o
       980        170         34          0          0      13268   ble_nus_c.o
       330         20          1          0          0      11634   boards.o
      1096         82          8         80          0       5744   bsp.o
        76          6          0          0          0       1396   crc32.o
       996         98          6         12          0      51942   drv_rtc.o
      9322       1640        182       1664       1592     228383   main.o
       916        202         65         28        512      21035   memory_storage.o
       374          0          0          0          0       6460   nrf_atfifo.o
       400          0          0          0          0       8792   nrf_atomic.o
       218          0          0          0          0       3631   nrf_balloc.o
      2098        788        361          0          0      39414   nrf_ble_gatt.o
      2684        942        329          0          0      11247   nrf_ble_gq.o
      1728        208         17          0          0      19595   nrf_ble_scan.o
       440         52         30          0         20      45644   nrf_drv_clock.o
       252         42          0          9          0      17396   nrf_drv_uart.o
        70          0          0          0          0       3421   nrf_fprintf.o
      1030          6         16          0          0       6966   nrf_fprintf_format.o
      1728        594        194          0          0       9263   nrf_fstorage.o
      1118        118         72          8        176      15999   nrf_fstorage_sd.o
       176         16         22          1         64       6661   nrf_log_backend_rtt.o
       242          0          0          0          0      10829   nrf_log_backend_serial.o
        40          6         32          8          0       3217   nrf_log_default_backends.o
      2416        158         44         20       1400      34070   nrf_log_frontend.o
       626        112        102         64          0       5752   nrf_log_str_formatter.o
       514          0          0          0          0       9359   nrf_memobj.o
       460          0          0          0          0       5797   nrf_queue.o
        28          0          0          0          0       2235   nrf_ringbuf.o
       862         86        104          3          0      46178   nrf_sdh.o
       364         18         76          1          0       5515   nrf_sdh_ble.o
        84          4         56          0          0       2476   nrf_sdh_soc.o
       112          0          0          0          0       2672   nrf_section_iter.o
       110          0         17          0          0       3809   nrf_sortlist.o
        92         10       1319          0          0       2603   nrf_strerror.o
       424         32         14          8          0      48448   nrfx_clock.o
       664         44         77          0         92      59426   nrfx_gpiote.o
       140         14         12          8          0       4328   nrfx_prs.o
       576         24         14          0         12      15943   nrfx_timer.o
      1994         60         59          0         44      37452   nrfx_uart.o
      1998         60         62          0         36      30091   nrfx_uarte.o
       470         44          0          0        648       8145   segger_rtt.o
      1372        142          0          4          0       7959   system_nrf52.o
      1596        236         48         90        768      47552   uart.o

    ----------------------------------------------------------------------
     48614       6924       4644       2104      13808    1126389   Object Totals
         0          0         32          0          0          0   (incl. Generated)
        66          8         83         20          0          0   (incl. Padding)

    ----------------------------------------------------------------------

      Code (inc. data)   RO Data    RW Data    ZI Data      Debug   Library Member Name

        86          0          0          0          0          0   __dczerorl2.o
         8          4        133          0          0         68   ctype_o.o
         0          0          0          0          0          0   entry.o
         0          0          0          0          0          0   entry10a.o
         0          0          0          0          0          0   entry11a.o
         4          0          0          0          0          0   entry12b.o
         8          4          0          0          0          0   entry2.o
         4          0          0          0          0          0   entry5.o
         0          0          0          0          0          0   entry7b.o
         0          0          0          0          0          0   entry8b.o
         8          4          0          0          0          0   entry9a.o
        30          0          0          0          0          0   handlers.o
        36          8          0          0          0         68   init.o
        30          0          0          0          0         68   llshl.o
        32          0          0          0          0         68   llushr.o
        26          0          0          0          0         80   memcmp.o
        36          0          0          0          0         68   memcpya.o
        36          0          0          0          0        108   memseta.o
        28          0          0          0          0         76   strcmp.o
        18          0          0          0          0         68   strcpy.o
        14          0          0          0          0         68   strlen.o
        98          0          0          0          0         92   uldiv.o

    ----------------------------------------------------------------------
       506         20        136          0          0        832   Library Totals
         4          0          3          0          0          0   (incl. Padding)

    ----------------------------------------------------------------------

      Code (inc. data)   RO Data    RW Data    ZI Data      Debug   Library Name

       502         20        133          0          0        832   mc_w.l

    ----------------------------------------------------------------------
       506         20        136          0          0        832   Library Totals

    ----------------------------------------------------------------------

==============================================================================


      Code (inc. data)   RO Data    RW Data    ZI Data      Debug   

     49120       6944       4780       2104      13808    1076293   Grand Totals
     49120       6944       4780        144      13808    1076293   ELF Image Totals (compressed)
     49120       6944       4780        144          0          0   ROM Totals

==============================================================================

    Total RO  Size (Code + RO Data)                53900 (  52.64kB)
    Total RW  Size (RW Data + ZI Data)             15912 (  15.54kB)
    Total ROM Size (Code + RO Data + RW Data)      54044 (  52.78kB)

==============================================================================

