Component: ARM Compiler 5.06 update 5 (build 528) Tool: armlink [4d35e2]

==============================================================================

Section Cross References

    main.o(i.add_device) refers to main.o(i.adv_report_parse) for adv_report_parse
    main.o(i.add_device) refers to memseta.o(.text) for __aeabi_memclr
    main.o(i.add_device) refers to memcpya.o(.text) for __aeabi_memcpy
    main.o(i.add_device) refers to main.o(.bss) for device_list
    main.o(i.add_device) refers to main.o(.data) for device_counter
    main.o(i.application_timers_start) refers to app_timer2.o(i.app_timer_start) for app_timer_start
    main.o(i.application_timers_start) refers to app_error.o(i.app_error_handler_bare) for app_error_handler_bare
    main.o(i.application_timers_start) refers to main.o(.constdata) for m_second_timer_id
    main.o(i.assert_nrf_callback) refers to app_error_handler_keil.o(.emb_text) for app_error_handler
    main.o(i.ble_dfu_c_evt_handler) refers to nrf_log_frontend.o(i.nrf_log_frontend_std_0) for nrf_log_frontend_std_0
    main.o(i.ble_dfu_c_evt_handler) refers to ble_dfu_c.o(i.ble_dfu_c_handles_assign) for ble_dfu_c_handles_assign
    main.o(i.ble_dfu_c_evt_handler) refers to app_error.o(i.app_error_handler_bare) for app_error_handler_bare
    main.o(i.ble_dfu_c_evt_handler) refers to ble_dfu_c.o(i.ble_dfu_c_tx_notif_enable) for ble_dfu_c_tx_notif_enable
    main.o(i.ble_dfu_c_evt_handler) refers to main.o(i.ble_dfu_control_point_received) for ble_dfu_control_point_received
    main.o(i.ble_dfu_c_evt_handler) refers to main.o(i.scan_start) for scan_start
    main.o(i.ble_dfu_c_evt_handler) refers to nrf_log_frontend.o(log_const_data) for m_nrf_log_app_logs_data_const
    main.o(i.ble_dfu_c_evt_handler) refers to main.o(.data) for _flags
    main.o(i.ble_dfu_control_point_received) refers to nrf_log_frontend.o(i.nrf_log_frontend_std_0) for nrf_log_frontend_std_0
    main.o(i.ble_dfu_control_point_received) refers to nrf_log_frontend.o(i.nrf_log_frontend_hexdump) for nrf_log_frontend_hexdump
    main.o(i.ble_dfu_control_point_received) refers to nrf_log_frontend.o(i.nrf_log_frontend_std_1) for nrf_log_frontend_std_1
    main.o(i.ble_dfu_control_point_received) refers to nrf_log_frontend.o(i.nrf_log_frontend_std_2) for nrf_log_frontend_std_2
    main.o(i.ble_dfu_control_point_received) refers to crc32.o(i.crc32_compute) for crc32_compute
    main.o(i.ble_dfu_control_point_received) refers to main.o(i.div_up) for div_up
    main.o(i.ble_dfu_control_point_received) refers to nrf_log_frontend.o(log_const_data) for m_nrf_log_app_logs_data_const
    main.o(i.ble_dfu_control_point_received) refers to main.o(.data) for who_sending
    main.o(i.ble_dfu_control_point_received) refers to main.o(.bss) for resp_com
    main.o(i.ble_evt_handler) refers to bsp.o(i.bsp_indication_set) for bsp_indication_set
    main.o(i.ble_evt_handler) refers to app_error.o(i.app_error_handler_bare) for app_error_handler_bare
    main.o(i.ble_evt_handler) refers to main.o(i.get_device_idx) for get_device_idx
    main.o(i.ble_evt_handler) refers to main.o(i.get_device) for get_device
    main.o(i.ble_evt_handler) refers to ble_dfu_c.o(i.ble_dfu_c_handles_assign) for ble_dfu_c_handles_assign
    main.o(i.ble_evt_handler) refers to app_timer2.o(i.app_timer_start) for app_timer_start
    main.o(i.ble_evt_handler) refers to ble_nus_c.o(i.ble_nus_c_handles_assign) for ble_nus_c_handles_assign
    main.o(i.ble_evt_handler) refers to ble_db_discovery.o(i.ble_db_discovery_start) for ble_db_discovery_start
    main.o(i.ble_evt_handler) refers to app_timer2.o(i.app_timer_stop) for app_timer_stop
    main.o(i.ble_evt_handler) refers to nrf_log_frontend.o(i.nrf_log_frontend_std_2) for nrf_log_frontend_std_2
    main.o(i.ble_evt_handler) refers to nrf_log_frontend.o(i.nrf_log_frontend_std_0) for nrf_log_frontend_std_0
    main.o(i.ble_evt_handler) refers to main.o(.data) for _flags
    main.o(i.ble_evt_handler) refers to main.o(.bss) for m_ble_dfu_c
    main.o(i.ble_evt_handler) refers to main.o(.constdata) for m_dfu_tx_timer_id
    main.o(i.ble_evt_handler) refers to nrf_log_frontend.o(log_const_data) for m_nrf_log_app_logs_data_const
    main.o(i.ble_nus_c_evt_handler) refers to nrf_log_frontend.o(i.nrf_log_frontend_std_0) for nrf_log_frontend_std_0
    main.o(i.ble_nus_c_evt_handler) refers to ble_nus_c.o(i.ble_nus_c_handles_assign) for ble_nus_c_handles_assign
    main.o(i.ble_nus_c_evt_handler) refers to app_error.o(i.app_error_handler_bare) for app_error_handler_bare
    main.o(i.ble_nus_c_evt_handler) refers to ble_nus_c.o(i.ble_nus_c_tx_notif_enable) for ble_nus_c_tx_notif_enable
    main.o(i.ble_nus_c_evt_handler) refers to memseta.o(.text) for __aeabi_memclr
    main.o(i.ble_nus_c_evt_handler) refers to memcpya.o(.text) for __aeabi_memcpy
    main.o(i.ble_nus_c_evt_handler) refers to main.o(i.scan_start) for scan_start
[...]
    nrfx_uarte_tx                            0x0002f13d   Thumb Code   188  nrfx_uarte.o(i.nrfx_uarte_tx)
    nrfx_uarte_tx_in_progress                0x0002f1fd   Thumb Code    26  nrfx_uarte.o(i.nrfx_uarte_tx_in_progress)
    nrfx_uarte_uninit                        0x0002f21d   Thumb Code   142  nrfx_uarte.o(i.nrfx_uarte_uninit)
    rx_message                               0x00030cb1   Thumb Code   324  uart.o(i.rx_message)
    second_f                                 0x0003128d   Thumb Code   112  main.o(i.second_f)
    send_error                               0x0003131d   Thumb Code    82  uart.o(i.send_error)
    send_message                             0x00031375   Thumb Code    46  uart.o(i.send_message)
    send_process_firmware                    0x000313b9   Thumb Code    90  main.o(i.send_process_firmware)
    set_error                                0x000314a1   Thumb Code    24  uart.o(i.set_error)
    tx_message                               0x00031935   Thumb Code   302  uart.o(i.tx_message)
    uart_event_handle                        0x00031a85   Thumb Code    76  uart.o(i.uart_event_handle)
    uart_repair_timer_restart                0x00031daf   Thumb Code    12  uart.o(i.uart_repair_timer_restart)
    uart_repair_timer_start                  0x00031dbd   Thumb Code    18  uart.o(i.uart_repair_timer_start)
    uart_repair_timer_stop                   0x00031dd5   Thumb Code    12  uart.o(i.uart_repair_timer_stop)
    uart_rx_f                                0x00031de5   Thumb Code   128  main.o(i.uart_rx_f)
    uart_start                               0x00031e6d   Thumb Code    24  uart.o(i.uart_start)
    uart_tx_buff_clear                       0x00031e85   Thumb Code    12  uart.o(i.uart_tx_buff_clear)
    uart_waiting_timer_restart               0x00031f41   Thumb Code    12  uart.o(i.uart_waiting_timer_restart)
    uart_waiting_timer_start                 0x00031f4d   Thumb Code    18  uart.o(i.uart_waiting_timer_start)
    uart_waiting_timer_stop                  0x00031f65   Thumb Code    12  uart.o(i.uart_waiting_timer_stop)
    wait_for_flash_ready                     0x000321bd   Thumb Code    18  memory_storage.o(i.wait_for_flash_ready)
    DEV_NAME                                 0x00032280   Data          17  main.o(.constdata)
    DFU_NAME                                 0x00032291   Data          19  main.o(.constdata)
    UART_TX_TIMER                            0x000322e0   Data           8  uart.o(.constdata)
    nrf_fstorage_sd                          0x00032624   Data          32  nrf_fstorage_sd.o(.constdata)
    nrf_log_backend_rtt_api                  0x000326b0   Data          12  nrf_log_backend_rtt.o(.constdata)
    m_ram_start                              0x00032758   Data           4  nrf_sdh_ble.o(.constdata)
    __ctype_table                            0x00032778   Data         129  ctype_o.o(.constdata)
    Region$$Table$$Base                      0x000331b0   Number         0  anon$$obj.o(Region$$Table)
    Region$$Table$$Limit                     0x000331d0   Number         0  anon$$obj.o(Region$$Table)
    log_const_data$$Base                     0x000331e0   Number         0  ble_db_discovery.o(log_const_data)
    m_nrf_log_ble_db_disc_logs_data_const    0x000331e0   Data           8  ble_db_discovery.o(log_const_data)
    m_nrf_log_nrf_ble_gatt_logs_data_const   0x000331e8   Data           8  nrf_ble_gatt.o(log_const_data)
    m_nrf_log_nrf_ble_gq_logs_data_const     0x000331f0   Data           8  nrf_ble_gq.o(log_const_data)
    m_nrf_log_ble_scan_logs_data_const       0x000331f8   Data           8  nrf_ble_scan.o(log_const_data)
    m_nrf_log_ble_nus_c_logs_data_const      0x00033200   Data           8  ble_nus_c.o(log_const_data)
    m_nrf_log_ble_dfu_c_logs_data_const      0x00033208   Data           8  ble_dfu_c.o(log_const_data)
    m_nrf_log_clock_logs_data_const          0x00033210   Data           8  nrf_drv_clock.o(log_const_data)
    m_nrf_log_CLOCK_logs_data_const          0x00033218   Data           8  nrfx_clock.o(log_const_data)
    m_nrf_log_GPIOTE_logs_data_const         0x00033220   Data           8  nrfx_gpiote.o(log_const_data)
    m_nrf_log_PRS_logs_data_const            0x00033228   Data           8  nrfx_prs.o(log_const_data)
    m_nrf_log_UART_logs_data_const           0x00033230   Data           8  nrfx_uart.o(log_const_data)
    m_nrf_log_TIMER_logs_data_const          0x00033238   Data           8  nrfx_timer.o(log_const_data)
    m_nrf_log_UARTE_logs_data_const          0x00033240   Data           8  nrfx_uarte.o(log_const_data)
    m_nrf_log_app_timer_logs_data_const      0x00033248   Data           8  app_timer2.o(log_const_data)
    m_nrf_log_sortlist_logs_data_const       0x00033250   Data           8  nrf_sortlist.o(log_const_data)
    m_nrf_log_nrf_fstorage_logs_data_const   0x00033258   Data           8  nrf_fstorage.o(log_const_data)
    m_nrf_log_app_logs_data_const            0x00033260   Data           8  nrf_log_frontend.o(log_const_data)
    m_nrf_log_nrf_sdh_logs_data_const        0x00033268   Data           8  nrf_sdh.o(log_const_data)
    m_nrf_log_nrf_sdh_ble_logs_data_const    0x00033270   Data           8  nrf_sdh_ble.o(log_const_data)
    m_nrf_log_nrf_sdh_soc_logs_data_const    0x00033278   Data           8  nrf_sdh_soc.o(log_const_data)
    log_const_data$$Limit                    0x00033280   Number         0  nrf_sdh_soc.o(log_const_data)
    m_ble_gatt_queuepool                     0x00033280   Data          20  main.o(nrf_balloc)
    log_mempool                              0x00033294   Data          20  nrf_log_frontend.o(nrf_balloc)
    m_ble_gatt_queuepurge_queue              0x000332a8   Data          20  main.o(nrf_queue)
    sdh_ble_observers1$$Base                 0x000332bc   Number         0  main.o(sdh_ble_observers1)
    sdh_ble_observers1$$Limit                0x000332dc   Number         0  main.o(sdh_ble_observers1)
    sdh_ble_observers2$$Base                 0x000332dc   Number         0  main.o(sdh_ble_observers2)
    sdh_ble_observers2$$Limit                0x000332ec   Number         0  main.o(sdh_ble_observers2)
    sdh_ble_observers3$$Base                 0x000332ec   Number         0  main.o(sdh_ble_observers3)
    m_req_obs                                0x000332f4   Data           8  nrf_fstorage_sd.o(sdh_req_observers0)
    sdh_ble_observers3$$Limit                0x000332f4   Number         0  main.o(sdh_ble_observers3)
    sdh_req_observers0$$Base                 0x000332f4   Number         0  nrf_fstorage_sd.o(sdh_req_observers0)
    sdh_req_observers0$$Limit                0x000332fc   Number         0  nrf_fstorage_sd.o(sdh_req_observers0)
    sdh_soc_observers0$$Base                 0x000332fc   Number         0  nrf_drv_clock.o(sdh_soc_observers0)
    sdh_soc_observers0$$Limit                0x0003330c   Number         0  nrf_fstorage_sd.o(sdh_soc_observers0)
    sdh_stack_observers0$$Base               0x0003330c   Number         0  nrf_sdh_ble.o(sdh_stack_observers0)
    sdh_stack_observers0$$Limit              0x0003331c   Number         0  nrf_sdh_soc.o(sdh_stack_observers0)
    sdh_state_observers0$$Base               0x0003331c   Number         0  nrf_drv_clock.o(sdh_state_observers0)
    sdh_state_observers0$$Limit              0x0003332c   Number         0  nrf_fstorage_sd.o(sdh_state_observers0)
    Image$$RW_IRAM1$$Base                    0x20002a38   Number         0  anon$$obj.o ABSOLUTE
    resp_sel_com_ok                          0x20002a38   Data           1  main.o(.data)
    resp_step                                0x20002a39   Data           1  main.o(.data)
    dongle_dfu_ip_ptr                        0x20002a3c   Data           4  main.o(.data)
    init_packet_is_sending                   0x20002a40   Data           1  main.o(.data)
    dongle_dfu_fi_ptr                        0x20002a44   Data           4  main.o(.data)
    firmware_image_is_sending                0x20002a48   Data           1  main.o(.data)
    dfu_prn_counter                          0x20002a4a   Data           2  main.o(.data)
    dfu_data_object_counter                  0x20002a4c   Data           4  main.o(.data)
    dfu_data_object_len                      0x20002a50   Data           4  main.o(.data)
    dfu_process_percent                      0x20002a54   Data           1  main.o(.data)
    device_selected_idx                      0x20002a55   Data           1  main.o(.data)
    device_selected_addr                     0x20002a56   Data           6  main.o(.data)
    device_counter                           0x20002a5c   Data           1  main.o(.data)
    ble_packets                              0x20002a5e   Data           6  main.o(.data)
    who_sending                              0x20002a64   Data           1  main.o(.data)
    send_data_offset                         0x20002a66   Data           2  main.o(.data)
    data_to_send_len                         0x20002a68   Data           2  main.o(.data)
    dfu_delay_counter                        0x20002ab0   Data           1  main.o(.data)
    _flags                                   0x20002ab4   Data           4  main.o(.data)
    temperature                              0x20002ab8   Data           4  main.o(.data)
    dev_ptr                                  0x200030b8   Data           4  main.o(.data)
    statRxDTbits                             0x20003100   Data           4  uart.o(.data)
    statTxDTbits                             0x20003104   Data           4  uart.o(.data)
    RCREG                                    0x20003108   Data           1  uart.o(.data)
    TXREG                                    0x20003109   Data           1  uart.o(.data)
    idx                                      0x2000310a   Data           1  uart.o(.data)
    countStartRx                             0x2000310b   Data           1  uart.o(.data)
    countStringRx                            0x2000310c   Data           1  uart.o(.data)
    countRxBuf                               0x2000310d   Data           1  uart.o(.data)
    countStartTx                             0x2000310e   Data           1  uart.o(.data)
    countStringTx                            0x2000310f   Data           1  uart.o(.data)
    countTxBuf                               0x20003110   Data           1  uart.o(.data)
    uart_data_len                            0x20003111   Data           1  uart.o(.data)
    uart_crc_result                          0x20003112   Data           1  uart.o(.data)
    uart_error_type                          0x20003113   Data           1  uart.o(.data)
    uart_packets                             0x20003114   Data           6  uart.o(.data)
    offset                                   0x2000311c   Data           4  memory_storage.o(.data)
    size                                     0x20003120   Data           4  memory_storage.o(.data)
    nrf_drv_uart_use_easy_dma                0x20003190   Data           1  nrf_drv_uart.o(.data)
    SystemCoreClock                          0x20003260   Data           4  system_nrf52.o(.data)
    fs_data$$Base                            0x20003264   Number         0  memory_storage.o(fs_data)
    fstorage                                 0x20003264   Data          20  memory_storage.o(fs_data)
    fs_data$$Limit                           0x20003278   Number         0  memory_storage.o(fs_data)
    resp_com                                 0x20003278   Data          20  main.o(.bss)
    dongle_dfu_ip                            0x2000328c   Data          20  main.o(.bss)
    dongle_dfu_fi                            0x200032a0   Data          20  main.o(.bss)
    device_list                              0x200032b4   Data         660  main.o(.bss)
    ble_rx                                   0x20003548   Data         130  main.o(.bss)
    ble_tx                                   0x200035ca   Data         130  main.o(.bss)
    data_to_send                             0x2000364c   Data          20  main.o(.bss)
    uart_rx_buff                             0x200038b0   Data         128  uart.o(.bss)
    uart_tx_buff                             0x20003930   Data         128  uart.o(.bss)
    image_data                               0x20003bb0   Data         256  memory_storage.o(.bss)
    nrf_nvic_state                           0x20003f6c   Data          12  app_util_platform.o(.bss)
    _SEGGER_RTT                              0x200045e0   Data         120  segger_rtt.o(.bss)
    __initial_sp                             0x20006868   Data           0  arm_startup_nrf52.o(STACK)



==============================================================================

Memory Map of the image

  Image Entry point : 0x00026201

  Load Region LR_IROM1 (Base: 0x00026000, Size: 0x0000db6c, Max: 0x0005a000, ABSOLUTE, COMPRESSED[0x0000d3bc])

    Execution Region ER_IROM1 (Exec base: 0x00026000, Load base: 0x00026000, Size: 0x0000d32c, Max: 0x0005a000, ABSOLUTE)

    Exec Addr    Load Addr    Size         Type   Attr      Idx    E Section Name        Object

    0x00026000   0x00026000   0x00000200   Data   RO         6559    RESET               arm_startup_nrf52.o
    0x00026200   0x00026200   0x00000000   Code   RO         6655  * .ARM.Collect$$$$00000000  mc_w.l(entry.o)
    0x00026200   0x00026200   0x00000004   Code   RO         6704    .ARM.Collect$$$$00000001  mc_w.l(entry2.o)
    0x00026204   0x00026204   0x00000004   Code   RO         6707    .ARM.Collect$$$$00000004  mc_w.l(entry5.o)
    0x00026208   0x00026208   0x00000000   Code   RO         6709    .ARM.Collect$$$$00000008  mc_w.l(entry7b.o)
    0x00026208   0x00026208   0x00000000   Code   RO         6711    .ARM.Collect$$$$0000000A  mc_w.l(entry8b.o)
    0x00026208   0x00026208   0x00000008   Code   RO         6712    .ARM.Collect$$$$0000000B  mc_w.l(entry9a.o)
    0x00026210   0x00026210   0x00000000   Code   RO         6714    .ARM.Collect$$$$0000000D  mc_w.l(entry10a.o)
    0x00026210   0x00026210   0x00000000   Code   RO         6716    .ARM.Collect$$$$0000000F  mc_w.l(entry11a.o)
    0x00026210   0x00026210   0x00000004   Code   RO         6705    .ARM.Collect$$$$00002712  mc_w.l(entry2.o)
    0x00026214   0x00026214   0x000000c8   Code   RO         4643    .emb_text           nrf_atfifo.o
    0x000262dc   0x000262dc   0x000000e2   Code   RO         4716    .emb_text           nrf_atomic.o
    0x000263be   0x000263be   0x00000002   PAD
    0x000263c0   0x000263c0   0x00000024   Code   RO         6560    .text               arm_startup_nrf52.o
    0x000263e4   0x000263e4   0x00000062   Code   RO         6658    .text               mc_w.l(uldiv.o)
    0x00026446   0x00026446   0x00000020   Code   RO         6660    .text               mc_w.l(llushr.o)
    0x00026466   0x00026466   0x00000002   PAD
    0x00026468   0x00026468   0x00000008   Code   RO         6662    .text               mc_w.l(ctype_o.o)
    0x00026470   0x00026470   0x00000024   Code   RO         6690    .text               mc_w.l(memcpya.o)
    0x00026494   0x00026494   0x00000024   Code   RO         6692    .text               mc_w.l(memseta.o)
    0x000264b8   0x000264b8   0x0000000e   Code   RO         6694    .text               mc_w.l(strlen.o)
    0x000264c6   0x000264c6   0x0000001c   Code   RO         6696    .text               mc_w.l(strcmp.o)
    0x000264e2   0x000264e2   0x0000001a   Code   RO         6698    .text               mc_w.l(memcmp.o)
    0x000264fc   0x000264fc   0x00000012   Code   RO         6700    .text               mc_w.l(strcpy.o)
    0x0002650e   0x0002650e   0x0000001e   Code   RO         6718    .text               mc_w.l(llshl.o)
    0x0002652c   0x0002652c   0x00000024   Code   RO         6720    .text               mc_w.l(init.o)
    0x00026550   0x00026550   0x00000056   Code   RO         6730    .text               mc_w.l(__dczerorl2.o)
    0x000265a6   0x000265a6   0x00000002   PAD
    0x000265a8   0x000265a8   0x000000bc   Code   RO         2774    i.GPIOTE_IRQHandler  nrfx_gpiote.o
    0x00026664   0x00026664   0x00000008   Code   RO          567    i.GetUART_RX        uart.o
    0x0002666c   0x0002666c   0x00000008   Code   RO          569    i.GetUART_addr      uart.o
    0x00026674   0x00026674   0x00000008   Code   RO          570    i.GetUART_com       uart.o
    0x0002667c   0x0002667c   0x00000008   Code   RO          571    i.GetUART_dat       uart.o
    0x00026684   0x00026684   0x0000000c   Code   RO          572    i.GetUART_data_len  uart.o
    0x00026690   0x00026690   0x00000008   Code   RO          573    i.GetUART_len       uart.o
    0x00026698   0x00026698   0x00000054   Code   RO         2606    i.POWER_CLOCK_IRQHandler  nrfx_clock.o
    0x000266ec   0x000266ec   0x00000018   Code   RO         4379    i.RTC1_IRQHandler   drv_rtc.o
    0x00026704   0x00026704   0x00000008   Code   RO         6082    i.SEGGER_RTT_Init   segger_rtt.o
    0x0002670c   0x0002670c   0x00000084   Code   RO         6096    i.SEGGER_RTT_WriteNoLock  segger_rtt.o
    0x00026790   0x00026790   0x00000008   Code   RO         6334    i.SWI2_EGU2_IRQHandler  nrf_sdh.o
    0x00026798   0x00026798   0x00000030   Code   RO          575    i.SetUART_TX        uart.o
    0x000267c8   0x000267c8   0x00000010   Code   RO         6567    i.SystemCoreClockUpdate  system_nrf52.o
    0x000267d8   0x000267d8   0x00000298   Code   RO         6568    i.SystemInit        system_nrf52.o
    0x00026a70   0x00026a70   0x00000018   Code   RO         3443    i.TIMER1_IRQHandler  nrfx_timer.o
    0x00026a88   0x00026a88   0x00000010   Code   RO         3144    i.UARTE0_UART0_IRQHandler  nrfx_prs.o
    0x00026a98   0x00026a98   0x00000070   Code   RO         6100    i._DoInit           segger_rtt.o
    0x00026b08   0x00026b08   0x0000001c   Code   RO         6101    i._GetAvailWriteSpace  segger_rtt.o
    0x00026b24   0x00026b24   0x00000072   Code   RO         6103    i._WriteBlocking    segger_rtt.o
    0x00026b96   0x00026b96   0x0000004c   Code   RO         6104    i._WriteNoCheck     segger_rtt.o
    0x00026be2   0x00026be2   0x0000000e   Code   RO         6724    i.__scatterload_copy  mc_w.l(handlers.o)
    0x00026bf0   0x00026bf0   0x00000002   Code   RO         6725    i.__scatterload_null  mc_w.l(handlers.o)
    0x00026bf2   0x00026bf2   0x0000000e   Code   RO         6726    i.__scatterload_zeroinit  mc_w.l(handlers.o)
    0x00026c00   0x00026c00   0x00000038   Code   RO         6335    i.__sd_nvic_app_accessible_irq  nrf_sdh.o
    0x00026c38   0x00026c38   0x0000000c   Code   RO         4301    i.__sd_nvic_irq_disable  app_util_platform.o
    0x00026c44   0x00026c44   0x000000d0   Code   RO            4    i.add_device        main.o
    0x00026d14   0x00026d14   0x00000010   Code   RO         5572    i.addr_is_aligned32  nrf_fstorage.o
    0x00026d24   0x00026d24   0x00000014   Code   RO         5573    i.addr_is_page_aligned  nrf_fstorage.o
    0x00026d38   0x00026d38   0x0000001c   Code   RO         5574    i.addr_is_within_bounds  nrf_fstorage.o
    0x00026d54   0x00026d54   0x00000036   Code   RO         1901    i.adv_name_compare  nrf_ble_scan.o
    0x00026d8a   0x00026d8a   0x00000034   Code   RO            5    i.adv_report_parse  main.o
    0x00026dbe   0x00026dbe   0x00000062   Code   RO         1902    i.adv_uuid_compare  nrf_ble_scan.o
    0x00026e20   0x00026e20   0x0000000c   Code   RO         1149    i.alert_timer_handler  bsp.o
    0x00026e2c   0x00026e2c   0x000000bc   Code   RO         3890    i.app_error_fault_handler  app_error_weak.o
    0x00026ee8   0x00026ee8   0x0000001c   Code   RO         3834    i.app_error_handler_bare  app_error.o
    0x00026f04   0x00026f04   0x0000000a   Code   RO         3920    i.app_fifo_flush    app_fifo.o
    0x00026f0e   0x00026f0e   0x0000001e   Code   RO         3921    i.app_fifo_get      app_fifo.o
    0x00026f2c   0x00026f2c   0x00000024   Code   RO         3922    i.app_fifo_init     app_fifo.o
    0x00026f50   0x00026f50   0x00000022   Code   RO         3924    i.app_fifo_put      app_fifo.o
    0x00026f72   0x00026f72   0x00000002   PAD
    0x00026f74   0x00026f74   0x00000010   Code   RO         4060    i.app_timer_cnt_get  app_timer2.o
    0x00026f84   0x00026f84   0x00000028   Code   RO         4061    i.app_timer_create  app_timer2.o
    0x00026fac   0x00026fac   0x00000070   Code   RO         4062    i.app_timer_init    app_timer2.o
    0x0002701c   0x0002701c   0x0000005e   Code   RO         4065    i.app_timer_start   app_timer2.o
    0x0002707a   0x0002707a   0x00000046   Code   RO         4066    i.app_timer_stop    app_timer2.o
    0x000270c0   0x000270c0   0x00000028   Code   RO          576    i.app_timers_init   uart.o
    0x000270e8   0x000270e8   0x00000034   Code   RO         4219    i.app_uart_close    app_uart_fifo.o
    0x0002711c   0x0002711c   0x00000034   Code   RO         4220    i.app_uart_flush    app_uart_fifo.o
    0x00027150   0x00027150   0x00000054   Code   RO         4221    i.app_uart_get      app_uart_fifo.o
    0x000271a4   0x000271a4   0x000000dc   Code   RO         4222    i.app_uart_init     app_uart_fifo.o
    0x00027280   0x00027280   0x0000006c   Code   RO         4223    i.app_uart_put      app_uart_fifo.o
    0x000272ec   0x000272ec   0x0000000c   Code   RO         4302    i.app_util_critical_region_enter  app_util_platform.o
    0x000272f8   0x000272f8   0x00000048   Code   RO         4303    i.app_util_critical_region_exit  app_util_platform.o
    0x00027340   0x00027340   0x0000002c   Code   RO            6    i.application_timers_start  main.o
    0x0002736c   0x0002736c   0x0000007c   Code   RO         3198    i.apply_config      nrfx_uart.o
    0x000273e8   0x000273e8   0x0000007c   Code   RO         3612    i.apply_config      nrfx_uarte.o
    0x00027464   0x00027464   0x0000003c   Code   RO         5808    i.backend_id_assign  nrf_log_frontend.o
    0x000274a0   0x000274a0   0x0000004e   Code   RO         1306    i.ble_advdata_name_find  ble_advdata.o
    0x000274ee   0x000274ee   0x0000005c   Code   RO         1308    i.ble_advdata_search  ble_advdata.o
    0x0002754a   0x0002754a   0x000000d0   Code   RO         1310    i.ble_advdata_uuid_find  ble_advdata.o
    0x0002761a   0x0002761a   0x00000002   PAD
    0x0002761c   0x0002761c   0x00000034   Code   RO         1455    i.ble_db_discovery_evt_register  ble_db_discovery.o
    0x00027650   0x00027650   0x00000054   Code   RO         1456    i.ble_db_discovery_init  ble_db_discovery.o
    0x000276a4   0x000276a4   0x00000070   Code   RO         1457    i.ble_db_discovery_on_ble_evt  ble_db_discovery.o
    0x00027714   0x00027714   0x00000048   Code   RO         1458    i.ble_db_discovery_start  ble_db_discovery.o
    0x0002775c   0x0002775c   0x00000118   Code   RO            8    i.ble_dfu_c_evt_handler  main.o
    0x00027874   0x00027874   0x0000002c   Code   RO         2139    i.ble_dfu_c_handles_assign  ble_dfu_c.o
    0x000278a0   0x000278a0   0x0000007c   Code   RO         2140    i.ble_dfu_c_init    ble_dfu_c.o
    0x0002791c   0x0002791c   0x00000066   Code   RO         2141    i.ble_dfu_c_on_ble_evt  ble_dfu_c.o
    0x00027982   0x00027982   0x00000002   PAD
    0x00027984   0x00027984   0x000000cc   Code   RO         2142    i.ble_dfu_c_on_db_disc_evt  ble_dfu_c.o
    0x00027a50   0x00027a50   0x0000002a   Code   RO         2144    i.ble_dfu_c_tx_notif_enable  ble_dfu_c.o
    0x00027a7a   0x00027a7a   0x00000002   PAD
    0x00027a7c   0x00027a7c   0x00000688   Code   RO            9    i.ble_dfu_control_point_received  main.o
    0x00028104   0x00028104   0x000000d0   Code   RO         2145    i.ble_dfu_control_point_send  ble_dfu_c.o
    0x000281d4   0x000281d4   0x00000070   Code   RO         2146    i.ble_dfu_gatt_error_handler  ble_dfu_c.o
    0x00028244   0x00028244   0x000000d0   Code   RO         2147    i.ble_dfu_packet_send  ble_dfu_c.o
    0x00028314   0x00028314   0x00000324   Code   RO           10    i.ble_evt_handler   main.o
    0x00028638   0x00028638   0x00000138   Code   RO           11    i.ble_nus_c_evt_handler  main.o
    0x00028770   0x00028770   0x0000002c   Code   RO         2055    i.ble_nus_c_handles_assign  ble_nus_c.o
    0x0002879c   0x0002879c   0x00000078   Code   RO         2056    i.ble_nus_c_init    ble_nus_c.o
    0x00028814   0x00028814   0x00000066   Code   RO         2057    i.ble_nus_c_on_ble_evt  ble_nus_c.o
    0x0002887a   0x0002887a   0x00000094   Code   RO         2058    i.ble_nus_c_on_db_disc_evt  ble_nus_c.o
    0x0002890e   0x0002890e   0x00000002   PAD
    0x00028910   0x00028910   0x000000d0   Code   RO         2059    i.ble_nus_c_string_send  ble_nus_c.o
    0x000289e0   0x000289e0   0x0000002a   Code   RO         2060    i.ble_nus_c_tx_notif_enable  ble_nus_c.o
    0x00028a0a   0x00028a0a   0x00000056   Code   RO           12    i.ble_stack_init    main.o
    0x00028a60   0x00028a60   0x00000010   Code   RO         1052    i.bsp_board_init    boards.o
    0x00028a70   0x00028a70   0x00000030   Code   RO         1054    i.bsp_board_led_invert  boards.o
    0x00028aa0   0x00028aa0   0x00000014   Code   RO         1055    i.bsp_board_led_off  boards.o
    0x00028ab4   0x00028ab4   0x00000014   Code   RO         1056    i.bsp_board_led_on  boards.o
    0x00028ac8   0x00028ac8   0x00000030   Code   RO         1057    i.bsp_board_led_state_get  boards.o
    0x00028af8   0x00028af8   0x00000050   Code   RO         1058    i.bsp_board_leds_init  boards.o
    0x00028b48   0x00028b48   0x00000014   Code   RO         1059    i.bsp_board_leds_off  boards.o
    0x00028b5c   0x00028b5c   0x00000014   Code   RO         1060    i.bsp_board_leds_on  boards.o
    0x00028b70   0x00028b70   0x00000020   Code   RO         1153    i.bsp_indication_set  bsp.o
    0x00028b90   0x00028b90   0x0000004c   Code   RO         1154    i.bsp_init          bsp.o
    0x00028bdc   0x00028bdc   0x00000388   Code   RO         1155    i.bsp_led_indication  bsp.o
    0x00028f64   0x00028f64   0x000000e8   Code   RO         5809    i.buf_prealloc      nrf_log_frontend.o
    0x0002904c   0x0002904c   0x0000002c   Code   RO         4944    i.buffer_add        nrf_fprintf_format.o
    0x00029078   0x00029078   0x00000018   Code   RO         5810    i.buffer_is_empty   nrf_log_frontend.o
    0x00029090   0x00029090   0x00000020   Code   RO           13    i.buttons_leds_init  main.o
    0x000290b0   0x000290b0   0x0000002c   Code   RO          577    i.calc_crc          uart.o
    0x000290dc   0x000290dc   0x00000060   Code   RO         2061    i.cccd_configure    ble_nus_c.o
    0x0002913c   0x0002913c   0x00000060   Code   RO         2148    i.cccd_configure    ble_dfu_c.o
    0x0002919c   0x0002919c   0x00000184   Code   RO           14    i.change_device     main.o
    0x00029320   0x00029320   0x00000010   Code   RO         2776    i.channel_handler_get  nrfx_gpiote.o
    0x00029330   0x00029330   0x0000000c   Code   RO         2778    i.channel_port_get  nrfx_gpiote.o
    0x0002933c   0x0002933c   0x00000090   Code   RO         1459    i.characteristics_discover  ble_db_discovery.o
    0x000293cc   0x000293cc   0x00000020   Code   RO           15    i.clear_device_list  main.o
    0x000293ec   0x000293ec   0x00000030   Code   RO         2232    i.clock_clk_started_notify  nrf_drv_clock.o
    0x0002941c   0x0002941c   0x00000028   Code   RO         2233    i.clock_irq_handler  nrf_drv_clock.o
    0x00029444   0x00029444   0x00000026   Code   RO         4068    i.compare_func      app_timer2.o
    0x0002946a   0x0002946a   0x00000020   Code   RO         1810    i.conn_handle_id_find  nrf_ble_gq.o
    0x0002948a   0x0002948a   0x00000030   Code   RO         1811    i.conn_handle_register  nrf_ble_gq.o
    0x000294ba   0x000294ba   0x00000030   Code   RO           16    i.cpy_dev_to_uart_buff  main.o
    0x000294ea   0x000294ea   0x00000002   PAD
    0x000294ec   0x000294ec   0x0000004c   Code   RO         5413    i.crc32_compute     crc32.o
    0x00029538   0x00029538   0x00000130   Code   RO         1688    i.data_length_update  nrf_ble_gatt.o
    0x00029668   0x00029668   0x00000020   Code   RO           17    i.db_disc_handler   main.o
    0x00029688   0x00029688   0x00000034   Code   RO           18    i.db_discovery_init  main.o
    0x000296bc   0x000296bc   0x000000e0   Code   RO         1460    i.descriptors_discover  ble_db_discovery.o
    0x0002979c   0x0002979c   0x00000044   Code   RO           19    i.dfu_c_init        main.o
    0x000297e0   0x000297e0   0x00000010   Code   RO           20    i.dfu_error_handler  main.o
    0x000297f0   0x000297f0   0x0000002c   Code   RO           21    i.dfu_tx_timer_handler  main.o
    0x0002981c   0x0002981c   0x00000034   Code   RO         1461    i.discovery_available_evt_trigger  ble_db_discovery.o
    0x00029850   0x00029850   0x000000a8   Code   RO         1462    i.discovery_complete_evt_trigger  ble_db_discovery.o
    0x000298f8   0x000298f8   0x00000048   Code   RO         1463    i.discovery_error_evt_trigger  ble_db_discovery.o
    0x00029940   0x00029940   0x00000028   Code   RO         1464    i.discovery_error_handler  ble_db_discovery.o
    0x00029968   0x00029968   0x000000c8   Code   RO         1465    i.discovery_start   ble_db_discovery.o
    0x00029a30   0x00029a30   0x0000000c   Code   RO           22    i.div_up            main.o
    0x00029a3c   0x00029a3c   0x00000018   Code   RO         5811    i.dropped_sat16_get  nrf_log_frontend.o
    0x00029a54   0x00029a54   0x00000016   Code   RO         4380    i.drv_rtc_compare_disable  drv_rtc.o
    0x00029a6a   0x00029a6a   0x0000001a   Code   RO         4383    i.drv_rtc_compare_pending  drv_rtc.o
    0x00029a84   0x00029a84   0x0000005c   Code   RO         4384    i.drv_rtc_compare_set  drv_rtc.o
    0x00029ae0   0x00029ae0   0x0000000c   Code   RO         4385    i.drv_rtc_counter_get  drv_rtc.o
    0x00029aec   0x00029aec   0x00000128   Code   RO         4386    i.drv_rtc_init      drv_rtc.o
    0x00029c14   0x00029c14   0x00000024   Code   RO         4387    i.drv_rtc_irq_trigger  drv_rtc.o
    0x00029c38   0x00029c38   0x00000012   Code   RO         4389    i.drv_rtc_overflow_enable  drv_rtc.o
    0x00029c4a   0x00029c4a   0x00000010   Code   RO         4390    i.drv_rtc_overflow_pending  drv_rtc.o
    0x00029c5a   0x00029c5a   0x0000000e   Code   RO         4391    i.drv_rtc_start     drv_rtc.o
    0x00029c68   0x00029c68   0x000000fc   Code   RO         4397    i.drv_rtc_windowed_compare_set  drv_rtc.o
    0x00029d64   0x00029d64   0x00000058   Code   RO         5437    i.erase             nrf_fstorage_sd.o
    0x00029dbc   0x00029dbc   0x0000000e   Code   RO         5438    i.erase_execute     nrf_fstorage_sd.o
    0x00029dca   0x00029dca   0x00000002   PAD
    0x00029dcc   0x00029dcc   0x00000054   Code   RO         6569    i.errata_108        system_nrf52.o
    0x00029e20   0x00029e20   0x00000054   Code   RO         6570    i.errata_12         system_nrf52.o
    0x00029e74   0x00029e74   0x00000054   Code   RO         6571    i.errata_136        system_nrf52.o
    0x00029ec8   0x00029ec8   0x00000030   Code   RO         6572    i.errata_16         system_nrf52.o
    0x00029ef8   0x00029ef8   0x00000020   Code   RO         6573    i.errata_182        system_nrf52.o
    0x00029f18   0x00029f18   0x00000054   Code   RO         6574    i.errata_31         system_nrf52.o
    0x00029f6c   0x00029f6c   0x00000030   Code   RO         6575    i.errata_32         system_nrf52.o
    0x00029f9c   0x00029f9c   0x00000054   Code   RO         6576    i.errata_36         system_nrf52.o
    0x00029ff0   0x00029ff0   0x00000030   Code   RO         6577    i.errata_37         system_nrf52.o
    0x0002a020   0x0002a020   0x00000030   Code   RO         6578    i.errata_57         system_nrf52.o
    0x0002a050   0x0002a050   0x00000030   Code   RO         6579    i.errata_66         system_nrf52.o
    0x0002a080   0x0002a080   0x00000068   Code   RO         5439    i.event_send        nrf_fstorage_sd.o
    0x0002a0e8   0x0002a0e8   0x00000018   Code   RO         4398    i.evt_disable       drv_rtc.o
    0x0002a100   0x0002a100   0x0000001c   Code   RO         4399    i.evt_enable        drv_rtc.o
    0x0002a11c   0x0002a11c   0x0000001c   Code   RO         4400    i.evt_pending       drv_rtc.o
    0x0002a138   0x0002a138   0x000002b0   Code   RO           23    i.execute_dongle_command  main.o
    0x0002a3e8   0x0002a3e8   0x00000280   Code   RO           24    i.execute_dongle_dfu_command  main.o
    0x0002a668   0x0002a668   0x00000018   Code   RO         3927    i.fifo_get          app_fifo.o
    0x0002a680   0x0002a680   0x0000000a   Code   RO         3928    i.fifo_length       app_fifo.o
    0x0002a68a   0x0002a68a   0x0000000a   Code   RO         4224    i.fifo_length       app_uart_fifo.o
    0x0002a694   0x0002a694   0x00000012   Code   RO         3929    i.fifo_peek         app_fifo.o
    0x0002a6a6   0x0002a6a6   0x00000012   Code   RO         3930    i.fifo_put          app_fifo.o
    0x0002a6b8   0x0002a6b8   0x00000044   Code   RO           25    i.find_device       main.o
    0x0002a6fc   0x0002a6fc   0x00000854   Code   RO           26    i.flag_handler      main.o
    0x0002af50   0x0002af50   0x00000080   Code   RO          879    i.fstorage_clear_flash  memory_storage.o
    0x0002afd0   0x0002afd0   0x000000e0   Code   RO          880    i.fstorage_evt_handler  memory_storage.o
    0x0002b0b0   0x0002b0b0   0x00000008   Code   RO          881    i.fstorage_firmware_image_ptr  memory_storage.o
    0x0002b0b8   0x0002b0b8   0x00000008   Code   RO          882    i.fstorage_get_image_ptr  memory_storage.o
    0x0002b0c0   0x0002b0c0   0x00000064   Code   RO          883    i.fstorage_init     memory_storage.o
    0x0002b124   0x0002b124   0x00000008   Code   RO          884    i.fstorage_init_packet_ptr  memory_storage.o
    0x0002b12c   0x0002b12c   0x000000a4   Code   RO          885    i.fstorage_read_flash  memory_storage.o
    0x0002b1d0   0x0002b1d0   0x000000bc   Code   RO          886    i.fstorage_write_flash  memory_storage.o
    0x0002b28c   0x0002b28c   0x00000070   Code   RO         2062    i.gatt_error_handler  ble_nus_c.o
    0x0002b2fc   0x0002b2fc   0x000000e8   Code   RO           27    i.gatt_evt_handler  main.o
    0x0002b3e4   0x0002b3e4   0x00000044   Code   RO           28    i.gatt_init         main.o
    0x0002b428   0x0002b428   0x0000007c   Code   RO         1812    i.gattc_write_alloc  nrf_ble_gq.o
    0x0002b4a4   0x0002b4a4   0x00000090   Code   RO         1813    i.gatts_hvx_alloc   nrf_ble_gq.o
    0x0002b534   0x0002b534   0x00000014   Code   RO           29    i.get_device        main.o
    0x0002b548   0x0002b548   0x0000002c   Code   RO           30    i.get_device_connected  main.o
    0x0002b574   0x0002b574   0x00000038   Code   RO           31    i.get_device_idx    main.o
    0x0002b5ac   0x0002b5ac   0x00000038   Code   RO           32    i.get_device_mac_idx  main.o
    0x0002b5e4   0x0002b5e4   0x0000003c   Code   RO         4069    i.get_now           app_timer2.o
    0x0002b620   0x0002b620   0x0000000e   Code   RO           33    i.idle_state_handle  main.o
    0x0002b62e   0x0002b62e   0x00000002   PAD
    0x0002b630   0x0002b630   0x0000003c   Code   RO         5440    i.init              nrf_fstorage_sd.o
    0x0002b66c   0x0002b66c   0x000000be   Code   RO         4945    i.int_print         nrf_fprintf_format.o
    0x0002b72a   0x0002b72a   0x00000002   PAD
    0x0002b72c   0x0002b72c   0x00000058   Code   RO         3199    i.interrupts_disable  nrfx_uart.o
    0x0002b784   0x0002b784   0x00000058   Code   RO         3613    i.interrupts_disable  nrfx_uarte.o
    0x0002b7dc   0x0002b7dc   0x00000094   Code   RO         3200    i.interrupts_enable  nrfx_uart.o
    0x0002b870   0x0002b870   0x000000b4   Code   RO         3614    i.interrupts_enable  nrfx_uarte.o
    0x0002b924   0x0002b924   0x00000046   Code   RO         5813    i.invalid_packets_omit  nrf_log_frontend.o
    0x0002b96a   0x0002b96a   0x0000005c   Code   RO         3444    i.irq_handler       nrfx_timer.o
    0x0002b9c6   0x0002b9c6   0x00000026   Code   RO         1814    i.is_any_conn_handle_registered  nrf_ble_gq.o
    0x0002b9ec   0x0002b9ec   0x00000014   Code   RO         5441    i.is_busy           nrf_fstorage_sd.o
    0x0002ba00   0x0002ba00   0x00000024   Code   RO         1466    i.is_char_discovery_reqd  ble_db_discovery.o
    0x0002ba24   0x0002ba24   0x0000005e   Code   RO         1467    i.is_desc_discovery_reqd  ble_db_discovery.o
    0x0002ba82   0x0002ba82   0x00000022   Code   RO         1903    i.is_whitelist_used  nrf_ble_scan.o
    0x0002baa4   0x0002baa4   0x0000000c   Code   RO         2236    i.item_dequeue      nrf_drv_clock.o
    0x0002bab0   0x0002bab0   0x00000026   Code   RO         2779    i.latch_pending_read_and_check  nrfx_gpiote.o
    0x0002bad6   0x0002bad6   0x00000002   PAD
    0x0002bad8   0x0002bad8   0x00000028   Code   RO         1158    i.leds_off          bsp.o
    0x0002bb00   0x0002bb00   0x00000020   Code   RO         1159    i.leds_timer_handler  bsp.o
    0x0002bb20   0x0002bb20   0x00000018   Code   RO         2238    i.lfclk_stop        nrf_drv_clock.o
    0x0002bb38   0x0002bb38   0x00000018   Code   RO         1689    i.link_init         nrf_ble_gatt.o
    0x0002bb50   0x0002bb50   0x00000026   Code   RO           34    i.log_init          main.o
    0x0002bb76   0x0002bb76   0x00000002   Code   RO         5814    i.log_pending_hook  nrf_log_frontend.o
    0x0002bb78   0x0002bb78   0x000000cc   Code   RO         5815    i.log_skip          nrf_log_frontend.o
    0x0002bc44   0x0002bc44   0x000000e4   Code   RO           35    i.main              main.o
    0x0002bd28   0x0002bd28   0x000000ca   Code   RO         4989    i.memobj_op         nrf_memobj.o
    0x0002bdf2   0x0002bdf2   0x00000002   PAD
    0x0002bdf4   0x0002bdf4   0x00000038   Code   RO         5816    i.module_idx_get    nrf_log_frontend.o
    0x0002be2c   0x0002be2c   0x00000030   Code   RO          887    i.nrf5_flash_end_addr_get  memory_storage.o
    0x0002be5c   0x0002be5c   0x00000016   Code   RO         4645    i.nrf_atfifo_clear  nrf_atfifo.o
    0x0002be72   0x0002be72   0x00000028   Code   RO         4647    i.nrf_atfifo_init   nrf_atfifo.o
    0x0002be9a   0x0002be9a   0x0000001c   Code   RO         4648    i.nrf_atfifo_item_alloc  nrf_atfifo.o
    0x0002beb6   0x0002beb6   0x0000001c   Code   RO         4649    i.nrf_atfifo_item_free  nrf_atfifo.o
    0x0002bed2   0x0002bed2   0x0000001c   Code   RO         4650    i.nrf_atfifo_item_get  nrf_atfifo.o
    0x0002beee   0x0002beee   0x0000001c   Code   RO         4651    i.nrf_atfifo_item_put  nrf_atfifo.o
    0x0002bf0a   0x0002bf0a   0x0000000e   Code   RO         4718    i.nrf_atomic_flag_clear_fetch  nrf_atomic.o
    0x0002bf18   0x0002bf18   0x0000000e   Code   RO         4719    i.nrf_atomic_flag_set  nrf_atomic.o
    0x0002bf26   0x0002bf26   0x0000000e   Code   RO         4720    i.nrf_atomic_flag_set_fetch  nrf_atomic.o
    0x0002bf34   0x0002bf34   0x00000016   Code   RO         4721    i.nrf_atomic_u32_add  nrf_atomic.o
    0x0002bf4a   0x0002bf4a   0x00000016   Code   RO         4725    i.nrf_atomic_u32_fetch_and  nrf_atomic.o
    0x0002bf60   0x0002bf60   0x00000016   Code   RO         4726    i.nrf_atomic_u32_fetch_or  nrf_atomic.o
    0x0002bf76   0x0002bf76   0x00000016   Code   RO         4727    i.nrf_atomic_u32_fetch_store  nrf_atomic.o
    0x0002bf8c   0x0002bf8c   0x00000016   Code   RO         4731    i.nrf_atomic_u32_or  nrf_atomic.o
    0x0002bfa2   0x0002bfa2   0x00000016   Code   RO         4733    i.nrf_atomic_u32_sub  nrf_atomic.o
    0x0002bfb8   0x0002bfb8   0x00000052   Code   RO         4858    i.nrf_balloc_alloc  nrf_balloc.o
    0x0002c00a   0x0002c00a   0x00000010   Code   RO         4859    i.nrf_balloc_block2idx  nrf_balloc.o
    0x0002c01a   0x0002c01a   0x00000030   Code   RO         4860    i.nrf_balloc_free   nrf_balloc.o
    0x0002c04a   0x0002c04a   0x0000000c   Code   RO         4861    i.nrf_balloc_idx2block  nrf_balloc.o
    0x0002c056   0x0002c056   0x0000003c   Code   RO         4862    i.nrf_balloc_init   nrf_balloc.o
    0x0002c092   0x0002c092   0x00000016   Code   RO         2780    i.nrf_bitmask_bit_is_set  nrfx_gpiote.o
    0x0002c0a8   0x0002c0a8   0x0000001e   Code   RO         1690    i.nrf_ble_gatt_att_mtu_central_set  nrf_ble_gatt.o
    0x0002c0c6   0x0002c0c6   0x00000034   Code   RO         1695    i.nrf_ble_gatt_init  nrf_ble_gatt.o
    0x0002c0fa   0x0002c0fa   0x00000002   PAD
    0x0002c0fc   0x0002c0fc   0x0000012c   Code   RO         1696    i.nrf_ble_gatt_on_ble_evt  nrf_ble_gatt.o
    0x0002c228   0x0002c228   0x0000009c   Code   RO         1815    i.nrf_ble_gq_conn_handle_register  nrf_ble_gq.o
    0x0002c2c4   0x0002c2c4   0x00000150   Code   RO         1816    i.nrf_ble_gq_item_add  nrf_ble_gq.o
    0x0002c414   0x0002c414   0x00000086   Code   RO         1817    i.nrf_ble_gq_on_ble_evt  nrf_ble_gq.o
    0x0002c49a   0x0002c49a   0x00000002   PAD
    0x0002c49c   0x0002c49c   0x000000ac   Code   RO         1905    i.nrf_ble_scan_connect_with_target  nrf_ble_scan.o
    0x0002c548   0x0002c548   0x0000001c   Code   RO         1907    i.nrf_ble_scan_default_conn_param_set  nrf_ble_scan.o
    0x0002c564   0x0002c564   0x00000034   Code   RO         1908    i.nrf_ble_scan_default_param_set  nrf_ble_scan.o
    0x0002c598   0x0002c598   0x00000044   Code   RO         1910    i.nrf_ble_scan_filter_set  nrf_ble_scan.o
    0x0002c5dc   0x0002c5dc   0x0000001e   Code   RO         1911    i.nrf_ble_scan_filters_disable  nrf_ble_scan.o
    0x0002c5fa   0x0002c5fa   0x00000062   Code   RO         1912    i.nrf_ble_scan_filters_enable  nrf_ble_scan.o
    0x0002c65c   0x0002c65c   0x0000007e   Code   RO         1913    i.nrf_ble_scan_init  nrf_ble_scan.o
    0x0002c6da   0x0002c6da   0x00000002   PAD
    0x0002c6dc   0x0002c6dc   0x000000a8   Code   RO         1914    i.nrf_ble_scan_name_filter_add  nrf_ble_scan.o
    0x0002c784   0x0002c784   0x00000102   Code   RO         1915    i.nrf_ble_scan_on_adv_report  nrf_ble_scan.o
    0x0002c886   0x0002c886   0x00000046   Code   RO         1916    i.nrf_ble_scan_on_ble_evt  nrf_ble_scan.o
    0x0002c8cc   0x0002c8cc   0x00000034   Code   RO         1917    i.nrf_ble_scan_on_connected_evt  nrf_ble_scan.o
    0x0002c900   0x0002c900   0x0000006c   Code   RO         1918    i.nrf_ble_scan_on_timeout  nrf_ble_scan.o
    0x0002c96c   0x0002c96c   0x000000b4   Code   RO         1920    i.nrf_ble_scan_start  nrf_ble_scan.o
    0x0002ca20   0x0002ca20   0x00000004   Code   RO         1921    i.nrf_ble_scan_stop  nrf_ble_scan.o
    0x0002ca24   0x0002ca24   0x00000080   Code   RO         1922    i.nrf_ble_scan_uuid_filter_add  nrf_ble_scan.o
    0x0002caa4   0x0002caa4   0x00000012   Code   RO         2607    i.nrf_clock_event_check  nrfx_clock.o
    0x0002cab6   0x0002cab6   0x00000012   Code   RO         2608    i.nrf_clock_event_clear  nrfx_clock.o
    0x0002cac8   0x0002cac8   0x0000000c   Code   RO         2609    i.nrf_clock_int_disable  nrfx_clock.o
    0x0002cad4   0x0002cad4   0x00000008   Code   RO         2611    i.nrf_clock_task_trigger  nrfx_clock.o
    0x0002cadc   0x0002cadc   0x0000004c   Code   RO         2244    i.nrf_drv_clock_init  nrf_drv_clock.o
    0x0002cb28   0x0002cb28   0x00000030   Code   RO         2248    i.nrf_drv_clock_lfclk_release  nrf_drv_clock.o
    0x0002cb58   0x0002cb58   0x0000008c   Code   RO         2412    i.nrf_drv_uart_init  nrf_drv_uart.o
    0x0002cbe4   0x0002cbe4   0x00000044   Code   RO         4225    i.nrf_drv_uart_rx   app_uart_fifo.o
    0x0002cc28   0x0002cc28   0x00000044   Code   RO         4226    i.nrf_drv_uart_tx   app_uart_fifo.o
    0x0002cc6c   0x0002cc6c   0x0000002a   Code   RO         4905    i.nrf_fprintf       nrf_fprintf.o
    0x0002cc96   0x0002cc96   0x0000001c   Code   RO         4906    i.nrf_fprintf_buffer_flush  nrf_fprintf.o
    0x0002ccb2   0x0002ccb2   0x000001f0   Code   RO         4946    i.nrf_fprintf_fmt   nrf_fprintf_format.o
    0x0002cea2   0x0002cea2   0x00000002   PAD
    0x0002cea4   0x0002cea4   0x00000170   Code   RO         5575    i.nrf_fstorage_erase  nrf_fstorage.o
    0x0002d014   0x0002d014   0x000000ac   Code   RO         5576    i.nrf_fstorage_init  nrf_fstorage.o
    0x0002d0c0   0x0002d0c0   0x00000054   Code   RO         5577    i.nrf_fstorage_is_busy  nrf_fstorage.o
    0x0002d114   0x0002d114   0x000001ac   Code   RO         5578    i.nrf_fstorage_read  nrf_fstorage.o
    0x0002d2c0   0x0002d2c0   0x0000001c   Code   RO         5442    i.nrf_fstorage_sdh_req_handler  nrf_fstorage_sd.o
    0x0002d2dc   0x0002d2dc   0x0000002c   Code   RO         5443    i.nrf_fstorage_sdh_state_handler  nrf_fstorage_sd.o
    0x0002d308   0x0002d308   0x0000008c   Code   RO         5444    i.nrf_fstorage_sys_evt_handler  nrf_fstorage_sd.o
    0x0002d394   0x0002d394   0x00000264   Code   RO         5582    i.nrf_fstorage_write  nrf_fstorage.o
    0x0002d5f8   0x0002d5f8   0x00000028   Code   RO         3201    i.nrf_gpio_cfg      nrfx_uart.o
    0x0002d620   0x0002d620   0x00000028   Code   RO         3615    i.nrf_gpio_cfg      nrfx_uarte.o
    0x0002d648   0x0002d648   0x00000018   Code   RO         3202    i.nrf_gpio_cfg_default  nrfx_uart.o
    0x0002d660   0x0002d660   0x00000018   Code   RO         3616    i.nrf_gpio_cfg_default  nrfx_uarte.o
    0x0002d678   0x0002d678   0x0000001a   Code   RO         3203    i.nrf_gpio_cfg_input  nrfx_uart.o
    0x0002d692   0x0002d692   0x0000001a   Code   RO         3617    i.nrf_gpio_cfg_input  nrfx_uarte.o
    0x0002d6ac   0x0002d6ac   0x00000018   Code   RO         3204    i.nrf_gpio_cfg_output  nrfx_uart.o
    0x0002d6c4   0x0002d6c4   0x00000018   Code   RO         3618    i.nrf_gpio_cfg_output  nrfx_uarte.o
    0x0002d6dc   0x0002d6dc   0x00000032   Code   RO         2783    i.nrf_gpio_cfg_sense_set  nrfx_gpiote.o
    0x0002d70e   0x0002d70e   0x00000002   PAD
    0x0002d710   0x0002d710   0x00000034   Code   RO         2784    i.nrf_gpio_latches_read_and_clear  nrfx_gpiote.o
    0x0002d744   0x0002d744   0x00000016   Code   RO         3205    i.nrf_gpio_pin_set  nrfx_uart.o
    0x0002d75a   0x0002d75a   0x00000016   Code   RO         3619    i.nrf_gpio_pin_set  nrfx_uarte.o
    0x0002d770   0x0002d770   0x0000003a   Code   RO         1062    i.nrf_gpio_pin_write  boards.o
    0x0002d7aa   0x0002d7aa   0x00000002   PAD
    0x0002d7ac   0x0002d7ac   0x0000000c   Code   RO         2789    i.nrf_gpiote_event_addr_get  nrfx_gpiote.o
    0x0002d7b8   0x0002d7b8   0x0000001c   Code   RO         2790    i.nrf_gpiote_event_clear  nrfx_gpiote.o
    0x0002d7d4   0x0002d7d4   0x00000016   Code   RO         2791    i.nrf_gpiote_event_is_set  nrfx_gpiote.o
    0x0002d7ea   0x0002d7ea   0x00000002   PAD
    0x0002d7ec   0x0002d7ec   0x00000054   Code   RO         5817    i.nrf_log_backend_add  nrf_log_frontend.o
    0x0002d840   0x0002d840   0x00000002   Code   RO         5667    i.nrf_log_backend_rtt_flush  nrf_log_backend_rtt.o
    0x0002d842   0x0002d842   0x00000008   Code   RO         5668    i.nrf_log_backend_rtt_init  nrf_log_backend_rtt.o
    0x0002d84a   0x0002d84a   0x00000002   Code   RO         5669    i.nrf_log_backend_rtt_panic_set  nrf_log_backend_rtt.o
    0x0002d84c   0x0002d84c   0x00000020   Code   RO         5670    i.nrf_log_backend_rtt_put  nrf_log_backend_rtt.o
    0x0002d86c   0x0002d86c   0x000000f2   Code   RO         5738    i.nrf_log_backend_serial_put  nrf_log_backend_serial.o
    0x0002d95e   0x0002d95e   0x00000002   PAD
    0x0002d960   0x0002d960   0x00000038   Code   RO         5819    i.nrf_log_color_id_get  nrf_log_frontend.o
    0x0002d998   0x0002d998   0x00000028   Code   RO         5772    i.nrf_log_default_backends_init  nrf_log_default_backends.o
    0x0002d9c0   0x0002d9c0   0x0000031c   Code   RO         5820    i.nrf_log_frontend_dequeue  nrf_log_frontend.o
    0x0002dcdc   0x0002dcdc   0x000000ec   Code   RO         5821    i.nrf_log_frontend_hexdump  nrf_log_frontend.o
    0x0002ddc8   0x0002ddc8   0x00000014   Code   RO         5822    i.nrf_log_frontend_std_0  nrf_log_frontend.o
    0x0002dddc   0x0002dddc   0x00000018   Code   RO         5823    i.nrf_log_frontend_std_1  nrf_log_frontend.o
    0x0002ddf4   0x0002ddf4   0x00000020   Code   RO         5824    i.nrf_log_frontend_std_2  nrf_log_frontend.o
    0x0002de14   0x0002de14   0x00000028   Code   RO         5825    i.nrf_log_frontend_std_3  nrf_log_frontend.o
    0x0002de3c   0x0002de3c   0x0000003c   Code   RO         5828    i.nrf_log_frontend_std_6  nrf_log_frontend.o
    0x0002de78   0x0002de78   0x000000bc   Code   RO         6018    i.nrf_log_hexdump_entry_process  nrf_log_str_formatter.o
    0x0002df34   0x0002df34   0x00000048   Code   RO         5829    i.nrf_log_init      nrf_log_frontend.o
    0x0002df7c   0x0002df7c   0x00000014   Code   RO         5830    i.nrf_log_module_cnt_get  nrf_log_frontend.o
    0x0002df90   0x0002df90   0x00000024   Code   RO         5834    i.nrf_log_module_name_get  nrf_log_frontend.o
    0x0002dfb4   0x0002dfb4   0x00000034   Code   RO         5835    i.nrf_log_panic     nrf_log_frontend.o
    0x0002dfe8   0x0002dfe8   0x000000c8   Code   RO         6019    i.nrf_log_std_entry_process  nrf_log_str_formatter.o
    0x0002e0b0   0x0002e0b0   0x0000007a   Code   RO         4990    i.nrf_memobj_alloc  nrf_memobj.o
    0x0002e12a   0x0002e12a   0x00000040   Code   RO         4991    i.nrf_memobj_free   nrf_memobj.o
    0x0002e16a   0x0002e16a   0x00000010   Code   RO         4992    i.nrf_memobj_get    nrf_memobj.o
    0x0002e17a   0x0002e17a   0x0000000c   Code   RO         4993    i.nrf_memobj_pool_init  nrf_memobj.o
    0x0002e186   0x0002e186   0x0000001e   Code   RO         4994    i.nrf_memobj_put    nrf_memobj.o
    0x0002e1a4   0x0002e1a4   0x00000022   Code   RO         4995    i.nrf_memobj_read   nrf_memobj.o
    0x0002e1c6   0x0002e1c6   0x00000022   Code   RO         4996    i.nrf_memobj_write  nrf_memobj.o
    0x0002e1e8   0x0002e1e8   0x0000009c   Code   RO         5069    i.nrf_queue_generic_pop  nrf_queue.o
    0x0002e284   0x0002e284   0x00000016   Code   RO         5071    i.nrf_queue_is_empty  nrf_queue.o
    0x0002e29a   0x0002e29a   0x00000020   Code   RO         5072    i.nrf_queue_is_full  nrf_queue.o
    0x0002e2ba   0x0002e2ba   0x00000010   Code   RO         5075    i.nrf_queue_next_idx  nrf_queue.o
    0x0002e2ca   0x0002e2ca   0x000000cc   Code   RO         5077    i.nrf_queue_push    nrf_queue.o
    0x0002e396   0x0002e396   0x0000001c   Code   RO         5194    i.nrf_ringbuf_init  nrf_ringbuf.o
    0x0002e3b2   0x0002e3b2   0x0000000c   Code   RO         4401    i.nrf_rtc_cc_get    drv_rtc.o
    0x0002e3be   0x0002e3be   0x0000000a   Code   RO         4402    i.nrf_rtc_cc_set    drv_rtc.o
    0x0002e3c8   0x0002e3c8   0x00000008   Code   RO         4403    i.nrf_rtc_counter_get  drv_rtc.o
    0x0002e3d0   0x0002e3d0   0x0000000e   Code   RO         4404    i.nrf_rtc_event_clear  drv_rtc.o
    0x0002e3de   0x0002e3de   0x00000006   Code   RO         4405    i.nrf_rtc_event_disable  drv_rtc.o
    0x0002e3e4   0x0002e3e4   0x00000006   Code   RO         4406    i.nrf_rtc_event_enable  drv_rtc.o
    0x0002e3ea   0x0002e3ea   0x00000006   Code   RO         4407    i.nrf_rtc_int_disable  drv_rtc.o
    0x0002e3f0   0x0002e3f0   0x00000006   Code   RO         4408    i.nrf_rtc_int_enable  drv_rtc.o
    0x0002e3f6   0x0002e3f6   0x00000006   Code   RO         4409    i.nrf_rtc_task_trigger  drv_rtc.o
    0x0002e3fc   0x0002e3fc   0x00000018   Code   RO         6468    i.nrf_sdh_ble_app_ram_start_get  nrf_sdh_ble.o
    0x0002e414   0x0002e414   0x000000bc   Code   RO         6469    i.nrf_sdh_ble_default_cfg_set  nrf_sdh_ble.o
    0x0002e4d0   0x0002e4d0   0x00000024   Code   RO         6470    i.nrf_sdh_ble_enable  nrf_sdh_ble.o
    0x0002e4f4   0x0002e4f4   0x00000074   Code   RO         6471    i.nrf_sdh_ble_evts_poll  nrf_sdh_ble.o
    0x0002e568   0x0002e568   0x00000064   Code   RO         6336    i.nrf_sdh_disable_request  nrf_sdh.o
    0x0002e5cc   0x0002e5cc   0x00000084   Code   RO         6337    i.nrf_sdh_enable_request  nrf_sdh.o
    0x0002e650   0x0002e650   0x00000030   Code   RO         6338    i.nrf_sdh_evts_poll  nrf_sdh.o
    0x0002e680   0x0002e680   0x0000000c   Code   RO         6339    i.nrf_sdh_is_enabled  nrf_sdh.o
    0x0002e68c   0x0002e68c   0x00000028   Code   RO         6341    i.nrf_sdh_request_continue  nrf_sdh.o
    0x0002e6b4   0x0002e6b4   0x00000054   Code   RO         6526    i.nrf_sdh_soc_evts_poll  nrf_sdh_soc.o
    0x0002e708   0x0002e708   0x00000006   Code   RO         6344    i.nrf_section_iter_get  nrf_sdh.o
    0x0002e70e   0x0002e70e   0x00000014   Code   RO         5252    i.nrf_section_iter_init  nrf_section_iter.o
    0x0002e722   0x0002e722   0x0000002e   Code   RO         5253    i.nrf_section_iter_item_set  nrf_section_iter.o
    0x0002e750   0x0002e750   0x0000002e   Code   RO         5254    i.nrf_section_iter_next  nrf_section_iter.o
    0x0002e77e   0x0002e77e   0x00000028   Code   RO         5287    i.nrf_sortlist_add  nrf_sortlist.o
    0x0002e7a6   0x0002e7a6   0x00000008   Code   RO         5289    i.nrf_sortlist_peek  nrf_sortlist.o
    0x0002e7ae   0x0002e7ae   0x00000018   Code   RO         5290    i.nrf_sortlist_pop  nrf_sortlist.o
    0x0002e7c6   0x0002e7c6   0x00000026   Code   RO         5291    i.nrf_sortlist_remove  nrf_sortlist.o
    0x0002e7ec   0x0002e7ec   0x00000040   Code   RO         5343    i.nrf_strerror_find  nrf_strerror.o
    0x0002e82c   0x0002e82c   0x0000001c   Code   RO         5344    i.nrf_strerror_get  nrf_strerror.o
    0x0002e848   0x0002e848   0x0000000e   Code   RO         3445    i.nrf_timer_compare_event_get  nrfx_timer.o
    0x0002e856   0x0002e856   0x0000000a   Code   RO         3446    i.nrf_timer_compare_int_get  nrfx_timer.o
    0x0002e860   0x0002e860   0x0000000e   Code   RO         3447    i.nrf_timer_event_clear  nrfx_timer.o
    0x0002e86e   0x0002e86e   0x00000006   Code   RO         3448    i.nrf_timer_int_disable  nrfx_timer.o
    0x0002e874   0x0002e874   0x00000006   Code   RO         3449    i.nrf_timer_int_enable  nrfx_timer.o
    0x0002e87a   0x0002e87a   0x0000000c   Code   RO         3450    i.nrf_timer_shorts_disable  nrfx_timer.o
    0x0002e886   0x0002e886   0x0000000c   Code   RO         3206    i.nrf_uart_errorsrc_get_and_clear  nrfx_uart.o
    0x0002e892   0x0002e892   0x0000000e   Code   RO         3207    i.nrf_uart_event_check  nrfx_uart.o
    0x0002e8a0   0x0002e8a0   0x0000000e   Code   RO         3208    i.nrf_uart_event_clear  nrfx_uart.o
    0x0002e8ae   0x0002e8ae   0x0000000a   Code   RO         3209    i.nrf_uart_hwfc_pins_set  nrfx_uart.o
    0x0002e8b8   0x0002e8b8   0x00000006   Code   RO         3210    i.nrf_uart_int_disable  nrfx_uart.o
    0x0002e8be   0x0002e8be   0x00000006   Code   RO         3211    i.nrf_uart_int_enable  nrfx_uart.o
    0x0002e8c4   0x0002e8c4   0x00000012   Code   RO         3212    i.nrf_uart_int_enable_check  nrfx_uart.o
    0x0002e8d6   0x0002e8d6   0x00000006   Code   RO         3213    i.nrf_uart_task_trigger  nrfx_uart.o
    0x0002e8dc   0x0002e8dc   0x0000000a   Code   RO         3214    i.nrf_uart_txrx_pins_set  nrfx_uart.o
    0x0002e8e6   0x0002e8e6   0x0000000c   Code   RO         3620    i.nrf_uarte_errorsrc_get_and_clear  nrfx_uarte.o
    0x0002e8f2   0x0002e8f2   0x0000000e   Code   RO         3621    i.nrf_uarte_event_check  nrfx_uarte.o
    0x0002e900   0x0002e900   0x0000000e   Code   RO         3622    i.nrf_uarte_event_clear  nrfx_uarte.o
    0x0002e90e   0x0002e90e   0x0000000c   Code   RO         3623    i.nrf_uarte_hwfc_pins_set  nrfx_uarte.o
    0x0002e91a   0x0002e91a   0x00000006   Code   RO         3624    i.nrf_uarte_int_disable  nrfx_uarte.o
    0x0002e920   0x0002e920   0x00000006   Code   RO         3625    i.nrf_uarte_int_enable  nrfx_uarte.o
    0x0002e926   0x0002e926   0x0000000a   Code   RO         3626    i.nrf_uarte_rx_amount_get  nrfx_uarte.o
    0x0002e930   0x0002e930   0x0000000c   Code   RO         3627    i.nrf_uarte_shorts_disable  nrfx_uarte.o
    0x0002e93c   0x0002e93c   0x00000006   Code   RO         3628    i.nrf_uarte_task_trigger  nrfx_uarte.o
    0x0002e942   0x0002e942   0x0000000a   Code   RO         3629    i.nrf_uarte_tx_amount_get  nrfx_uarte.o
    0x0002e94c   0x0002e94c   0x0000000e   Code   RO         3630    i.nrf_uarte_txrx_pins_set  nrfx_uarte.o
    0x0002e95a   0x0002e95a   0x00000002   PAD
    0x0002e95c   0x0002e95c   0x00000014   Code   RO         2251    i.nrf_wdt_started   nrf_drv_clock.o
    0x0002e970   0x0002e970   0x00000014   Code   RO         2617    i.nrfx_clock_enable  nrfx_clock.o
    0x0002e984   0x0002e984   0x00000024   Code   RO         2620    i.nrfx_clock_init   nrfx_clock.o
    0x0002e9a8   0x0002e9a8   0x0000002c   Code   RO         2623    i.nrfx_clock_lfclk_stop  nrfx_clock.o
    0x0002e9d4   0x0002e9d4   0x00000018   Code   RO         4410    i.nrfx_coredep_delay_us  drv_rtc.o
    0x0002e9ec   0x0002e9ec   0x00000008   Code   RO         2625    i.nrfx_get_irq_number  nrfx_clock.o
    0x0002e9f4   0x0002e9f4   0x00000008   Code   RO         3215    i.nrfx_get_irq_number  nrfx_uart.o
    0x0002e9fc   0x0002e9fc   0x00000008   Code   RO         3452    i.nrfx_get_irq_number  nrfx_timer.o
    0x0002ea04   0x0002ea04   0x00000008   Code   RO         3631    i.nrfx_get_irq_number  nrfx_uarte.o
    0x0002ea0c   0x0002ea0c   0x00000014   Code   RO         3632    i.nrfx_is_in_ram    nrfx_uarte.o
    0x0002ea20   0x0002ea20   0x000000b0   Code   RO         2626    i.nrfx_power_clock_irq_init  nrfx_clock.o
    0x0002ead0   0x0002ead0   0x0000004e   Code   RO         3145    i.nrfx_prs_acquire  nrfx_prs.o
    0x0002eb1e   0x0002eb1e   0x00000016   Code   RO         3146    i.nrfx_prs_release  nrfx_prs.o
    0x0002eb34   0x0002eb34   0x00000048   Code   RO         3455    i.nrfx_timer_compare  nrfx_timer.o
    0x0002eb7c   0x0002eb7c   0x00000042   Code   RO         3460    i.nrfx_timer_extended_compare  nrfx_timer.o
    0x0002ebbe   0x0002ebbe   0x00000002   PAD
    0x0002ebc0   0x0002ebc0   0x000000fc   Code   RO         3462    i.nrfx_timer_init   nrfx_timer.o
    0x0002ecbc   0x0002ecbc   0x00000014   Code   RO         3216    i.nrfx_uart_0_irq_handler  nrfx_uart.o
    0x0002ecd0   0x0002ecd0   0x00000088   Code   RO         3218    i.nrfx_uart_init    nrfx_uart.o
    0x0002ed58   0x0002ed58   0x00000124   Code   RO         3219    i.nrfx_uart_rx      nrfx_uart.o
    0x0002ee7c   0x0002ee7c   0x0000008c   Code   RO         3224    i.nrfx_uart_tx      nrfx_uart.o
    0x0002ef08   0x0002ef08   0x00000024   Code   RO         3226    i.nrfx_uart_tx_in_progress  nrfx_uart.o
    0x0002ef2c   0x0002ef2c   0x00000044   Code   RO         3227    i.nrfx_uart_uninit  nrfx_uart.o
    0x0002ef70   0x0002ef70   0x00000014   Code   RO         3633    i.nrfx_uarte_0_irq_handler  nrfx_uarte.o
    0x0002ef84   0x0002ef84   0x00000080   Code   RO         3635    i.nrfx_uarte_init   nrfx_uarte.o
    0x0002f004   0x0002f004   0x00000138   Code   RO         3636    i.nrfx_uarte_rx     nrfx_uarte.o
    0x0002f13c   0x0002f13c   0x000000c0   Code   RO         3639    i.nrfx_uarte_tx     nrfx_uarte.o
    0x0002f1fc   0x0002f1fc   0x00000020   Code   RO         3641    i.nrfx_uarte_tx_in_progress  nrfx_uarte.o
    0x0002f21c   0x0002f21c   0x00000094   Code   RO         3642    i.nrfx_uarte_uninit  nrfx_uarte.o
    0x0002f2b0   0x0002f2b0   0x0000003c   Code   RO           36    i.nus_c_init        main.o
    0x0002f2ec   0x0002f2ec   0x00000010   Code   RO           37    i.nus_error_handler  main.o
    0x0002f2fc   0x0002f2fc   0x000001b4   Code   RO         1468    i.on_characteristic_discovery_rsp  ble_db_discovery.o
    0x0002f4b0   0x0002f4b0   0x00000014   Code   RO         4070    i.on_compare1_evt   app_timer2.o
    0x0002f4c4   0x0002f4c4   0x00000020   Code   RO         4071    i.on_compare_evt    app_timer2.o
    0x0002f4e4   0x0002f4e4   0x0000013c   Code   RO         1697    i.on_connected_evt  nrf_ble_gatt.o
    0x0002f620   0x0002f620   0x00000150   Code   RO         1698    i.on_data_length_update_evt  nrf_ble_gatt.o
    0x0002f770   0x0002f770   0x00000090   Code   RO         1699    i.on_data_length_update_request_evt  nrf_ble_gatt.o
    0x0002f800   0x0002f800   0x00000148   Code   RO         1469    i.on_descriptor_discovery_rsp  ble_db_discovery.o
    0x0002f948   0x0002f948   0x0000001a   Code   RO         1470    i.on_disconnected   ble_db_discovery.o
    0x0002f962   0x0002f962   0x00000014   Code   RO         1700    i.on_disconnected_evt  nrf_ble_gatt.o
    0x0002f976   0x0002f976   0x00000002   PAD
    0x0002f978   0x0002f978   0x0000017c   Code   RO         1701    i.on_exchange_mtu_request_evt  nrf_ble_gatt.o
    0x0002faf4   0x0002faf4   0x000000c0   Code   RO         1702    i.on_exchange_mtu_rsp_evt  nrf_ble_gatt.o
    0x0002fbb4   0x0002fbb4   0x0000006c   Code   RO         2063    i.on_hvx            ble_nus_c.o
    0x0002fc20   0x0002fc20   0x0000006c   Code   RO         2149    i.on_hvx            ble_dfu_c.o
    0x0002fc8c   0x0002fc8c   0x00000024   Code   RO         5445    i.on_operation_failure  nrf_fstorage_sd.o
    0x0002fcb0   0x0002fcb0   0x00000060   Code   RO         5446    i.on_operation_success  nrf_fstorage_sd.o
    0x0002fd10   0x0002fd10   0x0000001c   Code   RO         4072    i.on_overflow_evt   app_timer2.o
    0x0002fd2c   0x0002fd2c   0x00000144   Code   RO         1471    i.on_primary_srv_discovery_rsp  ble_db_discovery.o
    0x0002fe70   0x0002fe70   0x000000d8   Code   RO         1472    i.on_srv_disc_completion  ble_db_discovery.o
    0x0002ff48   0x0002ff48   0x00000030   Code   RO         1473    i.pending_user_evts_send  ble_db_discovery.o
    0x0002ff78   0x0002ff78   0x00000078   Code   RO         3228    i.pins_to_default   nrfx_uart.o
    0x0002fff0   0x0002fff0   0x0000007e   Code   RO         3643    i.pins_to_default   nrfx_uarte.o
    0x0003006e   0x0003006e   0x00000002   PAD
    0x00030070   0x00030070   0x000000c0   Code   RO         2830    i.port_event_handle  nrfx_gpiote.o
    0x00030130   0x00030130   0x00000010   Code   RO         2831    i.port_handler_pin_get  nrfx_gpiote.o
    0x00030140   0x00030140   0x00000010   Code   RO         2832    i.port_handler_polarity_get  nrfx_gpiote.o
    0x00030150   0x00030150   0x00000048   Code   RO         6021    i.postfix_process   nrf_log_str_formatter.o
    0x00030198   0x00030198   0x000000a4   Code   RO         6022    i.prefix_process    nrf_log_str_formatter.o
    0x0003023c   0x0003023c   0x00000018   Code   RO         3147    i.prs_box_get       nrfx_prs.o
    0x00030254   0x00030254   0x00000018   Code   RO         5447    i.queue_free        nrf_fstorage_sd.o
    0x0003026c   0x0003026c   0x0000002c   Code   RO         5448    i.queue_load_next   nrf_fstorage_sd.o
    0x00030298   0x00030298   0x000002e4   Code   RO         1818    i.queue_process     nrf_ble_gq.o
    0x0003057c   0x0003057c   0x00000090   Code   RO         5449    i.queue_process     nrf_fstorage_sd.o
    0x0003060c   0x0003060c   0x0000001c   Code   RO         5450    i.queue_start       nrf_fstorage_sd.o
    0x00030628   0x00030628   0x0000001e   Code   RO         5083    i.queue_utilization_get  nrf_queue.o
    0x00030646   0x00030646   0x00000002   PAD
    0x00030648   0x00030648   0x000000ec   Code   RO         1819    i.queues_purge      nrf_ble_gq.o
    0x00030734   0x00030734   0x0000001c   Code   RO         5451    i.read              nrf_fstorage_sd.o
    0x00030750   0x00030750   0x00000040   Code   RO         1474    i.registered_handler_get  ble_db_discovery.o
    0x00030790   0x00030790   0x00000044   Code   RO         1475    i.registered_handler_set  ble_db_discovery.o
    0x000307d4   0x000307d4   0x00000098   Code   RO         1820    i.request_err_code_handle  nrf_ble_gq.o
    0x0003086c   0x0003086c   0x00000220   Code   RO         1821    i.request_process   nrf_ble_gq.o
    0x00030a8c   0x00030a8c   0x00000006   Code   RO         5452    i.rmap              nrf_fstorage_sd.o
    0x00030a92   0x00030a92   0x00000016   Code   RO          888    i.round_up_u32      memory_storage.o
    0x00030aa8   0x00030aa8   0x0000003e   Code   RO         4073    i.rtc_irq           app_timer2.o
    0x00030ae6   0x00030ae6   0x00000002   PAD
    0x00030ae8   0x00030ae8   0x00000084   Code   RO         4074    i.rtc_schedule      app_timer2.o
    0x00030b6c   0x00030b6c   0x000000ac   Code   RO         4075    i.rtc_update        app_timer2.o
    0x00030c18   0x00030c18   0x0000003e   Code   RO         3229    i.rx_byte           nrfx_uart.o
    0x00030c56   0x00030c56   0x0000001c   Code   RO         3230    i.rx_done_event     nrfx_uart.o
    0x00030c72   0x00030c72   0x0000001c   Code   RO         3644    i.rx_done_event     nrfx_uarte.o
    0x00030c8e   0x00030c8e   0x00000022   Code   RO         3231    i.rx_enable         nrfx_uart.o
    0x00030cb0   0x00030cb0   0x00000168   Code   RO          579    i.rx_message        uart.o
    0x00030e18   0x00030e18   0x000000cc   Code   RO           38    i.scan_evt_handler  main.o
    0x00030ee4   0x00030ee4   0x000000e4   Code   RO           39    i.scan_init         main.o
    0x00030fc8   0x00030fc8   0x0000003c   Code   RO           40    i.scan_start        main.o
    0x00031004   0x00031004   0x0000007c   Code   RO         6345    i.sd_nvic_DisableIRQ  nrf_sdh.o
    0x00031080   0x00031080   0x000000a4   Code   RO         6346    i.sd_nvic_EnableIRQ  nrf_sdh.o
    0x00031124   0x00031124   0x00000068   Code   RO         4308    i.sd_nvic_critical_region_enter  app_util_platform.o
    0x0003118c   0x0003118c   0x00000090   Code   RO         2252    i.sd_state_evt_handler  nrf_drv_clock.o
    0x0003121c   0x0003121c   0x0000003c   Code   RO         6347    i.sdh_request_observer_notify  nrf_sdh.o
    0x00031258   0x00031258   0x00000034   Code   RO         6348    i.sdh_state_observer_notify  nrf_sdh.o
    0x0003128c   0x0003128c   0x00000078   Code   RO           41    i.second_f          main.o
    0x00031304   0x00031304   0x00000018   Code   RO           42    i.second_timer_handler  main.o
    0x0003131c   0x0003131c   0x00000058   Code   RO          580    i.send_error        uart.o
    0x00031374   0x00031374   0x00000044   Code   RO          581    i.send_message      uart.o
    0x000313b8   0x000313b8   0x00000064   Code   RO           43    i.send_process_firmware  main.o
    0x0003141c   0x0003141c   0x00000084   Code   RO         5671    i.serial_tx         nrf_log_backend_rtt.o
    0x000314a0   0x000314a0   0x00000020   Code   RO          582    i.set_error         uart.o
    0x000314c0   0x000314c0   0x0000001c   Code   RO         2253    i.soc_evt_handler   nrf_drv_clock.o
    0x000314dc   0x000314dc   0x0000001e   Code   RO         6349    i.softdevice_evt_irq_disable  nrf_sdh.o
    0x000314fa   0x000314fa   0x0000001e   Code   RO         6350    i.softdevices_evt_irq_enable  nrf_sdh.o
    0x00031518   0x00031518   0x00000018   Code   RO         4076    i.sorted_list_stop_all  app_timer2.o
    0x00031530   0x00031530   0x00000018   Code   RO         4077    i.sortlist_pop      app_timer2.o
    0x00031548   0x00031548   0x00000064   Code   RO         5837    i.std_header_set    nrf_log_frontend.o
    0x000315ac   0x000315ac   0x00000074   Code   RO         5838    i.std_n             nrf_log_frontend.o
    0x00031620   0x00031620   0x00000074   Code   RO         4947    i.string_print      nrf_fprintf_format.o
    0x00031694   0x00031694   0x0000000a   Code   RO         4411    i.ticks_sub         drv_rtc.o
    0x0003169e   0x0003169e   0x00000002   PAD
    0x000316a0   0x000316a0   0x000000b4   Code   RO         4078    i.timer_expire      app_timer2.o
    0x00031754   0x00031754   0x00000068   Code   RO           44    i.timer_init        main.o
    0x000317bc   0x000317bc   0x00000098   Code   RO         4079    i.timer_req_process  app_timer2.o
    0x00031854   0x00031854   0x00000040   Code   RO         4080    i.timer_req_schedule  app_timer2.o
    0x00031894   0x00031894   0x00000002   Code   RO         6023    i.timestamp_print   nrf_log_str_formatter.o
    0x00031896   0x00031896   0x00000036   Code   RO         3232    i.tx_blocking       nrfx_uart.o
    0x000318cc   0x000318cc   0x00000026   Code   RO         3233    i.tx_byte           nrfx_uart.o
    0x000318f2   0x000318f2   0x00000020   Code   RO         3234    i.tx_done_event     nrfx_uart.o
    0x00031912   0x00031912   0x00000020   Code   RO         3645    i.tx_done_event     nrfx_uarte.o
    0x00031932   0x00031932   0x00000002   PAD
    0x00031934   0x00031934   0x00000150   Code   RO          583    i.tx_message        uart.o
    0x00031a84   0x00031a84   0x00000058   Code   RO          584    i.uart_event_handle  uart.o
    0x00031adc   0x00031adc   0x000000e4   Code   RO         4227    i.uart_event_handler  app_uart_fifo.o
    0x00031bc0   0x00031bc0   0x00000038   Code   RO         2413    i.uart_evt_handler  nrf_drv_uart.o
    0x00031bf8   0x00031bf8   0x0000005c   Code   RO          585    i.uart_init         uart.o
    0x00031c54   0x00031c54   0x0000014e   Code   RO         3235    i.uart_irq_handler  nrfx_uart.o
    0x00031da2   0x00031da2   0x0000000c   Code   RO          586    i.uart_repair_timer_handler  uart.o
    0x00031dae   0x00031dae   0x0000000c   Code   RO          587    i.uart_repair_timer_restart  uart.o
    0x00031dba   0x00031dba   0x00000002   PAD
    0x00031dbc   0x00031dbc   0x00000018   Code   RO          588    i.uart_repair_timer_start  uart.o
    0x00031dd4   0x00031dd4   0x00000010   Code   RO          589    i.uart_repair_timer_stop  uart.o
    0x00031de4   0x00031de4   0x00000088   Code   RO           45    i.uart_rx_f         main.o
    0x00031e6c   0x00031e6c   0x00000018   Code   RO          590    i.uart_start        uart.o
    0x00031e84   0x00031e84   0x00000010   Code   RO          592    i.uart_tx_buff_clear  uart.o
    0x00031e94   0x00031e94   0x00000028   Code   RO          593    i.uart_tx_timer_handler  uart.o
    0x00031ebc   0x00031ebc   0x00000078   Code   RO          594    i.uart_tx_timer_init  uart.o
    0x00031f34   0x00031f34   0x0000000c   Code   RO          595    i.uart_waiting_timer_handler  uart.o
    0x00031f40   0x00031f40   0x0000000c   Code   RO          596    i.uart_waiting_timer_restart  uart.o
    0x00031f4c   0x00031f4c   0x00000018   Code   RO          597    i.uart_waiting_timer_start  uart.o
    0x00031f64   0x00031f64   0x00000010   Code   RO          598    i.uart_waiting_timer_stop  uart.o
    0x00031f74   0x00031f74   0x00000038   Code   RO         2414    i.uarte_evt_handler  nrf_drv_uart.o
    0x00031fac   0x00031fac   0x00000134   Code   RO         3646    i.uarte_irq_handler  nrfx_uarte.o
    0x000320e0   0x000320e0   0x00000024   Code   RO         5453    i.uninit            nrf_fstorage_sd.o
    0x00032104   0x00032104   0x000000b8   Code   RO         4948    i.unsigned_print    nrf_fprintf_format.o
    0x000321bc   0x000321bc   0x00000012   Code   RO          889    i.wait_for_flash_ready  memory_storage.o
    0x000321ce   0x000321ce   0x00000006   Code   RO         5454    i.wmap              nrf_fstorage_sd.o
    0x000321d4   0x000321d4   0x00000054   Code   RO         5455    i.write             nrf_fstorage_sd.o
    0x00032228   0x00032228   0x00000058   Code   RO         5456    i.write_execute     nrf_fstorage_sd.o
    0x00032280   0x00032280   0x00000056   Data   RO           47    .constdata          main.o
    0x000322d6   0x000322d6   0x00000002   PAD
    0x000322d8   0x000322d8   0x00000030   Data   RO          600    .constdata          uart.o
    0x00032308   0x00032308   0x00000001   Data   RO         1063    .constdata          boards.o
    0x00032309   0x00032309   0x00000003   PAD
    0x0003230c   0x0003230c   0x00000008   Data   RO         1161    .constdata          bsp.o
    0x00032314   0x00032314   0x0000007c   Data   RO         1477    .constdata          ble_db_discovery.o
    0x00032390   0x00032390   0x00000016   Data   RO         1703    .constdata          nrf_ble_gatt.o
    0x000323a6   0x000323a6   0x00000002   PAD
    0x000323a8   0x000323a8   0x00000018   Data   RO         1822    .constdata          nrf_ble_gq.o
    0x000323c0   0x000323c0   0x00000010   Data   RO         2064    .constdata          ble_nus_c.o
    0x000323d0   0x000323d0   0x00000010   Data   RO         2150    .constdata          ble_dfu_c.o
    0x000323e0   0x000323e0   0x0000003e   Data   RO         2834    .constdata          nrfx_gpiote.o
    0x0003241e   0x0003241e   0x00000002   PAD
    0x00032420   0x00032420   0x0000002e   Data   RO         3237    .constdata          nrfx_uart.o
    0x0003244e   0x0003244e   0x00000002   PAD
    0x00032450   0x00032450   0x00000030   Data   RO         3648    .constdata          nrfx_uarte.o
    0x00032480   0x00032480   0x00000014   Data   RO         4082    .constdata          app_timer2.o
    0x00032494   0x00032494   0x00000020   Data   RO         4229    .constdata          app_uart_fifo.o
    0x000324b4   0x000324b4   0x0000000c   PAD
    0x000324c0   0x000324c0   0x00000006   Data   RO         4412    .constdata          drv_rtc.o
    0x000324c6   0x000324c6   0x00000010   Data   RO         4949    .constdata          nrf_fprintf_format.o
    0x000324d6   0x000324d6   0x00000002   PAD
    0x000324d8   0x000324d8   0x0000013c   Data   RO         5345    .constdata          nrf_strerror.o
    0x00032614   0x00032614   0x00000030   Data   RO         5458    .constdata          nrf_fstorage_sd.o
    0x00032644   0x00032644   0x0000005e   Data   RO         5583    .constdata          nrf_fstorage.o
    0x000326a2   0x000326a2   0x0000000e   PAD
    0x000326b0   0x000326b0   0x00000016   Data   RO         5673    .constdata          nrf_log_backend_rtt.o
    0x000326c6   0x000326c6   0x00000002   PAD
    0x000326c8   0x000326c8   0x0000000c   Data   RO         5840    .constdata          nrf_log_frontend.o
    0x000326d4   0x000326d4   0x00000058   Data   RO         6351    .constdata          nrf_sdh.o
    0x0003272c   0x0003272c   0x00000030   Data   RO         6473    .constdata          nrf_sdh_ble.o
    0x0003275c   0x0003275c   0x0000001c   Data   RO         6527    .constdata          nrf_sdh_soc.o
    0x00032778   0x00032778   0x00000081   Data   RO         6663    .constdata          mc_w.l(ctype_o.o)
    0x000327f9   0x000327f9   0x00000003   PAD
    0x000327fc   0x000327fc   0x00000004   Data   RO         6664    .constdata          mc_w.l(ctype_o.o)
    0x00032800   0x00032800   0x00000041   Data   RO          892    .conststring        memory_storage.o
    0x00032841   0x00032841   0x00000003   PAD
    0x00032844   0x00032844   0x0000018c   Data   RO         1478    .conststring        ble_db_discovery.o
    0x000329d0   0x000329d0   0x0000013e   Data   RO         1704    .conststring        nrf_ble_gatt.o
    0x00032b0e   0x00032b0e   0x00000002   PAD
    0x00032b10   0x00032b10   0x0000011e   Data   RO         1823    .conststring        nrf_ble_gq.o
    0x00032c2e   0x00032c2e   0x00000002   PAD
    0x00032c30   0x00032c30   0x000003eb   Data   RO         5346    .conststring        nrf_strerror.o
    0x0003301b   0x0003301b   0x00000001   PAD
    0x0003301c   0x0003301c   0x0000004f   Data   RO         5584    .conststring        nrf_fstorage.o
    0x0003306b   0x0003306b   0x00000001   PAD
    0x0003306c   0x0003306c   0x00000066   Data   RO         6024    .conststring        nrf_log_str_formatter.o
    0x000330d2   0x000330d2   0x00000002   PAD
    0x000330d4   0x000330d4   0x0000000c   Data   RO         1479    .conststrlit        ble_db_discovery.o
    0x000330e0   0x000330e0   0x0000000d   Data   RO         1705    .conststrlit        nrf_ble_gatt.o
    0x000330ed   0x000330ed   0x00000003   PAD
    0x000330f0   0x000330f0   0x0000000b   Data   RO         1824    .conststrlit        nrf_ble_gq.o
    0x000330fb   0x000330fb   0x00000001   PAD
    0x000330fc   0x000330fc   0x00000009   Data   RO         1923    .conststrlit        nrf_ble_scan.o
    0x00033105   0x00033105   0x00000003   PAD
    0x00033108   0x00033108   0x0000000a   Data   RO         2065    .conststrlit        ble_nus_c.o
    0x00033112   0x00033112   0x00000002   PAD
    0x00033114   0x00033114   0x0000000a   Data   RO         2151    .conststrlit        ble_dfu_c.o
    0x0003311e   0x0003311e   0x00000002   PAD
    0x00033120   0x00033120   0x00000006   Data   RO         2256    .conststrlit        nrf_drv_clock.o
    0x00033126   0x00033126   0x00000002   PAD
    0x00033128   0x00033128   0x00000006   Data   RO         2628    .conststrlit        nrfx_clock.o
    0x0003312e   0x0003312e   0x00000002   PAD
    0x00033130   0x00033130   0x00000007   Data   RO         2835    .conststrlit        nrfx_gpiote.o
    0x00033137   0x00033137   0x00000001   PAD
    0x00033138   0x00033138   0x00000004   Data   RO         3149    .conststrlit        nrfx_prs.o
    0x0003313c   0x0003313c   0x00000005   Data   RO         3238    .conststrlit        nrfx_uart.o
    0x00033141   0x00033141   0x00000003   PAD
    0x00033144   0x00033144   0x00000006   Data   RO         3469    .conststrlit        nrfx_timer.o
    0x0003314a   0x0003314a   0x00000002   PAD
    0x0003314c   0x0003314c   0x00000006   Data   RO         3649    .conststrlit        nrfx_uarte.o
    0x00033152   0x00033152   0x00000002   PAD
    0x00033154   0x00033154   0x0000000a   Data   RO         4083    .conststrlit        app_timer2.o
    0x0003315e   0x0003315e   0x00000002   PAD
    0x00033160   0x00033160   0x00000009   Data   RO         5292    .conststrlit        nrf_sortlist.o
    0x00033169   0x00033169   0x00000003   PAD
    0x0003316c   0x0003316c   0x0000000d   Data   RO         5585    .conststrlit        nrf_fstorage.o
    0x00033179   0x00033179   0x00000003   PAD
    0x0003317c   0x0003317c   0x00000010   Data   RO         5773    .conststrlit        nrf_log_default_backends.o
    0x0003318c   0x0003318c   0x00000004   Data   RO         5841    .conststrlit        nrf_log_frontend.o
    0x00033190   0x00033190   0x00000008   Data   RO         6352    .conststrlit        nrf_sdh.o
    0x00033198   0x00033198   0x0000000c   Data   RO         6474    .conststrlit        nrf_sdh_ble.o
    0x000331a4   0x000331a4   0x0000000c   Data   RO         6528    .conststrlit        nrf_sdh_soc.o
    0x000331b0   0x000331b0   0x00000020   Data   RO         6722    Region$$Table       anon$$obj.o
    0x000331d0   0x000331d0   0x00000010   Data   RO         5775    log_backends        nrf_log_default_backends.o
    0x000331e0   0x000331e0   0x00000008   Data   RO         1481    log_const_data      ble_db_discovery.o
    0x000331e8   0x000331e8   0x00000008   Data   RO         1706    log_const_data      nrf_ble_gatt.o
    0x000331f0   0x000331f0   0x00000008   Data   RO         1825    log_const_data      nrf_ble_gq.o
    0x000331f8   0x000331f8   0x00000008   Data   RO         1924    log_const_data      nrf_ble_scan.o
    0x00033200   0x00033200   0x00000008   Data   RO         2066    log_const_data      ble_nus_c.o
    0x00033208   0x00033208   0x00000008   Data   RO         2152    log_const_data      ble_dfu_c.o
    0x00033210   0x00033210   0x00000008   Data   RO         2257    log_const_data      nrf_drv_clock.o
    0x00033218   0x00033218   0x00000008   Data   RO         2630    log_const_data      nrfx_clock.o
    0x00033220   0x00033220   0x00000008   Data   RO         2836    log_const_data      nrfx_gpiote.o
    0x00033228   0x00033228   0x00000008   Data   RO         3151    log_const_data      nrfx_prs.o
    0x00033230   0x00033230   0x00000008   Data   RO         3239    log_const_data      nrfx_uart.o
    0x00033238   0x00033238   0x00000008   Data   RO         3470    log_const_data      nrfx_timer.o
    0x00033240   0x00033240   0x00000008   Data   RO         3650    log_const_data      nrfx_uarte.o
    0x00033248   0x00033248   0x00000008   Data   RO         4085    log_const_data      app_timer2.o
    0x00033250   0x00033250   0x00000008   Data   RO         5293    log_const_data      nrf_sortlist.o
    0x00033258   0x00033258   0x00000008   Data   RO         5586    log_const_data      nrf_fstorage.o
    0x00033260   0x00033260   0x00000008   Data   RO         5843    log_const_data      nrf_log_frontend.o
    0x00033268   0x00033268   0x00000008   Data   RO         6354    log_const_data      nrf_sdh.o
    0x00033270   0x00033270   0x00000008   Data   RO         6476    log_const_data      nrf_sdh_ble.o
    0x00033278   0x00033278   0x00000008   Data   RO         6529    log_const_data      nrf_sdh_soc.o
    0x00033280   0x00033280   0x00000014   Data   RO           49    nrf_balloc          main.o
    0x00033294   0x00033294   0x00000014   Data   RO         5844    nrf_balloc          nrf_log_frontend.o
    0x000332a8   0x000332a8   0x00000014   Data   RO           50    nrf_queue           main.o
    0x000332bc   0x000332bc   0x00000020   Data   RO           51    sdh_ble_observers1  main.o
    0x000332dc   0x000332dc   0x00000010   Data   RO           52    sdh_ble_observers2  main.o
    0x000332ec   0x000332ec   0x00000008   Data   RO           53    sdh_ble_observers3  main.o
    0x000332f4   0x000332f4   0x00000008   Data   RO         5460    sdh_req_observers0  nrf_fstorage_sd.o
    0x000332fc   0x000332fc   0x00000008   Data   RO         2258    sdh_soc_observers0  nrf_drv_clock.o
    0x00033304   0x00033304   0x00000008   Data   RO         5461    sdh_soc_observers0  nrf_fstorage_sd.o
    0x0003330c   0x0003330c   0x00000008   Data   RO         6477    sdh_stack_observers0  nrf_sdh_ble.o
    0x00033314   0x00033314   0x00000008   Data   RO         6530    sdh_stack_observers0  nrf_sdh_soc.o
    0x0003331c   0x0003331c   0x00000008   Data   RO         2259    sdh_state_observers0  nrf_drv_clock.o
    0x00033324   0x00033324   0x00000008   Data   RO         5462    sdh_state_observers0  nrf_fstorage_sd.o


    Execution Region RW_IRAM1 (Exec base: 0x20002a38, Load base: 0x0003332c, Size: 0x00003e30, Max: 0x0000d5c8, ABSOLUTE, COMPRESSED[0x00000090])

    Exec Addr    Load Addr    Size         Type   Attr      Idx    E Section Name        Object

    0x20002a38   COMPRESSED   0x00000684   Data   RW           48    .data               main.o
    0x200030bc   COMPRESSED   0x00000004   PAD
    0x200030c0   COMPRESSED   0x0000005a   Data   RW          601    .data               uart.o
    0x2000311a   COMPRESSED   0x00000002   PAD
    0x2000311c   COMPRESSED   0x00000008   Data   RW          893    .data               memory_storage.o
    0x20003124   COMPRESSED   0x00000004   PAD
    0x20003128   COMPRESSED   0x00000050   Data   RW         1162    .data               bsp.o
    0x20003178   COMPRESSED   0x0000000d   Data   RW         1480    .data               ble_db_discovery.o
    0x20003185   COMPRESSED   0x00000003   PAD
    0x20003188   COMPRESSED   0x00000009   Data   RW         2415    .data               nrf_drv_uart.o
    0x20003191   COMPRESSED   0x00000003   PAD
    0x20003194   COMPRESSED   0x00000008   Data   RW         2629    .data               nrfx_clock.o
    0x2000319c   COMPRESSED   0x00000008   Data   RW         3150    .data               nrfx_prs.o
    0x200031a4   COMPRESSED   0x00000004   PAD
    0x200031a8   COMPRESSED   0x00000024   Data   RW         4084    .data               app_timer2.o
    0x200031cc   COMPRESSED   0x0000001b   Data   RW         4230    .data               app_uart_fifo.o
    0x200031e7   COMPRESSED   0x00000001   PAD
    0x200031e8   COMPRESSED   0x0000000c   Data   RW         4413    .data               drv_rtc.o
    0x200031f4   COMPRESSED   0x00000008   Data   RW         5459    .data               nrf_fstorage_sd.o
    0x200031fc   COMPRESSED   0x00000001   Data   RW         5674    .data               nrf_log_backend_rtt.o
    0x200031fd   COMPRESSED   0x00000003   PAD
    0x20003200   COMPRESSED   0x00000008   Data   RW         5774    .data               nrf_log_default_backends.o
    0x20003208   COMPRESSED   0x00000014   Data   RW         5842    .data               nrf_log_frontend.o
    0x2000321c   COMPRESSED   0x00000040   Data   RW         6025    .data               nrf_log_str_formatter.o
    0x2000325c   COMPRESSED   0x00000003   Data   RW         6353    .data               nrf_sdh.o
    0x2000325f   COMPRESSED   0x00000001   Data   RW         6475    .data               nrf_sdh_ble.o
    0x20003260   COMPRESSED   0x00000004   Data   RW         6580    .data               system_nrf52.o
    0x20003264   COMPRESSED   0x00000014   Data   RW          894    fs_data             memory_storage.o
    0x20003278        -       0x00000638   Zero   RW           46    .bss                main.o
    0x200038b0        -       0x00000300   Zero   RW          599    .bss                uart.o
    0x20003bb0        -       0x00000200   Zero   RW          890    .bss                memory_storage.o
    0x20003db0        -       0x00000018   Zero   RW         1476    .bss                ble_db_discovery.o
    0x20003dc8        -       0x00000014   Zero   RW         2254    .bss                nrf_drv_clock.o
    0x20003ddc        -       0x0000005c   Zero   RW         2833    .bss                nrfx_gpiote.o
    0x20003e38        -       0x0000002c   Zero   RW         3236    .bss                nrfx_uart.o
    0x20003e64        -       0x0000000c   Zero   RW         3467    .bss                nrfx_timer.o
    0x20003e70        -       0x00000024   Zero   RW         3647    .bss                nrfx_uarte.o
    0x20003e94        -       0x000000b8   Zero   RW         4081    .bss                app_timer2.o
    0x20003f4c        -       0x00000020   Zero   RW         4228    .bss                app_uart_fifo.o
    0x20003f6c        -       0x0000000c   Zero   RW         4309    .bss                app_util_platform.o
    0x20003f78        -       0x000000b0   Zero   RW         5457    .bss                nrf_fstorage_sd.o
    0x20004028        -       0x00000040   Zero   RW         5672    .bss                nrf_log_backend_rtt.o
    0x20004068        -       0x00000578   Zero   RW         5839    .bss                nrf_log_frontend.o
    0x200045e0        -       0x00000288   Zero   RW         6105    .bss                segger_rtt.o
    0x20004868        -       0x00002000   Zero   RW         6557    STACK               arm_startup_nrf52.o


==============================================================================

Image component sizes


      Code (inc. data)   RO Data    RW Data    ZI Data      Debug   Object Name

        28          0          0          0          0       2481   app_error.o
       188         44          0          0          0       4078   app_error_weak.o
       180          0          0          0          0       6623   app_fifo.o
      1320        118         38         36        184      19073   app_timer2.o
       890        128         32         27         32      17924   app_uart_fifo.o
       200         24          0          0         12      11366   app_util_platform.o
        36          8        512          0       8192        908   arm_startup_nrf52.o
       378          0          0          0          0      94247   ble_advdata.o
      2860        302        540         13         24      37067   ble_db_discovery.o
      1248        256         34          0          0      13591   ble_dfu_c.o
       980        170         34          0          0      13580   ble_nus_c.o
       330         20          1          0          0      11922   boards.o
      1096         82          8         80          0       5936   bsp.o
        76          6          0          0          0       1444   crc32.o
       996         98          6         12          0      52638   drv_rtc.o
      9518       1694        182       1668       1592     230163   main.o
       916        202         65         28        512      21511   memory_storage.o
       374          0          0          0          0       6652   nrf_atfifo.o
       400          0          0          0          0       9080   nrf_atomic.o
       218          0          0          0          0       3751   nrf_balloc.o
      2098        788        361          0          0      39822   nrf_ble_gatt.o
      2684        942        329          0          0      11583   nrf_ble_gq.o
      1728        208         17          0          0      20099   nrf_ble_scan.o
       440         52         30          0         20      46028   nrf_drv_clock.o
       252         42          0          9          0      17636   nrf_drv_uart.o
        70          0          0          0          0       3517   nrf_fprintf.o
      1030          6         16          0          0       7110   nrf_fprintf_format.o
      1728        594        194          0          0      10763   nrf_fstorage.o
      1118        118         72          8        176      18879   nrf_fstorage_sd.o
       176         16         22          1         64       6901   nrf_log_backend_rtt.o
       242          0          0          0          0      10925   nrf_log_backend_serial.o
        40          6         32          8          0       3289   nrf_log_default_backends.o
      2416        158         44         20       1400      34718   nrf_log_frontend.o
       626        112        102         64          0       5920   nrf_log_str_formatter.o
       514          0          0          0          0       9575   nrf_memobj.o
       460          0          0          0          0       5965   nrf_queue.o
        28          0          0          0          0       2307   nrf_ringbuf.o
       862         86        104          3          0      46610   nrf_sdh.o
       364         18         76          1          0       5659   nrf_sdh_ble.o
        84          4         56          0          0       2548   nrf_sdh_soc.o
       112          0          0          0          0       2768   nrf_section_iter.o
       110          0         17          0          0       3953   nrf_sortlist.o
        92         10       1319          0          0       2699   nrf_strerror.o
       424         32         14          8          0      48880   nrfx_clock.o
       664         44         77          0         92      59978   nrfx_gpiote.o
       140         14         12          8          0       4472   nrfx_prs.o
       576         24         14          0         12      17519   nrfx_timer.o
      1994         60         59          0         44      38364   nrfx_uart.o
      1998         60         62          0         36      33999   nrfx_uarte.o
       470         44          0          0        648       8361   segger_rtt.o
      1372        142          0          4          0       8295   system_nrf52.o
      1576        238         48         90        768      48600   uart.o

    ----------------------------------------------------------------------
     48778       6970       4644       2112      13808    1151777   Object Totals
         0          0         32          0          0          0   (incl. Generated)
        58          0         83         24          0          0   (incl. Padding)

    ----------------------------------------------------------------------

      Code (inc. data)   RO Data    RW Data    ZI Data      Debug   Library Member Name

        86          0          0          0          0          0   __dczerorl2.o
         8          4        133          0          0         68   ctype_o.o
         0          0          0          0          0          0   entry.o
         0          0          0          0          0          0   entry10a.o
         0          0          0          0          0          0   entry11a.o
         8          4          0          0          0          0   entry2.o
         4          0          0          0          0          0   entry5.o
         0          0          0          0          0          0   entry7b.o
         0          0          0          0          0          0   entry8b.o
         8          4          0          0          0          0   entry9a.o
        30          0          0          0          0          0   handlers.o
        36          8          0          0          0         68   init.o
        30          0          0          0          0         68   llshl.o
        32          0          0          0          0         68   llushr.o
        26          0          0          0          0         80   memcmp.o
        36          0          0          0          0         68   memcpya.o
        36          0          0          0          0        108   memseta.o
        28          0          0          0          0         76   strcmp.o
        18          0          0          0          0         68   strcpy.o
        14          0          0          0          0         68   strlen.o
        98          0          0          0          0         92   uldiv.o

    ----------------------------------------------------------------------
       502         20        136          0          0        832   Library Totals
         4          0          3          0          0          0   (incl. Padding)

    ----------------------------------------------------------------------

      Code (inc. data)   RO Data    RW Data    ZI Data      Debug   Library Name

       498         20        133          0          0        832   mc_w.l

    ----------------------------------------------------------------------
       502         20        136          0          0        832   Library Totals

    ----------------------------------------------------------------------

==============================================================================


      Code (inc. data)   RO Data    RW Data    ZI Data      Debug   

     49280       6990       4780       2112      13808    1101681   Grand Totals
     49280       6990       4780        144      13808    1101681   ELF Image Totals (compressed)
     49280       6990       4780        144          0          0   ROM Totals

==============================================================================

    Total RO  Size (Code + RO Data)                54060 (  52.79kB)
    Total RW  Size (RW Data + ZI Data)             15920 (  15.55kB)
    Total ROM Size (Code + RO Data + RW Data)      54204 (  52.93kB)

==============================================================================

